Archive member included to satisfy reference by file (symbol)

/usr/local/devkitpro/libogc/lib/wii/libfat.a(libfat.o)
                              main.o (fatUnmount)
/usr/local/devkitpro/libogc/lib/wii/libfat.a(directory.o)
                              /usr/local/devkitpro/libogc/lib/wii/libfat.a(libfat.o) (_FAT_directory_getVolumeLabel)
/usr/local/devkitpro/libogc/lib/wii/libfat.a(filetime.o)
                              /usr/local/devkitpro/libogc/lib/wii/libfat.a(directory.o) (_FAT_filetime_to_time_t)
/usr/local/devkitpro/libogc/lib/wii/libfat.a(file_allocation_table.o)
                              /usr/local/devkitpro/libogc/lib/wii/libfat.a(directory.o) (_FAT_fat_nextCluster)
/usr/local/devkitpro/libogc/lib/wii/libfat.a(disc.o)
                              /usr/local/devkitpro/libogc/lib/wii/libfat.a(libfat.o) (_FAT_disc_interfaces)
/usr/local/devkitpro/libogc/lib/wii/libfat.a(fatfile.o)
                              /usr/local/devkitpro/libogc/lib/wii/libfat.a(libfat.o) (_FAT_open_r)
/usr/local/devkitpro/libogc/lib/wii/libfat.a(cache.o)
                              /usr/local/devkitpro/libogc/lib/wii/libfat.a(fatfile.o) (_FAT_cache_readSectors)
/usr/local/devkitpro/libogc/lib/wii/libfat.a(fatdir.o)
                              /usr/local/devkitpro/libogc/lib/wii/libfat.a(libfat.o) (_FAT_stat_r)
/usr/local/devkitpro/libogc/lib/wii/libfat.a(partition.o)
                              /usr/local/devkitpro/libogc/lib/wii/libfat.a(fatfile.o) (_FAT_partition_getPartitionFromPath)
/usr/local/devkitpro/libogc/lib/wii/libwiiuse.a(wpad.o)
                              main.o (WPAD_Init)
/usr/local/devkitpro/libogc/lib/wii/libwiiuse.a(motion_plus.o)
                              /usr/local/devkitpro/libogc/lib/wii/libwiiuse.a(wpad.o) (wiiuse_set_motion_plus)
/usr/local/devkitpro/libogc/lib/wii/libwiiuse.a(dynamics.o)
                              /usr/local/devkitpro/libogc/lib/wii/libwiiuse.a(wpad.o) (calculate_gforce)
/usr/local/devkitpro/libogc/lib/wii/libwiiuse.a(io.o)
                              /usr/local/devkitpro/libogc/lib/wii/libwiiuse.a(motion_plus.o) (wiiuse_disable_expansion)
/usr/local/devkitpro/libogc/lib/wii/libwiiuse.a(io_wii.o)
                              /usr/local/devkitpro/libogc/lib/wii/libwiiuse.a(wpad.o) (__wiiuse_sensorbar_enable)
/usr/local/devkitpro/libogc/lib/wii/libwiiuse.a(ir.o)
                              /usr/local/devkitpro/libogc/lib/wii/libwiiuse.a(motion_plus.o) (wiiuse_set_ir_mode)
/usr/local/devkitpro/libogc/lib/wii/libwiiuse.a(nunchuk.o)
                              /usr/local/devkitpro/libogc/lib/wii/libwiiuse.a(io.o) (nunchuk_handshake)
/usr/local/devkitpro/libogc/lib/wii/libwiiuse.a(wiiboard.o)
                              /usr/local/devkitpro/libogc/lib/wii/libwiiuse.a(io.o) (wii_board_handshake)
/usr/local/devkitpro/libogc/lib/wii/libwiiuse.a(wiiuse.o)
                              /usr/local/devkitpro/libogc/lib/wii/libwiiuse.a(wpad.o) (wiiuse_init)
/usr/local/devkitpro/libogc/lib/wii/libwiiuse.a(speaker.o)
                              /usr/local/devkitpro/libogc/lib/wii/libwiiuse.a(wpad.o) (wencdata)
/usr/local/devkitpro/libogc/lib/wii/libwiiuse.a(classic.o)
                              /usr/local/devkitpro/libogc/lib/wii/libwiiuse.a(io.o) (classic_ctrl_handshake)
/usr/local/devkitpro/libogc/lib/wii/libwiiuse.a(events.o)
                              /usr/local/devkitpro/libogc/lib/wii/libwiiuse.a(io_wii.o) (parse_event)
/usr/local/devkitpro/libogc/lib/wii/libwiiuse.a(guitar_hero_3.o)
                              /usr/local/devkitpro/libogc/lib/wii/libwiiuse.a(io.o) (guitar_hero_3_handshake)
/usr/local/devkitpro/libogc/lib/wii/libbte.a(bte.o)
                              /usr/local/devkitpro/libogc/lib/wii/libwiiuse.a(wpad.o) (BTE_Init)
/usr/local/devkitpro/libogc/lib/wii/libbte.a(hci.o)
                              /usr/local/devkitpro/libogc/lib/wii/libbte.a(bte.o) (hci_init)
/usr/local/devkitpro/libogc/lib/wii/libbte.a(l2cap.o)
                              /usr/local/devkitpro/libogc/lib/wii/libbte.a(bte.o) (l2cap_init)
/usr/local/devkitpro/libogc/lib/wii/libbte.a(btmemb.o)
                              /usr/local/devkitpro/libogc/lib/wii/libbte.a(bte.o) (btmemb_init)
/usr/local/devkitpro/libogc/lib/wii/libbte.a(btmemr.o)
                              /usr/local/devkitpro/libogc/lib/wii/libbte.a(hci.o) (btmemr_init)
/usr/local/devkitpro/libogc/lib/wii/libbte.a(btpbuf.o)
                              /usr/local/devkitpro/libogc/lib/wii/libbte.a(hci.o) (btpbuf_init)
/usr/local/devkitpro/libogc/lib/wii/libbte.a(physbusif.o)
                              /usr/local/devkitpro/libogc/lib/wii/libbte.a(bte.o) (physbusif_init)
/usr/local/devkitpro/libogc/lib/wii/libogc.a(console.o)
                              main.o (CON_Init)
/usr/local/devkitpro/libogc/lib/wii/libogc.a(lwp_queue.o)
                              /usr/local/devkitpro/libogc/lib/wii/libwiiuse.a(io_wii.o) (__lwp_queue_initialize)
[...]
Memory Configuration

Name             Origin             Length             Attributes
*default*        0x00000000         0xffffffff

Linker script and memory map

                0x00003400                . = 0x3400

.stub
 *(.stub)
                0x80004000                . = 0x80004000

.init           0x80004000      0x194
 *crt0.o(*.init)
 .init          0x80004000      0x170 /usr/local/devkitpro/libogc/lib/wii/libogc.a(ogc_crt0.o)
                0x80004000                _start
                0x80004140                _memset
 *(.init)
 .init          0x80004170        0xc /usr/local/devkitpro/devkitPPC/lib/gcc/powerpc-eabi/8.1.0/ecrti.o
                0x80004170                __init
 .init          0x8000417c        0x4 /usr/local/devkitpro/devkitPPC/lib/gcc/powerpc-eabi/8.1.0/crtbegin.o
 .init          0x80004180        0x4 /usr/local/devkitpro/devkitPPC/lib/gcc/powerpc-eabi/8.1.0/crtend.o
 .init          0x80004184       0x10 /usr/local/devkitpro/devkitPPC/lib/gcc/powerpc-eabi/8.1.0/ecrtn.o

.rela.dyn       0x80004194        0x0
 .rela.iplt     0x80004194        0x0 /usr/local/devkitpro/libogc/lib/wii/libbte.a(l2cap.o)

.plt
 *(.plt)

.interp
 *(.interp)

.hash
 *(.hash)

.dynsym
 *(.dynsym)

.dynstr
 *(.dynstr)

.gnu.version
 *(.gnu.version)

.gnu.version_d
 *(.gnu.version_d)

.gnu.version_r
 *(.gnu.version_r)

.rel.init
 *(.rel.init)

.rela.init      0x80004194        0x0
 *(.rela.init)
 .rela.init     0x80004194        0x0 /usr/local/devkitpro/libogc/lib/wii/libbte.a(l2cap.o)

.rel.text
 *(.rel.text .rel.text.* .rel.gnu.linkonce.t.*)

.rela.text      0x80004194        0x0
 *(.rela.text .rela.text.* .rela.gnu.linkonce.t.*)
 .rela.text.deregister_tm_clones
                0x80004194        0x0 /usr/local/devkitpro/libogc/lib/wii/libbte.a(l2cap.o)
 .rela.text.register_tm_clones
                0x80004194        0x0 /usr/local/devkitpro/libogc/lib/wii/libbte.a(l2cap.o)
 .rela.text.wiiuse_handshake
                0x80004194        0x0 /usr/local/devkitpro/libogc/lib/wii/libbte.a(l2cap.o)
 .rela.text.wiiuse_handshake_expansion
                0x80004194        0x0 /usr/local/devkitpro/libogc/lib/wii/libbte.a(l2cap.o)
 .rela.text.wiiuse_init_cmd_queue
                0x80004194        0x0 /usr/local/devkitpro/libogc/lib/wii/libbte.a(l2cap.o)
 .rela.text.wiiuse_init
                0x80004194        0x0 /usr/local/devkitpro/libogc/lib/wii/libbte.a(l2cap.o)
 .rela.text.__lwp_thread_tickle_timeslice
                0x80004194        0x0 /usr/local/devkitpro/libogc/lib/wii/libbte.a(l2cap.o)
 .rela.text.__lwp_thread_setstate
                0x80004194        0x0 /usr/local/devkitpro/libogc/lib/wii/libbte.a(l2cap.o)
 .rela.text.__lwp_thread_changepriority
                0x80004194        0x0 /usr/local/devkitpro/libogc/lib/wii/libbte.a(l2cap.o)
 .rela.text.__lwp_thread_ready
                0x80004194        0x0 /usr/local/devkitpro/libogc/lib/wii/libbte.a(l2cap.o)
 .rela.text.__lwp_thread_init
                0x80004194        0x0 /usr/local/devkitpro/libogc/lib/wii/libbte.a(l2cap.o)
 .rela.text.__lwp_thread_close
                0x80004194        0x0 /usr/local/devkitpro/libogc/lib/wii/libbte.a(l2cap.o)
 .rela.text.__lwp_thread_closeall
                0x80004194        0x0 /usr/local/devkitpro/libogc/lib/wii/libbte.a(l2cap.o)
 .rela.text.__lwp_thread_startmultitasking
                0x80004194        0x0 /usr/local/devkitpro/libogc/lib/wii/libbte.a(l2cap.o)
 .rela.text.__lwp_thread_stopmultitasking
                0x80004194        0x0 /usr/local/devkitpro/libogc/lib/wii/libbte.a(l2cap.o)
 .rela.text.__lwp_thread_coreinit
                0x80004194        0x0 /usr/local/devkitpro/libogc/lib/wii/libbte.a(l2cap.o)
 .rela.text.__lwp_sysinit
                0x80004194        0x0 /usr/local/devkitpro/libogc/lib/wii/libbte.a(l2cap.o)
 .rela.text.LWP_InitQueue
                0x80004194        0x0 /usr/local/devkitpro/libogc/lib/wii/libbte.a(l2cap.o)
 .rela.text.LWP_CloseQueue
                0x80004194        0x0 /usr/local/devkitpro/libogc/lib/wii/libbte.a(l2cap.o)
 .rela.text.LWP_ThreadSleep
                0x80004194        0x0 /usr/local/devkitpro/libogc/lib/wii/libbte.a(l2cap.o)
 .rela.text.LWP_ThreadBroadcast
                0x80004194        0x0 /usr/local/devkitpro/libogc/lib/wii/libbte.a(l2cap.o)
 .rela.text.LWP_ThreadSignal
                0x80004194        0x0 /usr/local/devkitpro/libogc/lib/wii/libbte.a(l2cap.o)
 .rela.text.__lwp_stack_allocate
                0x80004194        0x0 /usr/local/devkitpro/libogc/lib/wii/libbte.a(l2cap.o)
 .rela.text.__lwp_stack_free
                0x80004194        0x0 /usr/local/devkitpro/libogc/lib/wii/libbte.a(l2cap.o)
 .rela.text.__lwp_watchdog_init
                0x80004194        0x0 /usr/local/devkitpro/libogc/lib/wii/libbte.a(l2cap.o)
 .rela.text.__lwp_wd_tickle
                0x80004194        0x0 /usr/local/devkitpro/libogc/lib/wii/libbte.a(l2cap.o)
 .rela.text.__lwp_wkspace_init
                0x80004194        0x0 /usr/local/devkitpro/libogc/lib/wii/libbte.a(l2cap.o)
 .rela.text.__lwp_objmgr_initinfo
                0x80004194        0x0 /usr/local/devkitpro/libogc/lib/wii/libbte.a(l2cap.o)
 .rela.text.__exception_init
                0x80004194        0x0 /usr/local/devkitpro/libogc/lib/wii/libbte.a(l2cap.o)
 .rela.text.__exception_close
                0x80004194        0x0 /usr/local/devkitpro/libogc/lib/wii/libbte.a(l2cap.o)
 .rela.text.__irq_init
                0x80004194        0x0 /usr/local/devkitpro/libogc/lib/wii/libbte.a(l2cap.o)
 .rela.text     0x80004194        0x0 /usr/local/devkitpro/libogc/lib/wii/libbte.a(l2cap.o)
 .rela.text.__lwp_mutex_locksupp.constprop.8
                0x80004194        0x0 /usr/local/devkitpro/libogc/lib/wii/libbte.a(l2cap.o)
 .rela.text.__lwp_mutex_init
                0x80004194        0x0 /usr/local/devkitpro/libogc/lib/wii/libbte.a(l2cap.o)
 .rela.text.LWP_MutexInit
                0x80004194        0x0 /usr/local/devkitpro/libogc/lib/wii/libbte.a(l2cap.o)
 .rela.text.LWP_MutexDestroy
                0x80004194        0x0 /usr/local/devkitpro/libogc/lib/wii/libbte.a(l2cap.o)
 .rela.text.LWP_MutexUnlock
                0x80004194        0x0 /usr/local/devkitpro/libogc/lib/wii/libbte.a(l2cap.o)
 .rela.text.__call_resetfuncs
                0x80004194        0x0 /usr/local/devkitpro/libogc/lib/wii/libbte.a(l2cap.o)
 .rela.text.__unlocksram
                0x80004194        0x0 /usr/local/devkitpro/libogc/lib/wii/libbte.a(l2cap.o)
 .rela.text.__sram_writecallback
                0x80004194        0x0 /usr/local/devkitpro/libogc/lib/wii/libbte.a(l2cap.o)
 .rela.text.__sys_alarmhandler
                0x80004194        0x0 /usr/local/devkitpro/libogc/lib/wii/libbte.a(l2cap.o)
 .rela.text.__sram_read.constprop.11
                0x80004194        0x0 /usr/local/devkitpro/libogc/lib/wii/libbte.a(l2cap.o)
 .rela.text.SYS_Init
                0x80004194        0x0 /usr/local/devkitpro/libogc/lib/wii/libbte.a(l2cap.o)
 .rela.text.SYS_SetAlarm
                0x80004194        0x0 /usr/local/devkitpro/libogc/lib/wii/libbte.a(l2cap.o)
 .rela.text.SYS_SetPeriodicAlarm
                0x80004194        0x0 /usr/local/devkitpro/libogc/lib/wii/libbte.a(l2cap.o)
 .rela.text.SYS_RemoveAlarm
                0x80004194        0x0 /usr/local/devkitpro/libogc/lib/wii/libbte.a(l2cap.o)
 .rela.text.SYS_CancelAlarm
                0x80004194        0x0 /usr/local/devkitpro/libogc/lib/wii/libbte.a(l2cap.o)
 .rela.text.SYS_SetWirelessID
                0x80004194        0x0 /usr/local/devkitpro/libogc/lib/wii/libbte.a(l2cap.o)
 .rela.text.SYS_GetWirelessID
                0x80004194        0x0 /usr/local/devkitpro/libogc/lib/wii/libbte.a(l2cap.o)
 .rela.text.__lwp_cond_init
                0x80004194        0x0 /usr/local/devkitpro/libogc/lib/wii/libbte.a(l2cap.o)
 .rela.text.__GX_InitRevBits
                0x80004194        0x0 /usr/local/devkitpro/libogc/lib/wii/libbte.a(l2cap.o)
 .rela.text.__GX_CleanGPFifo
                0x80004194        0x0 /usr/local/devkitpro/libogc/lib/wii/libbte.a(l2cap.o)
 .rela.text.__SetSURegs
                0x80004194        0x0 /usr/local/devkitpro/libogc/lib/wii/libbte.a(l2cap.o)
 .rela.text.__GX_Abort
                0x80004194        0x0 /usr/local/devkitpro/libogc/lib/wii/libbte.a(l2cap.o)
 .rela.text.__GX_SetDirtyState
                0x80004194        0x0 /usr/local/devkitpro/libogc/lib/wii/libbte.a(l2cap.o)
 .rela.text.GX_Flush
                0x80004194        0x0 /usr/local/devkitpro/libogc/lib/wii/libbte.a(l2cap.o)
 .rela.text.GX_AbortFrame
                0x80004194        0x0 /usr/local/devkitpro/libogc/lib/wii/libbte.a(l2cap.o)
 .rela.text.c_decrementer_handler
                0x80004194        0x0 /usr/local/devkitpro/libogc/lib/wii/libbte.a(l2cap.o)
 .rela.text.__lwp_mqbox_init
                0x80004194        0x0 /usr/local/devkitpro/libogc/lib/wii/libbte.a(l2cap.o)
 .rela.text.__ios_ioctlvformat_parse
                0x80004194        0x0 /usr/local/devkitpro/libogc/lib/wii/libbte.a(l2cap.o)
 .rela.text.__ioctlvfmtCB
                0x80004194        0x0 /usr/local/devkitpro/libogc/lib/wii/libbte.a(l2cap.o)
 .rela.text.IOS_IoctlvFormat
                0x80004194        0x0 /usr/local/devkitpro/libogc/lib/wii/libbte.a(l2cap.o)
 .rela.text.nanosleep
                0x80004194        0x0 /usr/local/devkitpro/libogc/lib/wii/libbte.a(l2cap.o)
 .rela.text.__libc_delete_hook
                0x80004194        0x0 /usr/local/devkitpro/libogc/lib/wii/libbte.a(l2cap.o)
 .rela.text.__libc_init
                0x80004194        0x0 /usr/local/devkitpro/libogc/lib/wii/libbte.a(l2cap.o)
 .rela.text.kprintf
                0x80004194        0x0 /usr/local/devkitpro/libogc/lib/wii/libbte.a(l2cap.o)
 .rela.text.__CheckARGV
                0x80004194        0x0 /usr/local/devkitpro/libogc/lib/wii/libbte.a(l2cap.o)
 .rela.text.__lwp_priority_init
                0x80004194        0x0 /usr/local/devkitpro/libogc/lib/wii/libbte.a(l2cap.o)
 .rela.text.__lwp_threadqueue_enqueuefifo
                0x80004194        0x0 /usr/local/devkitpro/libogc/lib/wii/libbte.a(l2cap.o)
 .rela.text.__lwp_threadqueue_dequeuefifo
                0x80004194        0x0 /usr/local/devkitpro/libogc/lib/wii/libbte.a(l2cap.o)
 .rela.text.__lwp_threadqueue_enqueuepriority
                0x80004194        0x0 /usr/local/devkitpro/libogc/lib/wii/libbte.a(l2cap.o)
 .rela.text.__lwp_threadqueue_dequeuepriority
                0x80004194        0x0 /usr/local/devkitpro/libogc/lib/wii/libbte.a(l2cap.o)
 .rela.text.__lwp_threadqueue_enqueue
                0x80004194        0x0 /usr/local/devkitpro/libogc/lib/wii/libbte.a(l2cap.o)
 .rela.text.__lwp_threadqueue_extractfifo
                0x80004194        0x0 /usr/local/devkitpro/libogc/lib/wii/libbte.a(l2cap.o)
 .rela.text.__lwp_threadqueue_extractpriority
                0x80004194        0x0 /usr/local/devkitpro/libogc/lib/wii/libbte.a(l2cap.o)
 .rela.text.__lwp_sema_init
                0x80004194        0x0 /usr/local/devkitpro/libogc/lib/wii/libbte.a(l2cap.o)
 .rela.text.__card_sd_status
                0x80004194        0x0 /usr/local/devkitpro/libogc/lib/wii/libbte.a(l2cap.o)
 .rela.text.__card_readcid
                0x80004194        0x0 /usr/local/devkitpro/libogc/lib/wii/libbte.a(l2cap.o)
 .rela.text.__card_readcsd
                0x80004194        0x0 /usr/local/devkitpro/libogc/lib/wii/libbte.a(l2cap.o)
 .rela.text.sdgecko_initIO
                0x80004194        0x0 /usr/local/devkitpro/libogc/lib/wii/libbte.a(l2cap.o)
 .rela.text.__gxx_personality_v0
                0x80004194        0x0 /usr/local/devkitpro/libogc/lib/wii/libbte.a(l2cap.o)
 .rela.text.__cxa_call_unexpected
                0x80004194        0x0 /usr/local/devkitpro/libogc/lib/wii/libbte.a(l2cap.o)
 .rela.text._ZSt19__throw_logic_errorPKc
                0x80004194        0x0 /usr/local/devkitpro/libogc/lib/wii/libbte.a(l2cap.o)
 .rela.text._ZSt20__throw_length_errorPKc
                0x80004194        0x0 /usr/local/devkitpro/libogc/lib/wii/libbte.a(l2cap.o)
 .rela.text._ZSt24__throw_out_of_range_fmtPKcz
                0x80004194        0x0 /usr/local/devkitpro/libogc/lib/wii/libbte.a(l2cap.o)
 .rela.text._ZNSt9bad_allocD2Ev
                0x80004194        0x0 /usr/local/devkitpro/libogc/lib/wii/libbte.a(l2cap.o)
 .rela.text._ZNSt9bad_allocD0Ev
                0x80004194        0x0 /usr/local/devkitpro/libogc/lib/wii/libbte.a(l2cap.o)
 .rela.text._ZN9__gnu_cxx24__concurrence_lock_errorD2Ev
                0x80004194        0x0 /usr/local/devkitpro/libogc/lib/wii/libbte.a(l2cap.o)
 .rela.text._ZN9__gnu_cxx26__concurrence_unlock_errorD2Ev
                0x80004194        0x0 /usr/local/devkitpro/libogc/lib/wii/libbte.a(l2cap.o)
 .rela.text._ZN9__gnu_cxx24__concurrence_lock_errorD0Ev
                0x80004194        0x0 /usr/local/devkitpro/libogc/lib/wii/libbte.a(l2cap.o)
 .rela.text._ZN9__gnu_cxx26__concurrence_unlock_errorD0Ev
                0x80004194        0x0 /usr/local/devkitpro/libogc/lib/wii/libbte.a(l2cap.o)
 .rela.text._ZN9__gnu_cxx30__throw_concurrence_lock_errorEv
                0x80004194        0x0 /usr/local/devkitpro/libogc/lib/wii/libbte.a(l2cap.o)
 .rela.text._ZN9__gnu_cxx32__throw_concurrence_unlock_errorEv
                0x80004194        0x0 /usr/local/devkitpro/libogc/lib/wii/libbte.a(l2cap.o)
 .rela.text._ZN10__cxxabiv120__si_class_type_infoD2Ev
                0x80004194        0x0 /usr/local/devkitpro/libogc/lib/wii/libbte.a(l2cap.o)
 .rela.text._ZN10__cxxabiv120__si_class_type_infoD0Ev
                0x80004194        0x0 /usr/local/devkitpro/libogc/lib/wii/libbte.a(l2cap.o)
 .rela.text._ZN10__cxxabiv117__class_type_infoD2Ev
                0x80004194        0x0 /usr/local/devkitpro/libogc/lib/wii/libbte.a(l2cap.o)
 .rela.text._ZN10__cxxabiv117__class_type_infoD0Ev
                0x80004194        0x0 /usr/local/devkitpro/libogc/lib/wii/libbte.a(l2cap.o)
 .rela.text._Znwj
                0x80004194        0x0 /usr/local/devkitpro/libogc/lib/wii/libbte.a(l2cap.o)
 .rela.text._ZNSt11logic_errorD2Ev
                0x80004194        0x0 /usr/local/devkitpro/libogc/lib/wii/libbte.a(l2cap.o)
 .rela.text._ZNSt12length_errorD2Ev
                0x80004194        0x0 /usr/local/devkitpro/libogc/lib/wii/libbte.a(l2cap.o)
 .rela.text._ZNSt12length_errorD0Ev
                0x80004194        0x0 /usr/local/devkitpro/libogc/lib/wii/libbte.a(l2cap.o)
 .rela.text._ZNSt12out_of_rangeD2Ev
                0x80004194        0x0 /usr/local/devkitpro/libogc/lib/wii/libbte.a(l2cap.o)
 .rela.text._ZNSt12out_of_rangeD0Ev
                0x80004194        0x0 /usr/local/devkitpro/libogc/lib/wii/libbte.a(l2cap.o)
 .rela.text._ZNSs12_S_constructIPcEES0_T_S1_RKSaIcESt20forward_iterator_tag.part.22
                0x80004194        0x0 /usr/local/devkitpro/libogc/lib/wii/libbte.a(l2cap.o)
 .rela.text._ZNSs12_S_constructIPKcEEPcT_S3_RKSaIcESt20forward_iterator_tag
                0x80004194        0x0 /usr/local/devkitpro/libogc/lib/wii/libbte.a(l2cap.o)
 .rela.text._ZNSt11logic_errorC2EPKc
                0x80004194        0x0 /usr/local/devkitpro/libogc/lib/wii/libbte.a(l2cap.o)
 .rela.text._ZNSt12length_errorC2EPKc
                0x80004194        0x0 /usr/local/devkitpro/libogc/lib/wii/libbte.a(l2cap.o)
 .rela.text._ZNSt12out_of_rangeC2EPKc
                0x80004194        0x0 /usr/local/devkitpro/libogc/lib/wii/libbte.a(l2cap.o)

.rel.fini
 *(.rel.fini)

.rela.fini
 *(.rela.fini)

.rel.rodata
 *(.rel.rodata .rel.rodata.* .rel.gnu.linkonce.r.*)

.rela.rodata    0x80004194        0x0
 *(.rela.rodata .rela.rodata.* .rela.gnu.linkonce.r.*)
 .rela.rodata._ZTISt13bad_exception
                0x80004194        0x0 /usr/local/devkitpro/libogc/lib/wii/libbte.a(l2cap.o)
 .rela.rodata._ZTVSt13bad_exception
                0x80004194        0x0 /usr/local/devkitpro/libogc/lib/wii/libbte.a(l2cap.o)
 .rela.rodata._ZTISt9bad_alloc
                0x80004194        0x0 /usr/local/devkitpro/libogc/lib/wii/libbte.a(l2cap.o)
 .rela.rodata._ZTVSt9bad_alloc
                0x80004194        0x0 /usr/local/devkitpro/libogc/lib/wii/libbte.a(l2cap.o)
 .rela.rodata._ZTIN9__gnu_cxx24__concurrence_lock_errorE
                0x80004194        0x0 /usr/local/devkitpro/libogc/lib/wii/libbte.a(l2cap.o)
 .rela.rodata._ZTIN9__gnu_cxx26__concurrence_unlock_errorE
                0x80004194        0x0 /usr/local/devkitpro/libogc/lib/wii/libbte.a(l2cap.o)
 .rela.rodata._ZTVN9__gnu_cxx24__concurrence_lock_errorE
                0x80004194        0x0 /usr/local/devkitpro/libogc/lib/wii/libbte.a(l2cap.o)
 .rela.rodata._ZTVN9__gnu_cxx26__concurrence_unlock_errorE
                0x80004194        0x0 /usr/local/devkitpro/libogc/lib/wii/libbte.a(l2cap.o)
 .rela.rodata._ZTIN10__cxxabiv120__si_class_type_infoE
                0x80004194        0x0 /usr/local/devkitpro/libogc/lib/wii/libbte.a(l2cap.o)
 .rela.rodata._ZTVN10__cxxabiv120__si_class_type_infoE
                0x80004194        0x0 /usr/local/devkitpro/libogc/lib/wii/libbte.a(l2cap.o)
 .rela.rodata._ZTIN10__cxxabiv117__class_type_infoE
                0x80004194        0x0 /usr/local/devkitpro/libogc/lib/wii/libbte.a(l2cap.o)
 .rela.rodata._ZTVN10__cxxabiv117__class_type_infoE
                0x80004194        0x0 /usr/local/devkitpro/libogc/lib/wii/libbte.a(l2cap.o)
 .rela.rodata._ZTISt11logic_error
                0x80004194        0x0 /usr/local/devkitpro/libogc/lib/wii/libbte.a(l2cap.o)
 .rela.rodata._ZTISt12length_error
                0x80004194        0x0 /usr/local/devkitpro/libogc/lib/wii/libbte.a(l2cap.o)
 .rela.rodata._ZTISt12out_of_range
                0x80004194        0x0 /usr/local/devkitpro/libogc/lib/wii/libbte.a(l2cap.o)
 .rela.rodata._ZTVSt11logic_error
                0x80004194        0x0 /usr/local/devkitpro/libogc/lib/wii/libbte.a(l2cap.o)
 .rela.rodata._ZTVSt12length_error
                0x80004194        0x0 /usr/local/devkitpro/libogc/lib/wii/libbte.a(l2cap.o)
 .rela.rodata._ZTVSt12out_of_range
                0x80004194        0x0 /usr/local/devkitpro/libogc/lib/wii/libbte.a(l2cap.o)

.rel.data
 *(.rel.data .rel.data.* .rel.gnu.linkonce.d.*)

.rela.data
 *(.rela.data .rela.data.* .rela.gnu.linkonce.d.*)

.rel.tdata
 *(.rel.tdata .rel.tdata.* .rel.gnu.linkonce.td.*)

.rela.tdata
 *(.rela.tdata .rela.tdata.* .rela.gnu.linkonce.td.*)

.rel.tbss
 *(.rel.tbss .rel.tbss.* .rel.gnu.linkonce.tb.*)

.rela.tbss
 *(.rela.tbss .rela.tbss.* .rela.gnu.linkonce.tb.*)

.rel.ctors
 *(.rel.ctors)

.rela.ctors
 *(.rela.ctors)

.rel.dtors
 *(.rel.dtors)

.rela.dtors
 *(.rela.dtors)

.rel.got
 *(.rel.got)

.rela.got
 *(.rela.got)

.rela.got1
 *(.rela.got1)

.rela.got2
 *(.rela.got2)

.rel.sdata
 *(.rel.sdata .rel.sdata.* .rel.gnu.linkonce.s.*)

.rela.sdata     0x80004194        0x0
 *(.rela.sdata .rela.sdata.* .rela.gnu.linkonce.s.*)
 .rela.sdata._ZTISt9exception
                0x80004194        0x0 /usr/local/devkitpro/libogc/lib/wii/libbte.a(l2cap.o)
 .rela.sdata._ZTIN10__cxxabiv115__forced_unwindE
                0x80004194        0x0 /usr/local/devkitpro/libogc/lib/wii/libbte.a(l2cap.o)
 .rela.sdata._ZTIN10__cxxabiv119__foreign_exceptionE
                0x80004194        0x0 /usr/local/devkitpro/libogc/lib/wii/libbte.a(l2cap.o)
 .rela.sdata._ZTISt9type_info
                0x80004194        0x0 /usr/local/devkitpro/libogc/lib/wii/libbte.a(l2cap.o)

.rel.sbss
 *(.rel.sbss .rel.sbss.* .rel.gnu.linkonce.sb.*)

.rela.sbss
 *(.rela.sbss .rela.sbss.* .rel.gnu.linkonce.sb.*)

.rel.sdata2
 *(.rel.sdata2 .rel.sdata2.* .rel.gnu.linkonce.s2.*)

.rela.sdata2    0x80004194        0x0
 *(.rela.sdata2 .rela.sdata2.* .rela.gnu.linkonce.s2.*)
 .rela.sdata2.__sys_inIPL
                0x80004194        0x0 /usr/local/devkitpro/libogc/lib/wii/libbte.a(l2cap.o)

.rel.sbss2
 *(.rel.sbss2 .rel.sbss2.* .rel.gnu.linkonce.sb2.*)

.rela.sbss2
 *(.rela.sbss2 .rela.sbss2.* .rela.gnu.linkonce.sb2.*)

.rel.bss
 *(.rel.bss .rel.bss.* .rel.gnu.linkonce.b.*)

.rela.bss
 *(.rela.bss .rela.bss.* .rela.gnu.linkonce.b.*)

.rel.plt
 *(.rel.plt)

.rela.plt
 *(.rela.plt)

.text           0x800041a0    0x551c0
 *(.text)
 .text          0x800041a0      0x44c /usr/local/devkitpro/libogc/lib/wii/libogc.a(lwp_handler.o)
                0x800041a0                _cpu_context_save_fp
                0x800042e0                _cpu_context_restore_fp
                0x80004420                _cpu_context_switch
                0x80004500                _cpu_context_save
                0x80004580                _cpu_context_restore
 .text          0x800045ec      0x1ac /usr/local/devkitpro/libogc/lib/wii/libogc.a(irq_handler.o)
                0x800045ec                irq_exceptionhandler
 .text          0x80004798      0x4f4 /usr/local/devkitpro/libogc/lib/wii/libogc.a(cache_asm.o)
                0x80004798                DCFlashInvalidate
                0x800047ac                DCEnable
                0x800047c0                DCDisable
                0x800047d4                DCFreeze
                0x800047e8                DCUnfreeze
                0x800047fc                DCTouchLoad
                0x80004804                DCBlockZero
                0x8000480c                DCBlockStore
                0x80004814                DCBlockFlush
                0x8000481c                DCBlockInvalidate
                0x80004824                DCInvalidateRange
                0x80004854                DCFlushRange
                0x80004888                DCStoreRange
                0x800048bc                DCFlushRangeNoSync
                0x800048ec                DCStoreRangeNoSync
                0x8000491c                DCZeroRange
                0x8000494c                DCTouchRange
                0x8000497c                ICInvalidateRange
                0x800049b4                ICFlashInvalidate
                0x800049c8                ICEnable
                0x800049dc                ICDisable
                0x800049f0                ICFreeze
                0x80004a04                ICUnfreeze
                0x80004a18                ICBlockInvalidate
                0x80004a20                ICSync
                0x80004a28                L2Init
                0x80004a70                L2Enable
                0x80004a8c                L2Disable
                0x80004aa4                L2GlobalInvalidate
                0x80004afc                __LCEnable
                0x80004bc8                LCDisable
                0x80004bf0                LCAllocOneTag
                0x80004c04                LCAllocTags
                0x80004c44                LCLoadBlocks
                0x80004c68                LCStoreBlocks
 .text          0x80004c8c      0x4a0 /usr/local/devkitpro/libogc/lib/wii/libogc.a(system_asm.o)
                0x80004c8c                __realmode
                0x80004ca4                __configBATS
                0x80004dd4                __InitFPRS
                0x80004f00                __InitPS
                0x80004f5c                __InitCache
                0x80004fb4                __InitSystem
                0x8000503c                __flush_cache
                0x80005070                __reset
                0x800050e0                __InitBATS
                0x800050fc                SYS_SwitchFiber
 .text          0x8000512c      0x1ac /usr/local/devkitpro/libogc/lib/wii/libogc.a(decrementer_handler.o)
                0x8000512c                dec_exceptionhandler
 .text          0x800052d8      0x35c /usr/local/devkitpro/libogc/lib/wii/libogc.a(exception_handler.o)
                0x800052d8                exceptionhandler_start
                0x80005354                exceptionhandler_patch
                0x80005388                exceptionhandler_end
                0x8000538c                default_exceptionhandler
                0x800054bc                fpu_exceptionhandler
                0x80005604                systemcallhandler_start
                0x80005630                systemcallhandler_end
 .text          0x80005634       0x48 /usr/local/devkitpro/devkitPPC/lib/gcc/powerpc-eabi/8.1.0/libgcc.a(eabi.o)
                0x80005634                __eabi
 .text          0x8000567c       0x58 /usr/local/devkitpro/devkitPPC/lib/gcc/powerpc-eabi/8.1.0/libgcc.a(crtresxgpr.o)
                0x8000567c                _restgpr_14_x
                0x80005680                _restgpr_15_x
                0x80005684                _restgpr_16_x
                0x80005688                _restgpr_17_x
                0x8000568c                _restgpr_18_x
                0x80005690                _restgpr_19_x
                0x80005694                _restgpr_20_x
                0x80005698                _restgpr_21_x
                0x8000569c                _restgpr_22_x
                0x800056a0                _restgpr_23_x
                0x800056a4                _restgpr_24_x
                0x800056a8                _restgpr_25_x
                0x800056ac                _restgpr_26_x
                0x800056b0                _restgpr_27_x
                0x800056b4                _restgpr_28_x
                0x800056b8                _restgpr_29_x
                0x800056bc                _restgpr_30_x
                0x800056c0                _restgpr_31_x
 *(.text.*)
 .text.deregister_tm_clones
                0x800056d4       0x30 /usr/local/devkitpro/devkitPPC/lib/gcc/powerpc-eabi/8.1.0/crtbegin.o
 .text.register_tm_clones
                0x80005704       0x3c /usr/local/devkitpro/devkitPPC/lib/gcc/powerpc-eabi/8.1.0/crtbegin.o
 .text.__do_global_dtors_aux
                0x80005740       0xd0 /usr/local/devkitpro/devkitPPC/lib/gcc/powerpc-eabi/8.1.0/crtbegin.o
 .text.frame_dummy
                0x80005810       0x44 /usr/local/devkitpro/devkitPPC/lib/gcc/powerpc-eabi/8.1.0/crtbegin.o
 .text.__crtmain
                0x80005854       0x44 /usr/local/devkitpro/devkitPPC/lib/gcc/powerpc-eabi/8.1.0/../../../../powerpc-eabi/lib/crtmain.o
                0x80005858                __crtmain
 .text._ZL12RVL_FindNodePKcP8DiscNodeb
                0x80005898      0x13c main.o
 .text._Z12RVL_FindNodePKc.part.8
                0x800059d4       0xb8 main.o
 .text._ZNSt7__cxx1112basic_stringIcSt11char_traitsIcESaIcEE12_M_constructIPcEEvT_S7_St20forward_iterator_tag.constprop.29
                0x80005a8c      0x11c main.o
 .text._Z12RVL_FindNodePKc
                0x80005ba8       0x20 main.o
                0x80005ba8                _Z12RVL_FindNodePKc
 .text._ZNSt7__cxx1112basic_stringIcSt11char_traitsIcESaIcEE12_M_constructIPKcEEvT_S8_St20forward_iterator_tag
                0x80005bc8      0x11c main.o
                0x80005bc8                _ZNSt7__cxx1112basic_stringIcSt11char_traitsIcESaIcEE12_M_constructIPKcEEvT_S8_St20forward_iterator_tag
 .text._ZNSt7__cxx1112basic_stringIcSt11char_traitsIcESaIcEEC2EPKcRKS3_.isra.23
                0x80005ce4       0x68 main.o
 .text._Z11PathCombineNSt7__cxx1112basic_stringIcSt11char_traitsIcESaIcEEES4_
                0x80005d4c      0x5fc main.o
                0x80005d4c                _Z11PathCombineNSt7__cxx1112basic_stringIcSt11char_traitsIcESaIcEEES4_
 .text._Z15DumpEarlyMemoryNSt7__cxx1112basic_stringIcSt11char_traitsIcESaIcEEE
                0x80006348      0x1bc main.o
                0x80006348                _Z15DumpEarlyMemoryNSt7__cxx1112basic_stringIcSt11char_traitsIcESaIcEEE
 .text._Z10DumpFolderP8DiscNodeNSt7__cxx1112basic_stringIcSt11char_traitsIcESaIcEEE
                0x80006504      0x408 main.o
                0x80006504                _Z10DumpFolderP8DiscNodeNSt7__cxx1112basic_stringIcSt11char_traitsIcESaIcEEE
 .text._Z10DumpFolderPKcNSt7__cxx1112basic_stringIcSt11char_traitsIcESaIcEEE
                0x8000690c       0xc4 main.o
                0x8000690c                _Z10DumpFolderPKcNSt7__cxx1112basic_stringIcSt11char_traitsIcESaIcEEE
 .text._Z13DumpRegionBinNSt7__cxx1112basic_stringIcSt11char_traitsIcESaIcEEE
                0x800069d0      0x2c4 main.o
                0x800069d0                _Z13DumpRegionBinNSt7__cxx1112basic_stringIcSt11char_traitsIcESaIcEEE
 .text._Z14DumpDiscHeaderNSt7__cxx1112basic_stringIcSt11char_traitsIcESaIcEEE
                0x80006c94      0x2c0 main.o
                0x80006c94                _Z14DumpDiscHeaderNSt7__cxx1112basic_stringIcSt11char_traitsIcESaIcEEE
 .text._Z13DumpApploaderNSt7__cxx1112basic_stringIcSt11char_traitsIcESaIcEEE
                0x80006f54      0x39c main.o
                0x80006f54                _Z13DumpApploaderNSt7__cxx1112basic_stringIcSt11char_traitsIcESaIcEEE
 .text._Z11DumpMainDolNSt7__cxx1112basic_stringIcSt11char_traitsIcESaIcEEE
                0x800072f0      0x3f8 main.o
                0x800072f0                _Z11DumpMainDolNSt7__cxx1112basic_stringIcSt11char_traitsIcESaIcEEE
 .text._Z16Launcher_ReadFSTNSt7__cxx1112basic_stringIcSt11char_traitsIcESaIcEEE
                0x800076e8      0x6fc main.o
                0x800076e8                _Z16Launcher_ReadFSTNSt7__cxx1112basic_stringIcSt11char_traitsIcESaIcEEE
 .text._Z18ReadPartitionTableNSt7__cxx1112basic_stringIcSt11char_traitsIcESaIcEEE
                0x80007de4      0x9fc main.o
                0x80007de4                _Z18ReadPartitionTableNSt7__cxx1112basic_stringIcSt11char_traitsIcESaIcEEE
 .text.startup.main
                0x800087e0      0xab4 main.o
                0x800087e0                main
 .text.WDVD_Init
                0x80009294       0x48 wdvd.o
                0x80009294                WDVD_Init
 .text.WDVD_Reset
                0x800092dc       0x74 wdvd.o
                0x800092dc                WDVD_Reset
 .text.WDVD_LowUnencryptedRead
                0x80009350       0x84 wdvd.o
                0x80009350                WDVD_LowUnencryptedRead
 .text.WDVD_LowRead
                0x800093d4       0xa8 wdvd.o
                0x800093d4                WDVD_LowRead
 .text.WDVD_LowClosePartition
                0x8000947c       0x64 wdvd.o
                0x8000947c                WDVD_LowClosePartition
 .text.WDVD_LowReadDiskId
                0x800094e0       0x98 wdvd.o
                0x800094e0                WDVD_LowReadDiskId
 .text.WDVD_LowOpenPartition
                0x80009578       0xfc wdvd.o
                0x80009578                WDVD_LowOpenPartition
 .text.WDVD_Close
                0x80009674       0x40 wdvd.o
                0x80009674                WDVD_Close
 .text.WDVD_VerifyCover
                0x800096b4       0xa0 wdvd.o
                0x800096b4                WDVD_VerifyCover
 .text.fatMount
                0x80009754      0x118 /usr/local/devkitpro/libogc/lib/wii/libfat.a(libfat.o)
                0x80009754                fatMount
 .text.fatUnmount
                0x8000986c       0x74 /usr/local/devkitpro/libogc/lib/wii/libfat.a(libfat.o)
                0x8000986c                fatUnmount
 .text.fatInit  0x800098e0      0x198 /usr/local/devkitpro/libogc/lib/wii/libfat.a(libfat.o)
                0x800098e0                fatInit
 .text.fatInitDefault
                0x80009a78        0xc /usr/local/devkitpro/libogc/lib/wii/libfat.a(libfat.o)
                0x80009a78                fatInitDefault
 .text.u8array_to_u16
                0x80009a84       0x18 /usr/local/devkitpro/libogc/lib/wii/libfat.a(directory.o)
 .text._FAT_directory_entryGetAlias
                0x80009a9c      0x144 /usr/local/devkitpro/libogc/lib/wii/libfat.a(directory.o)
 .text._FAT_directory_mbsncasecmp
                0x80009be0       0xec /usr/local/devkitpro/libogc/lib/wii/libfat.a(directory.o)
 .text._FAT_fat_clusterToSector
                0x80009ccc       0x28 /usr/local/devkitpro/libogc/lib/wii/libfat.a(directory.o)
 .text._FAT_directory_incrementDirEntryPosition
                0x80009cf4       0xf8 /usr/local/devkitpro/libogc/lib/wii/libfat.a(directory.o)
 .text._FAT_directory_ucs2tombs.constprop.6
                0x80009dec       0xd8 /usr/local/devkitpro/libogc/lib/wii/libfat.a(directory.o)
 .text._FAT_directory_entryGetCluster
                0x80009ec4       0x50 /usr/local/devkitpro/libogc/lib/wii/libfat.a(directory.o)
                0x80009ec4                _FAT_directory_entryGetCluster
 .text._FAT_directory_getNextEntry
                0x80009f14      0x2a0 /usr/local/devkitpro/libogc/lib/wii/libfat.a(directory.o)
                0x80009f14                _FAT_directory_getNextEntry
 .text._FAT_directory_getFirstEntry
                0x8000a1b4       0x24 /usr/local/devkitpro/libogc/lib/wii/libfat.a(directory.o)
                0x8000a1b4                _FAT_directory_getFirstEntry
 .text._FAT_directory_entryExists
                0x8000a1d8       0xc4 /usr/local/devkitpro/libogc/lib/wii/libfat.a(directory.o)
 .text._FAT_directory_getRootEntry
                0x8000a29c       0xa0 /usr/local/devkitpro/libogc/lib/wii/libfat.a(directory.o)
                0x8000a29c                _FAT_directory_getRootEntry
 .text._FAT_directory_entryFromPosition
                0x8000a33c      0x1c4 /usr/local/devkitpro/libogc/lib/wii/libfat.a(directory.o)
                0x8000a33c                _FAT_directory_entryFromPosition
 .text._FAT_directory_entryFromPath
                0x8000a500      0x294 /usr/local/devkitpro/libogc/lib/wii/libfat.a(directory.o)
                0x8000a500                _FAT_directory_entryFromPath
 .text._FAT_directory_removeEntry
                0x8000a794       0xf0 /usr/local/devkitpro/libogc/lib/wii/libfat.a(directory.o)
                0x8000a794                _FAT_directory_removeEntry
 .text._FAT_directory_addEntry
                0x8000a884      0x958 /usr/local/devkitpro/libogc/lib/wii/libfat.a(directory.o)
                0x8000a884                _FAT_directory_addEntry
 .text._FAT_directory_chdir
                0x8000b1dc       0x5c /usr/local/devkitpro/libogc/lib/wii/libfat.a(directory.o)
                0x8000b1dc                _FAT_directory_chdir
 .text._FAT_directory_entryStat
                0x8000b238      0x154 /usr/local/devkitpro/libogc/lib/wii/libfat.a(directory.o)
                0x8000b238                _FAT_directory_entryStat
 .text._FAT_filetime_getTimeFromRTC
                0x8000b38c       0x84 /usr/local/devkitpro/libogc/lib/wii/libfat.a(filetime.o)
                0x8000b38c                _FAT_filetime_getTimeFromRTC
 .text._FAT_filetime_getDateFromRTC
                0x8000b410       0x84 /usr/local/devkitpro/libogc/lib/wii/libfat.a(filetime.o)
                0x8000b410                _FAT_filetime_getDateFromRTC
 .text._FAT_filetime_to_time_t
                0x8000b494       0x64 /usr/local/devkitpro/libogc/lib/wii/libfat.a(filetime.o)
                0x8000b494                _FAT_filetime_to_time_t
 .text._FAT_fat_writeFatEntry
                0x8000b4f8      0x1b0 /usr/local/devkitpro/libogc/lib/wii/libfat.a(file_allocation_table.o)
 .text._FAT_fat_nextCluster
                0x8000b6a8      0x190 /usr/local/devkitpro/libogc/lib/wii/libfat.a(file_allocation_table.o)
                0x8000b6a8                _FAT_fat_nextCluster
 .text._FAT_fat_linkFreeCluster
                0x8000b838       0xe4 /usr/local/devkitpro/libogc/lib/wii/libfat.a(file_allocation_table.o)
                0x8000b838                _FAT_fat_linkFreeCluster
 .text._FAT_fat_linkFreeClusterCleared
                0x8000b91c       0xac /usr/local/devkitpro/libogc/lib/wii/libfat.a(file_allocation_table.o)
                0x8000b91c                _FAT_fat_linkFreeClusterCleared
 .text._FAT_fat_clearLinks
                0x8000b9c8       0xbc /usr/local/devkitpro/libogc/lib/wii/libfat.a(file_allocation_table.o)
                0x8000b9c8                _FAT_fat_clearLinks
 .text._FAT_fat_trimChain
                0x8000ba84       0xb4 /usr/local/devkitpro/libogc/lib/wii/libfat.a(file_allocation_table.o)
                0x8000ba84                _FAT_fat_trimChain
 .text._FAT_fat_lastCluster
                0x8000bb38       0x68 /usr/local/devkitpro/libogc/lib/wii/libfat.a(file_allocation_table.o)
                0x8000bb38                _FAT_fat_lastCluster
 .text._FAT_fat_freeClusterCount
                0x8000bba0       0x54 /usr/local/devkitpro/libogc/lib/wii/libfat.a(file_allocation_table.o)
                0x8000bba0                _FAT_fat_freeClusterCount
 .text.get_io_wiisd
                0x8000bbf4        0xc /usr/local/devkitpro/libogc/lib/wii/libfat.a(disc.o)
 .text.get_io_usbstorage
                0x8000bc00        0xc /usr/local/devkitpro/libogc/lib/wii/libfat.a(disc.o)
 .text.get_io_gcsda
                0x8000bc0c        0xc /usr/local/devkitpro/libogc/lib/wii/libfat.a(disc.o)
 .text.get_io_gcsdb
                0x8000bc18        0xc /usr/local/devkitpro/libogc/lib/wii/libfat.a(disc.o)
 .text._FAT_fat_clusterToSector
                0x8000bc24       0x28 /usr/local/devkitpro/libogc/lib/wii/libfat.a(fatfile.o)
 .text._FAT_check_position_for_next_cluster.isra.6
                0x8000bc4c       0xe8 /usr/local/devkitpro/libogc/lib/wii/libfat.a(fatfile.o)
 .text._FAT_file_extend_r
                0x8000bd34      0x28c /usr/local/devkitpro/libogc/lib/wii/libfat.a(fatfile.o)
 .text._FAT_open_r
                0x8000bfc0      0x3ac /usr/local/devkitpro/libogc/lib/wii/libfat.a(fatfile.o)
                0x8000bfc0                _FAT_open_r
 .text._FAT_syncToDisc
                0x8000c36c      0x12c /usr/local/devkitpro/libogc/lib/wii/libfat.a(fatfile.o)
                0x8000c36c                _FAT_syncToDisc
 .text._FAT_close_r
                0x8000c498       0xc4 /usr/local/devkitpro/libogc/lib/wii/libfat.a(fatfile.o)
                0x8000c498                _FAT_close_r
 .text._FAT_read_r
                0x8000c55c      0x3b4 /usr/local/devkitpro/libogc/lib/wii/libfat.a(fatfile.o)
                0x8000c55c                _FAT_read_r
 .text._FAT_write_r
                0x8000c910      0x53c /usr/local/devkitpro/libogc/lib/wii/libfat.a(fatfile.o)
                0x8000c910                _FAT_write_r
 .text._FAT_seek_r
                0x8000ce4c      0x1e0 /usr/local/devkitpro/libogc/lib/wii/libfat.a(fatfile.o)
                0x8000ce4c                _FAT_seek_r
 .text._FAT_fstat_r
                0x8000d02c       0xdc /usr/local/devkitpro/libogc/lib/wii/libfat.a(fatfile.o)
                0x8000d02c                _FAT_fstat_r
 .text._FAT_ftruncate_r
                0x8000d108      0x200 /usr/local/devkitpro/libogc/lib/wii/libfat.a(fatfile.o)
                0x8000d108                _FAT_ftruncate_r
 .text._FAT_fsync_r
                0x8000d308       0x70 /usr/local/devkitpro/libogc/lib/wii/libfat.a(fatfile.o)
                0x8000d308                _FAT_fsync_r
 .text._FAT_cache_getPage
                0x8000d378      0x158 /usr/local/devkitpro/libogc/lib/wii/libfat.a(cache.o)
 .text._FAT_cache_constructor
                0x8000d4d0       0xd8 /usr/local/devkitpro/libogc/lib/wii/libfat.a(cache.o)
                0x8000d4d0                _FAT_cache_constructor
 .text._FAT_cache_readSectors
                0x8000d5a8       0xa8 /usr/local/devkitpro/libogc/lib/wii/libfat.a(cache.o)
                0x8000d5a8                _FAT_cache_readSectors
 .text._FAT_cache_readPartialSector
                0x8000d650       0x88 /usr/local/devkitpro/libogc/lib/wii/libfat.a(cache.o)
                0x8000d650                _FAT_cache_readPartialSector
 .text._FAT_cache_readLittleEndianValue
                0x8000d6d8       0x74 /usr/local/devkitpro/libogc/lib/wii/libfat.a(cache.o)
                0x8000d6d8                _FAT_cache_readLittleEndianValue
 .text._FAT_cache_writePartialSector
                0x8000d74c       0x90 /usr/local/devkitpro/libogc/lib/wii/libfat.a(cache.o)
                0x8000d74c                _FAT_cache_writePartialSector
 .text._FAT_cache_writeLittleEndianValue
                0x8000d7dc       0x6c /usr/local/devkitpro/libogc/lib/wii/libfat.a(cache.o)
                0x8000d7dc                _FAT_cache_writeLittleEndianValue
 .text._FAT_cache_eraseWritePartialSector
                0x8000d848       0xa8 /usr/local/devkitpro/libogc/lib/wii/libfat.a(cache.o)
                0x8000d848                _FAT_cache_eraseWritePartialSector
 .text._FAT_cache_writeSectors
                0x8000d8f0       0xb0 /usr/local/devkitpro/libogc/lib/wii/libfat.a(cache.o)
                0x8000d8f0                _FAT_cache_writeSectors
 .text._FAT_cache_flush
                0x8000d9a0       0x88 /usr/local/devkitpro/libogc/lib/wii/libfat.a(cache.o)
                0x8000d9a0                _FAT_cache_flush
 .text._FAT_cache_destructor
                0x8000da28       0x64 /usr/local/devkitpro/libogc/lib/wii/libfat.a(cache.o)
                0x8000da28                _FAT_cache_destructor
 .text._FAT_stat_r
                0x8000da8c       0xc0 /usr/local/devkitpro/libogc/lib/wii/libfat.a(fatdir.o)
                0x8000da8c                _FAT_stat_r
 .text._FAT_link_r
                0x8000db4c       0x10 /usr/local/devkitpro/libogc/lib/wii/libfat.a(fatdir.o)
                0x8000db4c                _FAT_link_r
 .text._FAT_unlink_r
                0x8000db5c      0x1b0 /usr/local/devkitpro/libogc/lib/wii/libfat.a(fatdir.o)
                0x8000db5c                _FAT_unlink_r
 .text._FAT_chdir_r
                0x8000dd0c       0xa0 /usr/local/devkitpro/libogc/lib/wii/libfat.a(fatdir.o)
                0x8000dd0c                _FAT_chdir_r
 .text._FAT_rename_r
                0x8000ddac      0x240 /usr/local/devkitpro/libogc/lib/wii/libfat.a(fatdir.o)
                0x8000ddac                _FAT_rename_r
 .text._FAT_mkdir_r
                0x8000dfec      0x2d4 /usr/local/devkitpro/libogc/lib/wii/libfat.a(fatdir.o)
                0x8000dfec                _FAT_mkdir_r
 .text._FAT_statvfs_r
                0x8000e2c0       0xdc /usr/local/devkitpro/libogc/lib/wii/libfat.a(fatdir.o)
                0x8000e2c0                _FAT_statvfs_r
 .text._FAT_diropen_r
                0x8000e39c      0x104 /usr/local/devkitpro/libogc/lib/wii/libfat.a(fatdir.o)
                0x8000e39c                _FAT_diropen_r
 .text._FAT_dirreset_r
                0x8000e4a0       0x74 /usr/local/devkitpro/libogc/lib/wii/libfat.a(fatdir.o)
                0x8000e4a0                _FAT_dirreset_r
 .text._FAT_dirnext_r
                0x8000e514       0xc4 /usr/local/devkitpro/libogc/lib/wii/libfat.a(fatdir.o)
                0x8000e514                _FAT_dirnext_r
 .text._FAT_dirclose_r
                0x8000e5d8       0x40 /usr/local/devkitpro/libogc/lib/wii/libfat.a(fatdir.o)
                0x8000e5d8                _FAT_dirclose_r
 .text.u8array_to_u16
                0x8000e618       0x18 /usr/local/devkitpro/libogc/lib/wii/libfat.a(partition.o)
 .text.u8array_to_u32
                0x8000e630       0x30 /usr/local/devkitpro/libogc/lib/wii/libfat.a(partition.o)
 .text.u32_to_u8array
                0x8000e660       0x20 /usr/local/devkitpro/libogc/lib/wii/libfat.a(partition.o)
 .text.isValidMBR
                0x8000e680       0x7c /usr/local/devkitpro/libogc/lib/wii/libfat.a(partition.o)
 .text._FAT_updateFS_INFO
                0x8000e6fc       0x70 /usr/local/devkitpro/libogc/lib/wii/libfat.a(partition.o)
 .text.FindFirstValidPartition_buf
                0x8000e76c      0x16c /usr/local/devkitpro/libogc/lib/wii/libfat.a(partition.o)
                0x8000e76c                FindFirstValidPartition_buf
 .text._FAT_partition_getPartitionFromPath
                0x8000e8d8       0x34 /usr/local/devkitpro/libogc/lib/wii/libfat.a(partition.o)
                0x8000e8d8                _FAT_partition_getPartitionFromPath
 .text._FAT_partition_createFSinfo
                0x8000e90c       0x9c /usr/local/devkitpro/libogc/lib/wii/libfat.a(partition.o)
                0x8000e90c                _FAT_partition_createFSinfo
 .text._FAT_partition_readFSinfo
                0x8000e9a8      0x11c /usr/local/devkitpro/libogc/lib/wii/libfat.a(partition.o)
                0x8000e9a8                _FAT_partition_readFSinfo
 .text._FAT_partition_constructor_buf
                0x8000eac4      0x328 /usr/local/devkitpro/libogc/lib/wii/libfat.a(partition.o)
                0x8000eac4                _FAT_partition_constructor_buf
 .text._FAT_partition_constructor
                0x8000edec       0x6c /usr/local/devkitpro/libogc/lib/wii/libfat.a(partition.o)
                0x8000edec                _FAT_partition_constructor
 .text._FAT_partition_writeFSinfo
                0x8000ee58      0x100 /usr/local/devkitpro/libogc/lib/wii/libfat.a(partition.o)
                0x8000ee58                _FAT_partition_writeFSinfo
 .text._FAT_partition_destructor
                0x8000ef58       0x74 /usr/local/devkitpro/libogc/lib/wii/libfat.a(partition.o)
                0x8000ef58                _FAT_partition_destructor
 .text.__wpad_assign_slot
                0x8000efcc      0x210 /usr/local/devkitpro/libogc/lib/wii/libwiiuse.a(wpad.o)
                0x8000efcc                __wpad_assign_slot
 .text.__wpad_def_powcb
                0x8000f1dc        0x4 /usr/local/devkitpro/libogc/lib/wii/libwiiuse.a(wpad.o)
 .text.__wpad_disconnect
                0x8000f1e0       0x44 /usr/local/devkitpro/libogc/lib/wii/libwiiuse.a(wpad.o)
 .text.__readlinkkey_finished
                0x8000f224       0x34 /usr/local/devkitpro/libogc/lib/wii/libwiiuse.a(wpad.o)
 .text.__wpad_patch_finished
                0x8000f258       0x2c /usr/local/devkitpro/libogc/lib/wii/libwiiuse.a(wpad.o)
 .text.__wpad_setfmt
                0x8000f284      0x158 /usr/local/devkitpro/libogc/lib/wii/libwiiuse.a(wpad.o)
 .text.__wpad_eventCB
                0x8000f3dc      0xa04 /usr/local/devkitpro/libogc/lib/wii/libwiiuse.a(wpad.o)
 .text.__wpad_disconnectCB
                0x8000fde0       0xcc /usr/local/devkitpro/libogc/lib/wii/libwiiuse.a(wpad.o)
                0x8000fde0                __wpad_disconnectCB
 .text.__wpad_timeouthandler
                0x8000feac       0xb0 /usr/local/devkitpro/libogc/lib/wii/libwiiuse.a(wpad.o)
 .text.__initcore_finished
                0x8000ff5c       0x48 /usr/local/devkitpro/libogc/lib/wii/libwiiuse.a(wpad.o)
 .text.__wpad_init_finished
                0x8000ffa4      0x1ac /usr/local/devkitpro/libogc/lib/wii/libwiiuse.a(wpad.o)
 .text.WPAD_ReadEvent
                0x80010150      0x690 /usr/local/devkitpro/libogc/lib/wii/libwiiuse.a(wpad.o)
                0x80010150                WPAD_ReadEvent
 .text.WPAD_ReadPending
                0x800107e0      0x148 /usr/local/devkitpro/libogc/lib/wii/libwiiuse.a(wpad.o)
                0x800107e0                WPAD_ReadPending
 .text.WPAD_ReadPending.part.5
                0x80010928       0x68 /usr/local/devkitpro/libogc/lib/wii/libwiiuse.a(wpad.o)
 .text.WPAD_Shutdown
                0x80010990       0xc8 /usr/local/devkitpro/libogc/lib/wii/libwiiuse.a(wpad.o)
                0x80010990                WPAD_Shutdown
 .text.WPAD_Init
                0x80010a58      0x2c4 /usr/local/devkitpro/libogc/lib/wii/libwiiuse.a(wpad.o)
                0x80010a58                WPAD_Init
 .text.__wpad_onreset
                0x80010d1c       0x34 /usr/local/devkitpro/libogc/lib/wii/libwiiuse.a(wpad.o)
 .text.WPAD_ScanPads
                0x80010d50        0x8 /usr/local/devkitpro/libogc/lib/wii/libwiiuse.a(wpad.o)
                0x80010d50                WPAD_ScanPads
 .text.WPAD_ButtonsDown
                0x80010d58       0x28 /usr/local/devkitpro/libogc/lib/wii/libwiiuse.a(wpad.o)
                0x80010d58                WPAD_ButtonsDown
 .text.motion_plus_disconnected
                0x80010d80       0x10 /usr/local/devkitpro/libogc/lib/wii/libwiiuse.a(motion_plus.o)
                0x80010d80                motion_plus_disconnected
 .text.motion_plus_event
                0x80010d90       0x64 /usr/local/devkitpro/libogc/lib/wii/libwiiuse.a(motion_plus.o)
                0x80010d90                motion_plus_event
 .text.apply_smoothing.part.0
                0x80010df4       0xa0 /usr/local/devkitpro/libogc/lib/wii/libwiiuse.a(dynamics.o)
 .text.calculate_gforce
                0x80010e94      0x114 /usr/local/devkitpro/libogc/lib/wii/libwiiuse.a(dynamics.o)
                0x80010e94                calculate_gforce
 .text.calc_joystick_state
                0x80010fa8      0x20c /usr/local/devkitpro/libogc/lib/wii/libwiiuse.a(dynamics.o)
                0x80010fa8                calc_joystick_state
 .text.apply_smoothing
                0x800111b4       0xa4 /usr/local/devkitpro/libogc/lib/wii/libwiiuse.a(dynamics.o)
                0x800111b4                apply_smoothing
 .text.calculate_orientation
                0x80011258      0x31c /usr/local/devkitpro/libogc/lib/wii/libwiiuse.a(dynamics.o)
                0x80011258                calculate_orientation
 .text.calc_balanceboard_state
                0x80011574      0x394 /usr/local/devkitpro/libogc/lib/wii/libwiiuse.a(dynamics.o)
                0x80011574                calc_balanceboard_state
 .text.wiiuse_handshake
                0x80011908      0x278 /usr/local/devkitpro/libogc/lib/wii/libwiiuse.a(io.o)
                0x80011908                wiiuse_handshake
 .text.wiiuse_handshake_expansion
                0x80011b80      0x21c /usr/local/devkitpro/libogc/lib/wii/libwiiuse.a(io.o)
                0x80011b80                wiiuse_handshake_expansion
 .text.wiiuse_handshake_expansion_start
                0x80011d9c       0x24 /usr/local/devkitpro/libogc/lib/wii/libwiiuse.a(io.o)
                0x80011d9c                wiiuse_handshake_expansion_start
 .text.wiiuse_disable_expansion
                0x80011dc0      0x1b0 /usr/local/devkitpro/libogc/lib/wii/libwiiuse.a(io.o)
                0x80011dc0                wiiuse_disable_expansion
 .text.__wiiuse_connected
                0x80011f70       0x9c /usr/local/devkitpro/libogc/lib/wii/libwiiuse.a(io_wii.o)
 .text.__wiiuse_disconnected
                0x8001200c       0xb4 /usr/local/devkitpro/libogc/lib/wii/libwiiuse.a(io_wii.o)
 .text.__wiiuse_receive
                0x800120c0       0xd0 /usr/local/devkitpro/libogc/lib/wii/libwiiuse.a(io_wii.o)
 .text.__wiiuse_sensorbar_enable
                0x80012190       0x54 /usr/local/devkitpro/libogc/lib/wii/libwiiuse.a(io_wii.o)
                0x80012190                __wiiuse_sensorbar_enable
 .text.wiiuse_register
                0x800121e4       0xe4 /usr/local/devkitpro/libogc/lib/wii/libwiiuse.a(io_wii.o)
                0x800121e4                wiiuse_register
 .text.wiiuse_disconnect
                0x800122c8       0x24 /usr/local/devkitpro/libogc/lib/wii/libwiiuse.a(io_wii.o)
                0x800122c8                wiiuse_disconnect
 .text.wiiuse_init_cmd_queue
                0x800122ec       0x9c /usr/local/devkitpro/libogc/lib/wii/libwiiuse.a(io_wii.o)
                0x800122ec                wiiuse_init_cmd_queue
 .text.wiiuse_io_write
                0x80012388       0x1c /usr/local/devkitpro/libogc/lib/wii/libwiiuse.a(io_wii.o)
                0x80012388                wiiuse_io_write
 .text.get_ir_sens.isra.0
                0x800123a4       0xe4 /usr/local/devkitpro/libogc/lib/wii/libwiiuse.a(ir.o)
 .text.rotate_dots
                0x80012488      0x114 /usr/local/devkitpro/libogc/lib/wii/libwiiuse.a(ir.o)
 .text.wiiuse_set_ir_mode
                0x8001259c       0x88 /usr/local/devkitpro/libogc/lib/wii/libwiiuse.a(ir.o)
                0x8001259c                wiiuse_set_ir_mode
 .text.wiiuse_set_ir
                0x80012624      0x1f0 /usr/local/devkitpro/libogc/lib/wii/libwiiuse.a(ir.o)
                0x80012624                wiiuse_set_ir
 .text.wiiuse_set_ir_position
                0x80012814       0x80 /usr/local/devkitpro/libogc/lib/wii/libwiiuse.a(ir.o)
                0x80012814                wiiuse_set_ir_position
 .text.wiiuse_set_aspect_ratio
                0x80012894       0x44 /usr/local/devkitpro/libogc/lib/wii/libwiiuse.a(ir.o)
                0x80012894                wiiuse_set_aspect_ratio
 .text.wiiuse_set_ir_sensitivity
                0x800128d8       0xf4 /usr/local/devkitpro/libogc/lib/wii/libwiiuse.a(ir.o)
                0x800128d8                wiiuse_set_ir_sensitivity
 .text.calculate_basic_ir
                0x800129cc       0xf8 /usr/local/devkitpro/libogc/lib/wii/libwiiuse.a(ir.o)
                0x800129cc                calculate_basic_ir
 .text.calculate_extended_ir
                0x80012ac4       0x64 /usr/local/devkitpro/libogc/lib/wii/libwiiuse.a(ir.o)
                0x80012ac4                calculate_extended_ir
 .text.find_sensorbar
                0x80012b28      0x9e0 /usr/local/devkitpro/libogc/lib/wii/libwiiuse.a(ir.o)
                0x80012b28                find_sensorbar
 .text.apply_ir_smoothing
                0x80013508      0x100 /usr/local/devkitpro/libogc/lib/wii/libwiiuse.a(ir.o)
                0x80013508                apply_ir_smoothing
 .text.interpret_ir_data
                0x80013608      0x3b0 /usr/local/devkitpro/libogc/lib/wii/libwiiuse.a(ir.o)
                0x80013608                interpret_ir_data
 .text.nunchuk_handshake
                0x800139b8      0x2d0 /usr/local/devkitpro/libogc/lib/wii/libwiiuse.a(nunchuk.o)
                0x800139b8                nunchuk_handshake
 .text.nunchuk_disconnected
                0x80013c88        0xc /usr/local/devkitpro/libogc/lib/wii/libwiiuse.a(nunchuk.o)
                0x80013c88                nunchuk_disconnected
 .text.nunchuk_event
                0x80013c94       0xe4 /usr/local/devkitpro/libogc/lib/wii/libwiiuse.a(nunchuk.o)
                0x80013c94                nunchuk_event
 .text.wii_board_handshake
                0x80013d78      0x2c0 /usr/local/devkitpro/libogc/lib/wii/libwiiuse.a(wiiboard.o)
                0x80013d78                wii_board_handshake
 .text.wii_board_disconnected
                0x80014038        0xc /usr/local/devkitpro/libogc/lib/wii/libwiiuse.a(wiiboard.o)
                0x80014038                wii_board_disconnected
 .text.wii_board_event
                0x80014044       0x54 /usr/local/devkitpro/libogc/lib/wii/libwiiuse.a(wiiboard.o)
                0x80014044                wii_board_event
 .text.wiiuse_send_next_command.part.0
                0x80014098       0x44 /usr/local/devkitpro/libogc/lib/wii/libwiiuse.a(wiiuse.o)
 .text.wiiuse_send_next_command
                0x800140dc       0x18 /usr/local/devkitpro/libogc/lib/wii/libwiiuse.a(wiiuse.o)
                0x800140dc                wiiuse_send_next_command
 .text.wiiuse_init
                0x800140f4      0x208 /usr/local/devkitpro/libogc/lib/wii/libwiiuse.a(wiiuse.o)
                0x800140f4                wiiuse_init
 .text.wiiuse_set_flags
                0x800142fc       0x2c /usr/local/devkitpro/libogc/lib/wii/libwiiuse.a(wiiuse.o)
                0x800142fc                wiiuse_set_flags
 .text.wiiuse_read_data
                0x80014328      0x14c /usr/local/devkitpro/libogc/lib/wii/libwiiuse.a(wiiuse.o)
                0x80014328                wiiuse_read_data
 .text.wiiuse_write_data
                0x80014474      0x180 /usr/local/devkitpro/libogc/lib/wii/libwiiuse.a(wiiuse.o)
                0x80014474                wiiuse_write_data
 .text.wiiuse_sendcmd
                0x800145f4      0x17c /usr/local/devkitpro/libogc/lib/wii/libwiiuse.a(wiiuse.o)
                0x800145f4                wiiuse_sendcmd
 .text.wiiuse_set_report_type
                0x80014770      0x144 /usr/local/devkitpro/libogc/lib/wii/libwiiuse.a(wiiuse.o)
                0x80014770                wiiuse_set_report_type
 .text.wiiuse_motion_sensing
                0x800148b4       0x84 /usr/local/devkitpro/libogc/lib/wii/libwiiuse.a(wiiuse.o)
                0x800148b4                wiiuse_motion_sensing
 .text.wiiuse_status
                0x80014938       0x4c /usr/local/devkitpro/libogc/lib/wii/libwiiuse.a(wiiuse.o)
                0x80014938                wiiuse_status
 .text.wiiuse_set_leds
                0x80014984       0x50 /usr/local/devkitpro/libogc/lib/wii/libwiiuse.a(wiiuse.o)
                0x80014984                wiiuse_set_leds
 .text.wiiuse_set_speaker
                0x800149d4      0x230 /usr/local/devkitpro/libogc/lib/wii/libwiiuse.a(speaker.o)
                0x800149d4                wiiuse_set_speaker
 .text.classic_ctrl_handshake
                0x80014c04      0x304 /usr/local/devkitpro/libogc/lib/wii/libwiiuse.a(classic.o)
                0x80014c04                classic_ctrl_handshake
 .text.classic_ctrl_disconnected
                0x80014f08        0xc /usr/local/devkitpro/libogc/lib/wii/libwiiuse.a(classic.o)
                0x80014f08                classic_ctrl_disconnected
 .text.classic_ctrl_event
                0x80014f14      0x16c /usr/local/devkitpro/libogc/lib/wii/libwiiuse.a(classic.o)
                0x80014f14                classic_ctrl_event
 .text.handle_expansion
                0x80015080       0x54 /usr/local/devkitpro/libogc/lib/wii/libwiiuse.a(events.o)
 .text.parse_event
                0x800150d4      0x748 /usr/local/devkitpro/libogc/lib/wii/libwiiuse.a(events.o)
                0x800150d4                parse_event
 .text.guitar_hero_3_handshake
                0x8001581c       0x5c /usr/local/devkitpro/libogc/lib/wii/libwiiuse.a(guitar_hero_3.o)
                0x8001581c                guitar_hero_3_handshake
 .text.guitar_hero_3_disconnected
                0x80015878        0xc /usr/local/devkitpro/libogc/lib/wii/libwiiuse.a(guitar_hero_3.o)
                0x80015878                guitar_hero_3_disconnected
 .text.guitar_hero_3_event
                0x80015884       0x6c /usr/local/devkitpro/libogc/lib/wii/libwiiuse.a(guitar_hero_3.o)
                0x80015884                guitar_hero_3_event
 .text.acl_wlp_completed
                0x800158f0        0x8 /usr/local/devkitpro/libogc/lib/wii/libbte.a(bte.o)
                0x800158f0                acl_wlp_completed
 .text.bt_alarmhandler
                0x800158f8       0x60 /usr/local/devkitpro/libogc/lib/wii/libbte.a(bte.o)
 .text.__bte_send_pending_request
                0x80015958      0x104 /usr/local/devkitpro/libogc/lib/wii/libbte.a(bte.o)
 .text.acl_conn_complete
                0x80015a5c       0x2c /usr/local/devkitpro/libogc/lib/wii/libbte.a(bte.o)
                0x80015a5c                acl_conn_complete
 .text.bte_process_input
                0x80015a88      0x148 /usr/local/devkitpro/libogc/lib/wii/libbte.a(bte.o)
 .text.l2cap_disconnect_cfm
                0x80015bd0      0x19c /usr/local/devkitpro/libogc/lib/wii/libbte.a(bte.o)
                0x80015bd0                l2cap_disconnect_cfm
 .text.l2cap_accepted
                0x80015d6c      0x128 /usr/local/devkitpro/libogc/lib/wii/libbte.a(bte.o)
                0x80015d6c                l2cap_accepted
 .text.l2cap_disconnected_ind
                0x80015e94      0x1a4 /usr/local/devkitpro/libogc/lib/wii/libbte.a(bte.o)
                0x80015e94                l2cap_disconnected_ind
 .text.bte_hci_apply_patch_complete
                0x80016038      0x160 /usr/local/devkitpro/libogc/lib/wii/libbte.a(bte.o)
                0x80016038                bte_hci_apply_patch_complete
 .text.__bte_shutdown_finished
                0x80016198       0xd0 /usr/local/devkitpro/libogc/lib/wii/libbte.a(bte.o)
 .text.bte_hci_patch_complete
                0x80016268      0x378 /usr/local/devkitpro/libogc/lib/wii/libbte.a(bte.o)
                0x80016268                bte_hci_patch_complete
 .text.bte_hci_initcore_complete
                0x800165e0      0x28c /usr/local/devkitpro/libogc/lib/wii/libbte.a(bte.o)
                0x800165e0                bte_hci_initcore_complete
 .text.bte_read_stored_link_key_complete
                0x8001686c      0x26c /usr/local/devkitpro/libogc/lib/wii/libbte.a(bte.o)
                0x8001686c                bte_read_stored_link_key_complete
 .text.bte_hci_initcore_complete2
                0x80016ad8      0x244 /usr/local/devkitpro/libogc/lib/wii/libbte.a(bte.o)
 .text.bte_hci_initsub_complete
                0x80016d1c      0x2b8 /usr/local/devkitpro/libogc/lib/wii/libbte.a(bte.o)
                0x80016d1c                bte_hci_initsub_complete
 .text.BTE_Init
                0x80016fd4      0x138 /usr/local/devkitpro/libogc/lib/wii/libbte.a(bte.o)
                0x80016fd4                BTE_Init
 .text.BTE_Shutdown
                0x8001710c      0x100 /usr/local/devkitpro/libogc/lib/wii/libbte.a(bte.o)
                0x8001710c                BTE_Shutdown
 .text.BTE_InitCore
                0x8001720c       0x90 /usr/local/devkitpro/libogc/lib/wii/libbte.a(bte.o)
                0x8001720c                BTE_InitCore
 .text.BTE_ApplyPatch
                0x8001729c       0xa8 /usr/local/devkitpro/libogc/lib/wii/libbte.a(bte.o)
                0x8001729c                BTE_ApplyPatch
 .text.BTE_InitSub
                0x80017344       0x94 /usr/local/devkitpro/libogc/lib/wii/libbte.a(bte.o)
                0x80017344                BTE_InitSub
 .text.BTE_ReadStoredLinkKey
                0x800173d8       0x94 /usr/local/devkitpro/libogc/lib/wii/libbte.a(bte.o)
                0x800173d8                BTE_ReadStoredLinkKey
 .text.BTE_SetDisconnectCallback
                0x8001746c        0x4 /usr/local/devkitpro/libogc/lib/wii/libbte.a(bte.o)
                0x8001746c                BTE_SetDisconnectCallback
 .text.bte_new  0x80017470       0x54 /usr/local/devkitpro/libogc/lib/wii/libbte.a(bte.o)
                0x80017470                bte_new
 .text.bte_registerdeviceasync
                0x800174c4      0x15c /usr/local/devkitpro/libogc/lib/wii/libbte.a(bte.o)
                0x800174c4                bte_registerdeviceasync
 .text.bte_disconnect
                0x80017620       0xd8 /usr/local/devkitpro/libogc/lib/wii/libbte.a(bte.o)
                0x80017620                bte_disconnect
 .text.bte_senddata
                0x800176f8       0xdc /usr/local/devkitpro/libogc/lib/wii/libbte.a(bte.o)
                0x800176f8                bte_senddata
 .text.bte_arg  0x800177d4       0x38 /usr/local/devkitpro/libogc/lib/wii/libbte.a(bte.o)
                0x800177d4                bte_arg
 .text.bte_received
                0x8001780c       0x38 /usr/local/devkitpro/libogc/lib/wii/libbte.a(bte.o)
                0x8001780c                bte_received
 .text.bte_disconnected
                0x80017844       0x38 /usr/local/devkitpro/libogc/lib/wii/libbte.a(bte.o)
                0x80017844                bte_disconnected
 .text.hci_get_link
                0x8001787c       0x84 /usr/local/devkitpro/libogc/lib/wii/libbte.a(hci.o)
 .text.hci_init
                0x80017900       0x7c /usr/local/devkitpro/libogc/lib/wii/libbte.a(hci.o)
                0x80017900                hci_init
 .text.hci_new  0x8001797c       0x48 /usr/local/devkitpro/libogc/lib/wii/libbte.a(hci.o)
                0x8001797c                hci_new
 .text.hci_close
                0x800179c4       0xd0 /usr/local/devkitpro/libogc/lib/wii/libbte.a(hci.o)
                0x800179c4                hci_close
 .text.hci_reset_all
                0x80017a94       0xbc /usr/local/devkitpro/libogc/lib/wii/libbte.a(hci.o)
                0x80017a94                hci_reset_all
 .text.hci_arg  0x80017b50        0xc /usr/local/devkitpro/libogc/lib/wii/libbte.a(hci.o)
                0x80017b50                hci_arg
 .text.hci_cmd_complete
                0x80017b5c        0xc /usr/local/devkitpro/libogc/lib/wii/libbte.a(hci.o)
                0x80017b5c                hci_cmd_complete
 .text.hci_connection_complete
                0x80017b68        0xc /usr/local/devkitpro/libogc/lib/wii/libbte.a(hci.o)
                0x80017b68                hci_connection_complete
 .text.hci_wlp_complete
                0x80017b74        0xc /usr/local/devkitpro/libogc/lib/wii/libbte.a(hci.o)
                0x80017b74                hci_wlp_complete
 .text.hci_reset
                0x80017b80       0xa8 /usr/local/devkitpro/libogc/lib/wii/libbte.a(hci.o)
                0x80017b80                hci_reset
 .text.hci_read_buffer_size
                0x80017c28       0xa8 /usr/local/devkitpro/libogc/lib/wii/libbte.a(hci.o)
                0x80017c28                hci_read_buffer_size
 .text.hci_read_bd_addr
                0x80017cd0       0xa8 /usr/local/devkitpro/libogc/lib/wii/libbte.a(hci.o)
                0x80017cd0                hci_read_bd_addr
 .text.hci_read_local_version
                0x80017d78       0xa4 /usr/local/devkitpro/libogc/lib/wii/libbte.a(hci.o)
                0x80017d78                hci_read_local_version
 .text.hci_read_local_features
                0x80017e1c       0xa8 /usr/local/devkitpro/libogc/lib/wii/libbte.a(hci.o)
                0x80017e1c                hci_read_local_features
 .text.hci_read_stored_link_key
                0x80017ec4       0xfc /usr/local/devkitpro/libogc/lib/wii/libbte.a(hci.o)
                0x80017ec4                hci_read_stored_link_key
 .text.hci_write_page_timeout
                0x80017fc0       0xcc /usr/local/devkitpro/libogc/lib/wii/libbte.a(hci.o)
                0x80017fc0                hci_write_page_timeout
 .text.hci_write_scan_enable
                0x8001808c       0xb8 /usr/local/devkitpro/libogc/lib/wii/libbte.a(hci.o)
                0x8001808c                hci_write_scan_enable
 .text.hci_accecpt_conn_request
                0x80018144       0xdc /usr/local/devkitpro/libogc/lib/wii/libbte.a(hci.o)
                0x80018144                hci_accecpt_conn_request
 .text.hci_write_local_name
                0x80018220       0xd4 /usr/local/devkitpro/libogc/lib/wii/libbte.a(hci.o)
                0x80018220                hci_write_local_name
 .text.hci_write_pin_type
                0x800182f4       0xb8 /usr/local/devkitpro/libogc/lib/wii/libbte.a(hci.o)
                0x800182f4                hci_write_pin_type
 .text.hci_write_inquiry_mode
                0x800183ac       0xb8 /usr/local/devkitpro/libogc/lib/wii/libbte.a(hci.o)
                0x800183ac                hci_write_inquiry_mode
 .text.hci_write_page_scan_type
                0x80018464       0xb8 /usr/local/devkitpro/libogc/lib/wii/libbte.a(hci.o)
                0x80018464                hci_write_page_scan_type
 .text.hci_write_inquiry_scan_type
                0x8001851c       0xb8 /usr/local/devkitpro/libogc/lib/wii/libbte.a(hci.o)
                0x8001851c                hci_write_inquiry_scan_type
 .text.hci_vendor_specific_command
                0x800185d4       0xe4 /usr/local/devkitpro/libogc/lib/wii/libbte.a(hci.o)
                0x800185d4                hci_vendor_specific_command
 .text.hci_write_link_policy_settings
                0x800186b8      0x100 /usr/local/devkitpro/libogc/lib/wii/libbte.a(hci.o)
                0x800186b8                hci_write_link_policy_settings
 .text.hci_pin_code_request_neg_reply
                0x800187b8       0xc8 /usr/local/devkitpro/libogc/lib/wii/libbte.a(hci.o)
                0x800187b8                hci_pin_code_request_neg_reply
 .text.hci_link_key_req_neg_reply
                0x80018880       0xc8 /usr/local/devkitpro/libogc/lib/wii/libbte.a(hci.o)
                0x80018880                hci_link_key_req_neg_reply
 .text.hci_disconnect
                0x80018948       0xf8 /usr/local/devkitpro/libogc/lib/wii/libbte.a(hci.o)
                0x80018948                hci_disconnect
 .text.hci_write_cod
                0x80018a40       0xc8 /usr/local/devkitpro/libogc/lib/wii/libbte.a(hci.o)
                0x80018a40                hci_write_cod
 .text.hci_host_buffer_size
                0x80018b08      0x108 /usr/local/devkitpro/libogc/lib/wii/libbte.a(hci.o)
                0x80018b08                hci_host_buffer_size
 .text.hci_host_num_comp_packets
                0x80018c10      0x104 /usr/local/devkitpro/libogc/lib/wii/libbte.a(hci.o)
                0x80018c10                hci_host_num_comp_packets
 .text.lp_pdu_maxsize
                0x80018d14        0xc /usr/local/devkitpro/libogc/lib/wii/libbte.a(hci.o)
                0x80018d14                lp_pdu_maxsize
 .text.lp_acl_write
                0x80018d20      0x154 /usr/local/devkitpro/libogc/lib/wii/libbte.a(hci.o)
                0x80018d20                lp_acl_write
 .text.lp_write_flush_timeout
                0x80018e74      0x100 /usr/local/devkitpro/libogc/lib/wii/libbte.a(hci.o)
                0x80018e74                lp_write_flush_timeout
 .text.hci_event_handler
                0x80018f74      0xbf4 /usr/local/devkitpro/libogc/lib/wii/libbte.a(hci.o)
                0x80018f74                hci_event_handler
 .text.hci_acldata_handler
                0x80019b68      0x12c /usr/local/devkitpro/libogc/lib/wii/libbte.a(hci.o)
                0x80019b68                hci_acldata_handler
 .text.l2cap_init
                0x80019c94       0x60 /usr/local/devkitpro/libogc/lib/wii/libbte.a(l2cap.o)
                0x80019c94                l2cap_init
 .text.l2cap_write
                0x80019cf4      0x1a8 /usr/local/devkitpro/libogc/lib/wii/libbte.a(l2cap.o)
                0x80019cf4                l2cap_write
 .text.l2cap_new
                0x80019e9c       0x6c /usr/local/devkitpro/libogc/lib/wii/libbte.a(l2cap.o)
                0x80019e9c                l2cap_new
 .text.l2cap_close
                0x80019f08      0x1d4 /usr/local/devkitpro/libogc/lib/wii/libbte.a(l2cap.o)
                0x80019f08                l2cap_close
 .text.l2cap_reset_all
                0x8001a0dc      0x154 /usr/local/devkitpro/libogc/lib/wii/libbte.a(l2cap.o)
                0x8001a0dc                l2cap_reset_all
 .text.l2cap_signal
                0x8001a230      0x210 /usr/local/devkitpro/libogc/lib/wii/libbte.a(l2cap.o)
                0x8001a230                l2cap_signal
 .text.l2ca_config_req
                0x8001a440      0x160 /usr/local/devkitpro/libogc/lib/wii/libbte.a(l2cap.o)
                0x8001a440                l2ca_config_req
 .text.l2ca_disconnect_req
                0x8001a5a0       0xc4 /usr/local/devkitpro/libogc/lib/wii/libbte.a(l2cap.o)
                0x8001a5a0                l2ca_disconnect_req
 .text.l2cap_tmr
                0x8001a664      0x260 /usr/local/devkitpro/libogc/lib/wii/libbte.a(l2cap.o)
                0x8001a664                l2cap_tmr
 .text.l2cap_process_sig
                0x8001a8c4     0x11d0 /usr/local/devkitpro/libogc/lib/wii/libbte.a(l2cap.o)
                0x8001a8c4                l2cap_process_sig
 .text.l2cap_input
                0x8001ba94      0x5ac /usr/local/devkitpro/libogc/lib/wii/libbte.a(l2cap.o)
                0x8001ba94                l2cap_input
 .text.l2ca_datawrite
                0x8001c040      0x118 /usr/local/devkitpro/libogc/lib/wii/libbte.a(l2cap.o)
                0x8001c040                l2ca_datawrite
 .text.lp_connect_cfm
                0x8001c158      0x184 /usr/local/devkitpro/libogc/lib/wii/libbte.a(l2cap.o)
                0x8001c158                lp_connect_cfm
 .text.lp_connect_ind
                0x8001c2dc        0x4 /usr/local/devkitpro/libogc/lib/wii/libbte.a(l2cap.o)
                0x8001c2dc                lp_connect_ind
 .text.lp_disconnect_ind
                0x8001c2e0      0x12c /usr/local/devkitpro/libogc/lib/wii/libbte.a(l2cap.o)
                0x8001c2e0                lp_disconnect_ind
 .text.l2cap_disconnect_bb
                0x8001c40c       0x10 /usr/local/devkitpro/libogc/lib/wii/libbte.a(l2cap.o)
                0x8001c40c                l2cap_disconnect_bb
 .text.l2cap_arg
                0x8001c41c        0x8 /usr/local/devkitpro/libogc/lib/wii/libbte.a(l2cap.o)
                0x8001c41c                l2cap_arg
 .text.l2cap_connect_ind
                0x8001c424      0x100 /usr/local/devkitpro/libogc/lib/wii/libbte.a(l2cap.o)
                0x8001c424                l2cap_connect_ind
 .text.l2cap_disconnect_ind
                0x8001c524        0x8 /usr/local/devkitpro/libogc/lib/wii/libbte.a(l2cap.o)
                0x8001c524                l2cap_disconnect_ind
 .text.l2cap_recv
                0x8001c52c        0x8 /usr/local/devkitpro/libogc/lib/wii/libbte.a(l2cap.o)
                0x8001c52c                l2cap_recv
 .text.btmemb_init
                0x8001c534       0x24 /usr/local/devkitpro/libogc/lib/wii/libbte.a(btmemb.o)
                0x8001c534                btmemb_init
 .text.btmemb_alloc
                0x8001c558       0xa8 /usr/local/devkitpro/libogc/lib/wii/libbte.a(btmemb.o)
                0x8001c558                btmemb_alloc
 .text.btmemb_free
                0x8001c600       0xa8 /usr/local/devkitpro/libogc/lib/wii/libbte.a(btmemb.o)
                0x8001c600                btmemb_free
 .text.plug_holes
                0x8001c6a8       0xb8 /usr/local/devkitpro/libogc/lib/wii/libbte.a(btmemr.o)
 .text.btmemr_free.part.0
                0x8001c760       0x78 /usr/local/devkitpro/libogc/lib/wii/libbte.a(btmemr.o)
 .text.btmemr_init
                0x8001c7d8       0x98 /usr/local/devkitpro/libogc/lib/wii/libbte.a(btmemr.o)
                0x8001c7d8                btmemr_init
 .text.btmemr_malloc
                0x8001c870      0x178 /usr/local/devkitpro/libogc/lib/wii/libbte.a(btmemr.o)
                0x8001c870                btmemr_malloc
 .text.btmemr_free
                0x8001c9e8       0x28 /usr/local/devkitpro/libogc/lib/wii/libbte.a(btmemr.o)
                0x8001c9e8                btmemr_free
 .text.btmemr_realloc
                0x8001ca10      0x10c /usr/local/devkitpro/libogc/lib/wii/libbte.a(btmemr.o)
                0x8001ca10                btmemr_realloc
 .text.btpbuf_cat.part.0
                0x8001cb1c       0x68 /usr/local/devkitpro/libogc/lib/wii/libbte.a(btpbuf.o)
 .text.btpbuf_init
                0x8001cb84       0x28 /usr/local/devkitpro/libogc/lib/wii/libbte.a(btpbuf.o)
                0x8001cb84                btpbuf_init
 .text.btpbuf_free
                0x8001cbac      0x124 /usr/local/devkitpro/libogc/lib/wii/libbte.a(btpbuf.o)
                0x8001cbac                btpbuf_free
 .text.btpbuf_alloc
                0x8001ccd0      0x25c /usr/local/devkitpro/libogc/lib/wii/libbte.a(btpbuf.o)
                0x8001ccd0                btpbuf_alloc
 .text.btpbuf_realloc
                0x8001cf2c       0xec /usr/local/devkitpro/libogc/lib/wii/libbte.a(btpbuf.o)
                0x8001cf2c                btpbuf_realloc
 .text.btpbuf_header
                0x8001d018       0x90 /usr/local/devkitpro/libogc/lib/wii/libbte.a(btpbuf.o)
                0x8001d018                btpbuf_header
 .text.btpbuf_ref
                0x8001d0a8       0x48 /usr/local/devkitpro/libogc/lib/wii/libbte.a(btpbuf.o)
                0x8001d0a8                btpbuf_ref
 .text.btpbuf_chain
                0x8001d0f0       0x8c /usr/local/devkitpro/libogc/lib/wii/libbte.a(btpbuf.o)
                0x8001d0f0                btpbuf_chain
 .text.btpbuf_dechain
                0x8001d17c       0x7c /usr/local/devkitpro/libogc/lib/wii/libbte.a(btpbuf.o)
                0x8001d17c                btpbuf_dechain
 .text.btpbuf_take
                0x8001d1f8      0x13c /usr/local/devkitpro/libogc/lib/wii/libbte.a(btpbuf.o)
                0x8001d1f8                btpbuf_take
 .text.__usb_closeCB
                0x8001d334       0x10 /usr/local/devkitpro/libogc/lib/wii/libbte.a(physbusif.o)
 .text.__writebulkmsgCB
                0x8001d344       0x3c /usr/local/devkitpro/libogc/lib/wii/libbte.a(physbusif.o)
 .text.__writectrlmsgCB
                0x8001d380       0x3c /usr/local/devkitpro/libogc/lib/wii/libbte.a(physbusif.o)
 .text.__issue_intrread.part.0
                0x8001d3bc       0x80 /usr/local/devkitpro/libogc/lib/wii/libbte.a(physbusif.o)
 .text.__readintrdataCB
                0x8001d43c      0x150 /usr/local/devkitpro/libogc/lib/wii/libbte.a(physbusif.o)
 .text.__issue_bulkread.part.2
                0x8001d58c       0x80 /usr/local/devkitpro/libogc/lib/wii/libbte.a(physbusif.o)
 .text.__readbulkdataCB
                0x8001d60c      0x150 /usr/local/devkitpro/libogc/lib/wii/libbte.a(physbusif.o)
 .text.physbusif_init
                0x8001d75c      0x1dc /usr/local/devkitpro/libogc/lib/wii/libbte.a(physbusif.o)
                0x8001d75c                physbusif_init
 .text.physbusif_close
                0x8001d938       0x20 /usr/local/devkitpro/libogc/lib/wii/libbte.a(physbusif.o)
                0x8001d938                physbusif_close
 .text.physbusif_shutdown
                0x8001d958       0x24 /usr/local/devkitpro/libogc/lib/wii/libbte.a(physbusif.o)
                0x8001d958                physbusif_shutdown
 .text.physbusif_reset_all
                0x8001d97c        0x4 /usr/local/devkitpro/libogc/lib/wii/libbte.a(physbusif.o)
                0x8001d97c                physbusif_reset_all
 .text.physbusif_output
                0x8001d980      0x1b4 /usr/local/devkitpro/libogc/lib/wii/libbte.a(physbusif.o)
                0x8001d980                physbusif_output
 .text.__console_clear_line
                0x8001db34       0x84 /usr/local/devkitpro/libogc/lib/wii/libogc.a(console.o)
 .text.__console_clear
                0x8001dbb8       0x54 /usr/local/devkitpro/libogc/lib/wii/libogc.a(console.o)
 .text.__console_write
                0x8001dc0c      0x708 /usr/local/devkitpro/libogc/lib/wii/libogc.a(console.o)
                0x8001dc0c                __console_write
 .text.__console_init
                0x8001e314      0x108 /usr/local/devkitpro/libogc/lib/wii/libogc.a(console.o)
                0x8001e314                __console_init
 .text.CON_Init
                0x8001e41c        0x4 /usr/local/devkitpro/libogc/lib/wii/libogc.a(console.o)
                0x8001e41c                CON_Init
 .text.CON_EnableGecko
                0x8001e420      0x100 /usr/local/devkitpro/libogc/lib/wii/libogc.a(console.o)
                0x8001e420                CON_EnableGecko
 .text.__lwp_queue_initialize
                0x8001e520       0x60 /usr/local/devkitpro/libogc/lib/wii/libogc.a(lwp_queue.o)
                0x8001e520                __lwp_queue_initialize
 .text.__lwp_queue_get
                0x8001e580       0x74 /usr/local/devkitpro/libogc/lib/wii/libogc.a(lwp_queue.o)
                0x8001e580                __lwp_queue_get
 .text.__lwp_queue_append
                0x8001e5f4       0x4c /usr/local/devkitpro/libogc/lib/wii/libogc.a(lwp_queue.o)
                0x8001e5f4                __lwp_queue_append
 .text.__lwp_isr_in_progress
                0x8001e640        0x8 /usr/local/devkitpro/libogc/lib/wii/libogc.a(lwp_threads.o)
                0x8001e640                __lwp_isr_in_progress
 .text.__thread_dispatch_fp
                0x8001e648       0x88 /usr/local/devkitpro/libogc/lib/wii/libogc.a(lwp_threads.o)
                0x8001e648                __thread_dispatch_fp
 .text.__thread_dispatch
                0x8001e6d0      0x110 /usr/local/devkitpro/libogc/lib/wii/libogc.a(lwp_threads.o)
                0x8001e6d0                __thread_dispatch
 .text.__lwp_thread_resettimeslice
                0x8001e7e0       0xec /usr/local/devkitpro/libogc/lib/wii/libogc.a(lwp_threads.o)
                0x8001e7e0                __lwp_thread_resettimeslice
 .text.__lwp_thread_tickle_timeslice
                0x8001e8cc       0xcc /usr/local/devkitpro/libogc/lib/wii/libogc.a(lwp_threads.o)
                0x8001e8cc                __lwp_thread_tickle_timeslice
 .text.__lwp_thread_setstate
                0x8001e998      0x178 /usr/local/devkitpro/libogc/lib/wii/libogc.a(lwp_threads.o)
                0x8001e998                __lwp_thread_setstate
 .text.__lwp_thread_clearstate
                0x8001eb10       0xe4 /usr/local/devkitpro/libogc/lib/wii/libogc.a(lwp_threads.o)
                0x8001eb10                __lwp_thread_clearstate
 .text.__lwp_thread_delayended
                0x8001ebf4       0x48 /usr/local/devkitpro/libogc/lib/wii/libogc.a(lwp_threads.o)
                0x8001ebf4                __lwp_thread_delayended
 .text.__lwp_thread_settransient
                0x8001ec3c       0xb4 /usr/local/devkitpro/libogc/lib/wii/libogc.a(lwp_threads.o)
                0x8001ec3c                __lwp_thread_settransient
 .text.__lwp_thread_changepriority
                0x8001ecf0      0x1f8 /usr/local/devkitpro/libogc/lib/wii/libogc.a(lwp_threads.o)
                0x8001ecf0                __lwp_thread_changepriority
 .text.__lwp_thread_ready
                0x8001eee8       0xf4 /usr/local/devkitpro/libogc/lib/wii/libogc.a(lwp_threads.o)
                0x8001eee8                __lwp_thread_ready
 .text.__lwp_thread_init
                0x8001efdc      0x180 /usr/local/devkitpro/libogc/lib/wii/libogc.a(lwp_threads.o)
                0x8001efdc                __lwp_thread_init
 .text.__lwp_thread_close
                0x8001f15c      0x130 /usr/local/devkitpro/libogc/lib/wii/libogc.a(lwp_threads.o)
                0x8001f15c                __lwp_thread_close
 .text.__lwp_thread_closeall
                0x8001f28c       0xb8 /usr/local/devkitpro/libogc/lib/wii/libogc.a(lwp_threads.o)
                0x8001f28c                __lwp_thread_closeall
 .text.__lwp_thread_exit
                0x8001f344       0x5c /usr/local/devkitpro/libogc/lib/wii/libogc.a(lwp_threads.o)
                0x8001f344                __lwp_thread_exit
 .text.__lwp_thread_handler
                0x8001f3a0       0xb4 /usr/local/devkitpro/libogc/lib/wii/libogc.a(lwp_threads.o)
 .text.__lwp_thread_start
                0x8001f454       0xd4 /usr/local/devkitpro/libogc/lib/wii/libogc.a(lwp_threads.o)
                0x8001f454                __lwp_thread_start
 .text.__lwp_thread_startmultitasking
                0x8001f528       0xb0 /usr/local/devkitpro/libogc/lib/wii/libogc.a(lwp_threads.o)
                0x8001f528                __lwp_thread_startmultitasking
 .text.__lwp_thread_stopmultitasking
                0x8001f5d8       0x58 /usr/local/devkitpro/libogc/lib/wii/libogc.a(lwp_threads.o)
                0x8001f5d8                __lwp_thread_stopmultitasking
 .text.__lwp_thread_coreinit
                0x8001f630       0xb0 /usr/local/devkitpro/libogc/lib/wii/libogc.a(lwp_threads.o)
                0x8001f630                __lwp_thread_coreinit
 .text.idle_func
                0x8001f6e0        0x4 /usr/local/devkitpro/libogc/lib/wii/libogc.a(lwp.o)
 .text.__lwp_sysinit
                0x8001f6e4      0x118 /usr/local/devkitpro/libogc/lib/wii/libogc.a(lwp.o)
                0x8001f6e4                __lwp_sysinit
 .text.LWP_InitQueue
                0x8001f7fc      0x150 /usr/local/devkitpro/libogc/lib/wii/libogc.a(lwp.o)
                0x8001f7fc                LWP_InitQueue
 .text.LWP_CloseQueue
                0x8001f94c       0xd4 /usr/local/devkitpro/libogc/lib/wii/libogc.a(lwp.o)
                0x8001f94c                LWP_CloseQueue
 .text.LWP_ThreadSleep
                0x8001fa20      0x110 /usr/local/devkitpro/libogc/lib/wii/libogc.a(lwp.o)
                0x8001fa20                LWP_ThreadSleep
 .text.LWP_ThreadBroadcast
                0x8001fb30       0x88 /usr/local/devkitpro/libogc/lib/wii/libogc.a(lwp.o)
                0x8001fb30                LWP_ThreadBroadcast
 .text.LWP_ThreadSignal
                0x8001fbb8       0x74 /usr/local/devkitpro/libogc/lib/wii/libogc.a(lwp.o)
                0x8001fbb8                LWP_ThreadSignal
 .text.__lwp_stack_allocate
                0x8001fc2c       0x60 /usr/local/devkitpro/libogc/lib/wii/libogc.a(lwp_stack.o)
                0x8001fc2c                __lwp_stack_allocate
 .text.__lwp_stack_free
                0x8001fc8c       0x1c /usr/local/devkitpro/libogc/lib/wii/libogc.a(lwp_stack.o)
                0x8001fc8c                __lwp_stack_free
 .text.__lwp_wd_settimer.isra.4
                0x8001fca8       0xd8 /usr/local/devkitpro/libogc/lib/wii/libogc.a(lwp_watchdog.o)
 .text.__lwp_watchdog_init
                0x8001fd80       0x2c /usr/local/devkitpro/libogc/lib/wii/libogc.a(lwp_watchdog.o)
                0x8001fd80                __lwp_watchdog_init
 .text.__lwp_wd_insert
                0x8001fdac      0x1e4 /usr/local/devkitpro/libogc/lib/wii/libogc.a(lwp_watchdog.o)
                0x8001fdac                __lwp_wd_insert
 .text.__lwp_wd_remove
                0x8001ff90      0x144 /usr/local/devkitpro/libogc/lib/wii/libogc.a(lwp_watchdog.o)
                0x8001ff90                __lwp_wd_remove
 .text.__lwp_wd_tickle
                0x800200d4      0x120 /usr/local/devkitpro/libogc/lib/wii/libogc.a(lwp_watchdog.o)
                0x800200d4                __lwp_wd_tickle
 .text.__lwp_wkspace_init
                0x800201f4       0xc4 /usr/local/devkitpro/libogc/lib/wii/libogc.a(lwp_wkspace.o)
                0x800201f4                __lwp_wkspace_init
 .text.__lwp_objmgr_initinfo
                0x800202b8      0x1a4 /usr/local/devkitpro/libogc/lib/wii/libogc.a(lwp_objmgr.o)
                0x800202b8                __lwp_objmgr_initinfo
 .text.__lwp_objmgr_getisrdisable
                0x8002045c       0x60 /usr/local/devkitpro/libogc/lib/wii/libogc.a(lwp_objmgr.o)
                0x8002045c                __lwp_objmgr_getisrdisable
 .text.__lwp_objmgr_getnoprotection
                0x800204bc       0x24 /usr/local/devkitpro/libogc/lib/wii/libogc.a(lwp_objmgr.o)
                0x800204bc                __lwp_objmgr_getnoprotection
 .text.__lwp_objmgr_get
                0x800204e0       0x70 /usr/local/devkitpro/libogc/lib/wii/libogc.a(lwp_objmgr.o)
                0x800204e0                __lwp_objmgr_get
 .text.__lwp_objmgr_allocate
                0x80020550       0x88 /usr/local/devkitpro/libogc/lib/wii/libogc.a(lwp_objmgr.o)
                0x80020550                __lwp_objmgr_allocate
 .text.__lwp_objmgr_free
                0x800205d8       0x60 /usr/local/devkitpro/libogc/lib/wii/libogc.a(lwp_objmgr.o)
                0x800205d8                __lwp_objmgr_free
 .text.__lwp_heap_init
                0x80020638       0xa8 /usr/local/devkitpro/libogc/lib/wii/libogc.a(lwp_heap.o)
                0x80020638                __lwp_heap_init
 .text.__lwp_heap_allocate
                0x800206e0      0x16c /usr/local/devkitpro/libogc/lib/wii/libogc.a(lwp_heap.o)
                0x800206e0                __lwp_heap_allocate
 .text.__lwp_heap_free
                0x8002084c      0x188 /usr/local/devkitpro/libogc/lib/wii/libogc.a(lwp_heap.o)
                0x8002084c                __lwp_heap_free
 .text.__exception_load
                0x800209d4       0xa4 /usr/local/devkitpro/libogc/lib/wii/libogc.a(exception.o)
                0x800209d4                __exception_load
 .text.__systemcall_init
                0x80020a78       0x20 /usr/local/devkitpro/libogc/lib/wii/libogc.a(exception.o)
                0x80020a78                __systemcall_init
 .text.__exception_init
                0x80020a98       0xd8 /usr/local/devkitpro/libogc/lib/wii/libogc.a(exception.o)
                0x80020a98                __exception_init
 .text.__exception_close
                0x80020b70       0xac /usr/local/devkitpro/libogc/lib/wii/libogc.a(exception.o)
                0x80020b70                __exception_close
 .text.__exception_closeall
                0x80020c1c       0x54 /usr/local/devkitpro/libogc/lib/wii/libogc.a(exception.o)
                0x80020c1c                __exception_closeall
 .text.__exception_setreload
                0x80020c70        0xc /usr/local/devkitpro/libogc/lib/wii/libogc.a(exception.o)
                0x80020c70                __exception_setreload
 .text.c_default_exceptionhandler
                0x80020c7c      0x448 /usr/local/devkitpro/libogc/lib/wii/libogc.a(exception.o)
                0x80020c7c                c_default_exceptionhandler
 .text.__SetInterrupts
                0x800210c4      0x298 /usr/local/devkitpro/libogc/lib/wii/libogc.a(irq.o)
 .text.c_irqdispatcher
                0x8002135c      0x280 /usr/local/devkitpro/libogc/lib/wii/libogc.a(irq.o)
                0x8002135c                c_irqdispatcher
 .text.__UnmaskIrq
                0x800215dc       0x84 /usr/local/devkitpro/libogc/lib/wii/libogc.a(irq.o)
                0x800215dc                __UnmaskIrq
 .text.__MaskIrq
                0x80021660       0x84 /usr/local/devkitpro/libogc/lib/wii/libogc.a(irq.o)
                0x80021660                __MaskIrq
 .text.__irq_init
                0x800216e4       0x9c /usr/local/devkitpro/libogc/lib/wii/libogc.a(irq.o)
                0x800216e4                __irq_init
 .text.IRQ_Request
                0x80021780       0x50 /usr/local/devkitpro/libogc/lib/wii/libogc.a(irq.o)
                0x80021780                IRQ_Request
 .text.IRQ_GetHandler
                0x800217d0       0x44 /usr/local/devkitpro/libogc/lib/wii/libogc.a(irq.o)
                0x800217d0                IRQ_GetHandler
 .text.IRQ_Disable
                0x80021814       0x1c /usr/local/devkitpro/libogc/lib/wii/libogc.a(irq.o)
                0x80021814                IRQ_Disable
 .text.IRQ_Restore
                0x80021830       0x1c /usr/local/devkitpro/libogc/lib/wii/libogc.a(irq.o)
                0x80021830                IRQ_Restore
 .text.__VISendI2CData.constprop.2
                0x8002184c      0x420 /usr/local/devkitpro/libogc/lib/wii/libogc.a(video.o)
 .text.__VIWriteI2CRegister16
                0x80021c6c       0x38 /usr/local/devkitpro/libogc/lib/wii/libogc.a(video.o)
 .text.__VIWriteI2CRegister8
                0x80021ca4       0x38 /usr/local/devkitpro/libogc/lib/wii/libogc.a(video.o)
 .text.__VISetYUVSEL
                0x80021cdc       0x68 /usr/local/devkitpro/libogc/lib/wii/libogc.a(video.o)
 .text.VIDEO_Configure
                0x80021d44      0x7c8 /usr/local/devkitpro/libogc/lib/wii/libogc.a(video.o)
                0x80021d44                VIDEO_Configure
 .text.VIDEO_WaitVSync
                0x8002250c       0x74 /usr/local/devkitpro/libogc/lib/wii/libogc.a(video.o)
                0x8002250c                VIDEO_WaitVSync
 .text.VIDEO_SetFramebuffer
                0x80022580      0x23c /usr/local/devkitpro/libogc/lib/wii/libogc.a(video.o)
                0x80022580                VIDEO_SetFramebuffer
 .text.VIDEO_SetNextFramebuffer
                0x800227bc      0x1b4 /usr/local/devkitpro/libogc/lib/wii/libogc.a(video.o)
                0x800227bc                VIDEO_SetNextFramebuffer
 .text.VIDEO_Flush
                0x80022970      0x134 /usr/local/devkitpro/libogc/lib/wii/libogc.a(video.o)
                0x80022970                VIDEO_Flush
 .text.VIDEO_SetBlack
                0x80022aa4      0x144 /usr/local/devkitpro/libogc/lib/wii/libogc.a(video.o)
                0x80022aa4                VIDEO_SetBlack
 .text.VIDEO_GetCurrentTvMode
                0x80022be8       0x78 /usr/local/devkitpro/libogc/lib/wii/libogc.a(video.o)
                0x80022be8                VIDEO_GetCurrentTvMode
 .text.__VIRetraceHandler
                0x80022c60      0x294 /usr/local/devkitpro/libogc/lib/wii/libogc.a(video.o)
 .text.__VISetupEncoder
                0x80022ef4      0x1fc /usr/local/devkitpro/libogc/lib/wii/libogc.a(video.o)
 .text.VIDEO_Init
                0x800230f0      0x4e0 /usr/local/devkitpro/libogc/lib/wii/libogc.a(video.o)
                0x800230f0                VIDEO_Init
 .text.VIDEO_GetPreferredMode
                0x800235d0      0x100 /usr/local/devkitpro/libogc/lib/wii/libogc.a(video.o)
                0x800235d0                VIDEO_GetPreferredMode
 .text.VIDEO_GetCurrentLine
                0x800236d0       0x9c /usr/local/devkitpro/libogc/lib/wii/libogc.a(video.o)
                0x800236d0                VIDEO_GetCurrentLine
 .text.VIDEO_GetFrameBufferSize
                0x8002376c       0x30 /usr/local/devkitpro/libogc/lib/wii/libogc.a(video.o)
                0x8002376c                VIDEO_GetFrameBufferSize
 .text.SPEC0_MakeStatus
                0x8002379c      0x104 /usr/local/devkitpro/libogc/lib/wii/libogc.a(pad.o)
 .text.SPEC1_MakeStatus
                0x800238a0      0x104 /usr/local/devkitpro/libogc/lib/wii/libogc.a(pad.o)
 .text.SPEC2_MakeStatus
                0x800239a4      0x254 /usr/local/devkitpro/libogc/lib/wii/libogc.a(pad.o)
 .text.__pad_samplinghandler
                0x80023bf8        0x4 /usr/local/devkitpro/libogc/lib/wii/libogc.a(pad.o)
 .text.__pad_doreset
                0x80023bfc       0x50 /usr/local/devkitpro/libogc/lib/wii/libogc.a(pad.o)
 .text.__pad_updateorigin
                0x80023c4c       0xa0 /usr/local/devkitpro/libogc/lib/wii/libogc.a(pad.o)
 .text.__pad_disable
                0x80023cec       0xc0 /usr/local/devkitpro/libogc/lib/wii/libogc.a(pad.o)
 .text.__pad_enable
                0x80023dac       0x5c /usr/local/devkitpro/libogc/lib/wii/libogc.a(pad.o)
 .text.__pad_typeandstatuscallback
                0x80023e08      0x164 /usr/local/devkitpro/libogc/lib/wii/libogc.a(pad.o)
 .text.__pad_probecallback
                0x80023f6c       0x48 /usr/local/devkitpro/libogc/lib/wii/libogc.a(pad.o)
 .text.__pad_origincallback
                0x80023fb4       0x38 /usr/local/devkitpro/libogc/lib/wii/libogc.a(pad.o)
 .text.__pad_originupdatecallback
                0x80023fec       0x78 /usr/local/devkitpro/libogc/lib/wii/libogc.a(pad.o)
 .text.__pad_receivecheckcallback
                0x80024064       0x88 /usr/local/devkitpro/libogc/lib/wii/libogc.a(pad.o)
 .text.PAD_SetSpec.part.3
                0x800240ec       0x54 /usr/local/devkitpro/libogc/lib/wii/libogc.a(pad.o)
 .text.__pad_onreset
                0x80024140      0x108 /usr/local/devkitpro/libogc/lib/wii/libogc.a(pad.o)
 .text.__PADDisableRecalibration
                0x80024248       0x58 /usr/local/devkitpro/libogc/lib/wii/libogc.a(pad.o)
                0x80024248                __PADDisableRecalibration
 .text.PAD_Reset
                0x800242a0       0xf0 /usr/local/devkitpro/libogc/lib/wii/libogc.a(pad.o)
                0x800242a0                PAD_Reset
 .text.PAD_Read
                0x80024390      0x2fc /usr/local/devkitpro/libogc/lib/wii/libogc.a(pad.o)
                0x80024390                PAD_Read
 .text.PAD_Init
                0x8002468c       0xd0 /usr/local/devkitpro/libogc/lib/wii/libogc.a(pad.o)
                0x8002468c                PAD_Init
 .text.PAD_ScanPads
                0x8002475c      0x154 /usr/local/devkitpro/libogc/lib/wii/libogc.a(pad.o)
                0x8002475c                PAD_ScanPads
 .text.PAD_ButtonsDown
                0x800248b0       0x38 /usr/local/devkitpro/libogc/lib/wii/libogc.a(pad.o)
                0x800248b0                PAD_ButtonsDown
 .text.__lwp_mutex_locksupp.constprop.8
                0x800248e8      0x294 /usr/local/devkitpro/libogc/lib/wii/libogc.a(mutex.o)
 .text.__lwp_mutex_init
                0x80024b7c       0x14 /usr/local/devkitpro/libogc/lib/wii/libogc.a(mutex.o)
                0x80024b7c                __lwp_mutex_init