Archive member included to satisfy reference by file (symbol)

/usr/local/devkitpro/libogc/lib/wii/libfat.a(libfat.o)
                              main.o (fatUnmount)
/usr/local/devkitpro/libogc/lib/wii/libfat.a(directory.o)
                              /usr/local/devkitpro/libogc/lib/wii/libfat.a(libfat.o) (_FAT_directory_getVolumeLabel)
/usr/local/devkitpro/libogc/lib/wii/libfat.a(filetime.o)
                              /usr/local/devkitpro/libogc/lib/wii/libfat.a(directory.o) (_FAT_filetime_to_time_t)
/usr/local/devkitpro/libogc/lib/wii/libfat.a(file_allocation_table.o)
                              /usr/local/devkitpro/libogc/lib/wii/libfat.a(directory.o) (_FAT_fat_nextCluster)
/usr/local/devkitpro/libogc/lib/wii/libfat.a(disc.o)
                              /usr/local/devkitpro/libogc/lib/wii/libfat.a(libfat.o) (_FAT_disc_interfaces)
/usr/local/devkitpro/libogc/lib/wii/libfat.a(fatfile.o)
                              /usr/local/devkitpro/libogc/lib/wii/libfat.a(libfat.o) (_FAT_open_r)
/usr/local/devkitpro/libogc/lib/wii/libfat.a(cache.o)
                              /usr/local/devkitpro/libogc/lib/wii/libfat.a(fatfile.o) (_FAT_cache_readSectors)
/usr/local/devkitpro/libogc/lib/wii/libfat.a(fatdir.o)
                              /usr/local/devkitpro/libogc/lib/wii/libfat.a(libfat.o) (_FAT_stat_r)
/usr/local/devkitpro/libogc/lib/wii/libfat.a(partition.o)
                              /usr/local/devkitpro/libogc/lib/wii/libfat.a(fatfile.o) (_FAT_partition_getPartitionFromPath)
/usr/local/devkitpro/libogc/lib/wii/libwiiuse.a(wpad.o)
                              main.o (WPAD_Init)
/usr/local/devkitpro/libogc/lib/wii/libwiiuse.a(motion_plus.o)
                              /usr/local/devkitpro/libogc/lib/wii/libwiiuse.a(wpad.o) (wiiuse_set_motion_plus)
/usr/local/devkitpro/libogc/lib/wii/libwiiuse.a(dynamics.o)
                              /usr/local/devkitpro/libogc/lib/wii/libwiiuse.a(wpad.o) (calculate_gforce)
/usr/local/devkitpro/libogc/lib/wii/libwiiuse.a(io.o)
                              /usr/local/devkitpro/libogc/lib/wii/libwiiuse.a(motion_plus.o) (wiiuse_disable_expansion)
/usr/local/devkitpro/libogc/lib/wii/libwiiuse.a(io_wii.o)
                              /usr/local/devkitpro/libogc/lib/wii/libwiiuse.a(wpad.o) (__wiiuse_sensorbar_enable)
/usr/local/devkitpro/libogc/lib/wii/libwiiuse.a(ir.o)
                              /usr/local/devkitpro/libogc/lib/wii/libwiiuse.a(motion_plus.o) (wiiuse_set_ir_mode)
/usr/local/devkitpro/libogc/lib/wii/libwiiuse.a(nunchuk.o)
                              /usr/local/devkitpro/libogc/lib/wii/libwiiuse.a(io.o) (nunchuk_handshake)
/usr/local/devkitpro/libogc/lib/wii/libwiiuse.a(wiiboard.o)
                              /usr/local/devkitpro/libogc/lib/wii/libwiiuse.a(io.o) (wii_board_handshake)
/usr/local/devkitpro/libogc/lib/wii/libwiiuse.a(wiiuse.o)
                              /usr/local/devkitpro/libogc/lib/wii/libwiiuse.a(wpad.o) (wiiuse_init)
/usr/local/devkitpro/libogc/lib/wii/libwiiuse.a(speaker.o)
                              /usr/local/devkitpro/libogc/lib/wii/libwiiuse.a(wpad.o) (wencdata)
/usr/local/devkitpro/libogc/lib/wii/libwiiuse.a(classic.o)
                              /usr/local/devkitpro/libogc/lib/wii/libwiiuse.a(io.o) (classic_ctrl_handshake)
/usr/local/devkitpro/libogc/lib/wii/libwiiuse.a(events.o)
                              /usr/local/devkitpro/libogc/lib/wii/libwiiuse.a(io_wii.o) (parse_event)
/usr/local/devkitpro/libogc/lib/wii/libwiiuse.a(guitar_hero_3.o)
                              /usr/local/devkitpro/libogc/lib/wii/libwiiuse.a(io.o) (guitar_hero_3_handshake)
/usr/local/devkitpro/libogc/lib/wii/libbte.a(bte.o)
                              /usr/local/devkitpro/libogc/lib/wii/libwiiuse.a(wpad.o) (BTE_Init)
/usr/local/devkitpro/libogc/lib/wii/libbte.a(hci.o)
                              /usr/local/devkitpro/libogc/lib/wii/libbte.a(bte.o) (hci_init)
/usr/local/devkitpro/libogc/lib/wii/libbte.a(l2cap.o)
                              /usr/local/devkitpro/libogc/lib/wii/libbte.a(bte.o) (l2cap_init)
/usr/local/devkitpro/libogc/lib/wii/libbte.a(btmemb.o)
                              /usr/local/devkitpro/libogc/lib/wii/libbte.a(bte.o) (btmemb_init)
/usr/local/devkitpro/libogc/lib/wii/libbte.a(btmemr.o)
                              /usr/local/devkitpro/libogc/lib/wii/libbte.a(hci.o) (btmemr_init)
/usr/local/devkitpro/libogc/lib/wii/libbte.a(btpbuf.o)
                              /usr/local/devkitpro/libogc/lib/wii/libbte.a(hci.o) (btpbuf_init)
/usr/local/devkitpro/libogc/lib/wii/libbte.a(physbusif.o)
                              /usr/local/devkitpro/libogc/lib/wii/libbte.a(bte.o) (physbusif_init)
/usr/local/devkitpro/libogc/lib/wii/libogc.a(console.o)
                              main.o (CON_Init)
/usr/local/devkitpro/libogc/lib/wii/libogc.a(lwp_queue.o)
                              /usr/local/devkitpro/libogc/lib/wii/libwiiuse.a(io_wii.o) (__lwp_queue_initialize)
[...]
Memory Configuration

Name             Origin             Length             Attributes
*default*        0x00000000         0xffffffff

Linker script and memory map

                0x00003400                . = 0x3400

.stub
 *(.stub)
                0x80004000                . = 0x80004000

.init           0x80004000      0x194
 *crt0.o(*.init)
 .init          0x80004000      0x170 /usr/local/devkitpro/libogc/lib/wii/libogc.a(ogc_crt0.o)
                0x80004000                _start
                0x80004140                _memset
 *(.init)
 .init          0x80004170        0xc /usr/local/devkitpro/devkitPPC/lib/gcc/powerpc-eabi/8.1.0/ecrti.o
                0x80004170                __init
 .init          0x8000417c        0x4 /usr/local/devkitpro/devkitPPC/lib/gcc/powerpc-eabi/8.1.0/crtbegin.o
 .init          0x80004180        0x4 /usr/local/devkitpro/devkitPPC/lib/gcc/powerpc-eabi/8.1.0/crtend.o
 .init          0x80004184       0x10 /usr/local/devkitpro/devkitPPC/lib/gcc/powerpc-eabi/8.1.0/ecrtn.o

.rela.dyn       0x80004194        0x0
 .rela.iplt     0x80004194        0x0 /usr/local/devkitpro/libogc/lib/wii/libbte.a(l2cap.o)

.plt
 *(.plt)

.interp
 *(.interp)

.hash
 *(.hash)

.dynsym
 *(.dynsym)

.dynstr
 *(.dynstr)

.gnu.version
 *(.gnu.version)

.gnu.version_d
 *(.gnu.version_d)

.gnu.version_r
 *(.gnu.version_r)

.rel.init
 *(.rel.init)

.rela.init      0x80004194        0x0
 *(.rela.init)
 .rela.init     0x80004194        0x0 /usr/local/devkitpro/libogc/lib/wii/libbte.a(l2cap.o)

.rel.text
 *(.rel.text .rel.text.* .rel.gnu.linkonce.t.*)

.rela.text      0x80004194        0x0
 *(.rela.text .rela.text.* .rela.gnu.linkonce.t.*)
 .rela.text.deregister_tm_clones
                0x80004194        0x0 /usr/local/devkitpro/libogc/lib/wii/libbte.a(l2cap.o)
 .rela.text.register_tm_clones
                0x80004194        0x0 /usr/local/devkitpro/libogc/lib/wii/libbte.a(l2cap.o)
 .rela.text.wiiuse_handshake
                0x80004194        0x0 /usr/local/devkitpro/libogc/lib/wii/libbte.a(l2cap.o)
 .rela.text.wiiuse_handshake_expansion
                0x80004194        0x0 /usr/local/devkitpro/libogc/lib/wii/libbte.a(l2cap.o)
 .rela.text.wiiuse_init_cmd_queue
                0x80004194        0x0 /usr/local/devkitpro/libogc/lib/wii/libbte.a(l2cap.o)
 .rela.text.wiiuse_init
                0x80004194        0x0 /usr/local/devkitpro/libogc/lib/wii/libbte.a(l2cap.o)
 .rela.text.__lwp_thread_tickle_timeslice
                0x80004194        0x0 /usr/local/devkitpro/libogc/lib/wii/libbte.a(l2cap.o)
 .rela.text.__lwp_thread_setstate
                0x80004194        0x0 /usr/local/devkitpro/libogc/lib/wii/libbte.a(l2cap.o)
 .rela.text.__lwp_thread_changepriority
                0x80004194        0x0 /usr/local/devkitpro/libogc/lib/wii/libbte.a(l2cap.o)
 .rela.text.__lwp_thread_ready
                0x80004194        0x0 /usr/local/devkitpro/libogc/lib/wii/libbte.a(l2cap.o)
 .rela.text.__lwp_thread_init
                0x80004194        0x0 /usr/local/devkitpro/libogc/lib/wii/libbte.a(l2cap.o)
 .rela.text.__lwp_thread_close
                0x80004194        0x0 /usr/local/devkitpro/libogc/lib/wii/libbte.a(l2cap.o)
 .rela.text.__lwp_thread_closeall
                0x80004194        0x0 /usr/local/devkitpro/libogc/lib/wii/libbte.a(l2cap.o)
 .rela.text.__lwp_thread_startmultitasking
                0x80004194        0x0 /usr/local/devkitpro/libogc/lib/wii/libbte.a(l2cap.o)
 .rela.text.__lwp_thread_stopmultitasking
                0x80004194        0x0 /usr/local/devkitpro/libogc/lib/wii/libbte.a(l2cap.o)
 .rela.text.__lwp_thread_coreinit
                0x80004194        0x0 /usr/local/devkitpro/libogc/lib/wii/libbte.a(l2cap.o)
 .rela.text.__lwp_sysinit
                0x80004194        0x0 /usr/local/devkitpro/libogc/lib/wii/libbte.a(l2cap.o)
 .rela.text.LWP_InitQueue
                0x80004194        0x0 /usr/local/devkitpro/libogc/lib/wii/libbte.a(l2cap.o)
 .rela.text.LWP_CloseQueue
                0x80004194        0x0 /usr/local/devkitpro/libogc/lib/wii/libbte.a(l2cap.o)
 .rela.text.LWP_ThreadSleep
                0x80004194        0x0 /usr/local/devkitpro/libogc/lib/wii/libbte.a(l2cap.o)
 .rela.text.LWP_ThreadBroadcast
                0x80004194        0x0 /usr/local/devkitpro/libogc/lib/wii/libbte.a(l2cap.o)
 .rela.text.LWP_ThreadSignal
                0x80004194        0x0 /usr/local/devkitpro/libogc/lib/wii/libbte.a(l2cap.o)
 .rela.text.__lwp_stack_allocate
                0x80004194        0x0 /usr/local/devkitpro/libogc/lib/wii/libbte.a(l2cap.o)
 .rela.text.__lwp_stack_free
                0x80004194        0x0 /usr/local/devkitpro/libogc/lib/wii/libbte.a(l2cap.o)
 .rela.text.__lwp_watchdog_init
                0x80004194        0x0 /usr/local/devkitpro/libogc/lib/wii/libbte.a(l2cap.o)
 .rela.text.__lwp_wd_tickle
                0x80004194        0x0 /usr/local/devkitpro/libogc/lib/wii/libbte.a(l2cap.o)
 .rela.text.__lwp_wkspace_init
                0x80004194        0x0 /usr/local/devkitpro/libogc/lib/wii/libbte.a(l2cap.o)
 .rela.text.__lwp_objmgr_initinfo
                0x80004194        0x0 /usr/local/devkitpro/libogc/lib/wii/libbte.a(l2cap.o)
 .rela.text.__exception_init
                0x80004194        0x0 /usr/local/devkitpro/libogc/lib/wii/libbte.a(l2cap.o)
 .rela.text.__exception_close
                0x80004194        0x0 /usr/local/devkitpro/libogc/lib/wii/libbte.a(l2cap.o)
 .rela.text.__irq_init
                0x80004194        0x0 /usr/local/devkitpro/libogc/lib/wii/libbte.a(l2cap.o)
 .rela.text     0x80004194        0x0 /usr/local/devkitpro/libogc/lib/wii/libbte.a(l2cap.o)
 .rela.text.__lwp_mutex_locksupp.constprop.8
                0x80004194        0x0 /usr/local/devkitpro/libogc/lib/wii/libbte.a(l2cap.o)
 .rela.text.__lwp_mutex_init
                0x80004194        0x0 /usr/local/devkitpro/libogc/lib/wii/libbte.a(l2cap.o)
 .rela.text.LWP_MutexInit
                0x80004194        0x0 /usr/local/devkitpro/libogc/lib/wii/libbte.a(l2cap.o)
 .rela.text.LWP_MutexDestroy
                0x80004194        0x0 /usr/local/devkitpro/libogc/lib/wii/libbte.a(l2cap.o)
 .rela.text.LWP_MutexUnlock
                0x80004194        0x0 /usr/local/devkitpro/libogc/lib/wii/libbte.a(l2cap.o)
 .rela.text.__call_resetfuncs
                0x80004194        0x0 /usr/local/devkitpro/libogc/lib/wii/libbte.a(l2cap.o)
 .rela.text.__unlocksram
                0x80004194        0x0 /usr/local/devkitpro/libogc/lib/wii/libbte.a(l2cap.o)
 .rela.text.__sram_writecallback
                0x80004194        0x0 /usr/local/devkitpro/libogc/lib/wii/libbte.a(l2cap.o)
 .rela.text.__sys_alarmhandler
                0x80004194        0x0 /usr/local/devkitpro/libogc/lib/wii/libbte.a(l2cap.o)
 .rela.text.__sram_read.constprop.11
                0x80004194        0x0 /usr/local/devkitpro/libogc/lib/wii/libbte.a(l2cap.o)
 .rela.text.SYS_Init
                0x80004194        0x0 /usr/local/devkitpro/libogc/lib/wii/libbte.a(l2cap.o)
 .rela.text.SYS_SetAlarm
                0x80004194        0x0 /usr/local/devkitpro/libogc/lib/wii/libbte.a(l2cap.o)
 .rela.text.SYS_SetPeriodicAlarm
                0x80004194        0x0 /usr/local/devkitpro/libogc/lib/wii/libbte.a(l2cap.o)
 .rela.text.SYS_RemoveAlarm
                0x80004194        0x0 /usr/local/devkitpro/libogc/lib/wii/libbte.a(l2cap.o)
 .rela.text.SYS_CancelAlarm
                0x80004194        0x0 /usr/local/devkitpro/libogc/lib/wii/libbte.a(l2cap.o)
 .rela.text.SYS_SetWirelessID
                0x80004194        0x0 /usr/local/devkitpro/libogc/lib/wii/libbte.a(l2cap.o)
 .rela.text.SYS_GetWirelessID
                0x80004194        0x0 /usr/local/devkitpro/libogc/lib/wii/libbte.a(l2cap.o)
 .rela.text.__lwp_cond_init
                0x80004194        0x0 /usr/local/devkitpro/libogc/lib/wii/libbte.a(l2cap.o)
 .rela.text.__GX_InitRevBits
                0x80004194        0x0 /usr/local/devkitpro/libogc/lib/wii/libbte.a(l2cap.o)
 .rela.text.__GX_CleanGPFifo
                0x80004194        0x0 /usr/local/devkitpro/libogc/lib/wii/libbte.a(l2cap.o)
 .rela.text.__SetSURegs
                0x80004194        0x0 /usr/local/devkitpro/libogc/lib/wii/libbte.a(l2cap.o)
 .rela.text.__GX_Abort
                0x80004194        0x0 /usr/local/devkitpro/libogc/lib/wii/libbte.a(l2cap.o)
 .rela.text.__GX_SetDirtyState
                0x80004194        0x0 /usr/local/devkitpro/libogc/lib/wii/libbte.a(l2cap.o)
 .rela.text.GX_Flush
                0x80004194        0x0 /usr/local/devkitpro/libogc/lib/wii/libbte.a(l2cap.o)
 .rela.text.GX_AbortFrame
                0x80004194        0x0 /usr/local/devkitpro/libogc/lib/wii/libbte.a(l2cap.o)
 .rela.text.c_decrementer_handler
                0x80004194        0x0 /usr/local/devkitpro/libogc/lib/wii/libbte.a(l2cap.o)
 .rela.text.__lwp_mqbox_init
                0x80004194        0x0 /usr/local/devkitpro/libogc/lib/wii/libbte.a(l2cap.o)
 .rela.text.__ios_ioctlvformat_parse
                0x80004194        0x0 /usr/local/devkitpro/libogc/lib/wii/libbte.a(l2cap.o)
 .rela.text.__ioctlvfmtCB
                0x80004194        0x0 /usr/local/devkitpro/libogc/lib/wii/libbte.a(l2cap.o)
 .rela.text.IOS_IoctlvFormat
                0x80004194        0x0 /usr/local/devkitpro/libogc/lib/wii/libbte.a(l2cap.o)
 .rela.text.nanosleep
                0x80004194        0x0 /usr/local/devkitpro/libogc/lib/wii/libbte.a(l2cap.o)
 .rela.text.__libc_delete_hook
                0x80004194        0x0 /usr/local/devkitpro/libogc/lib/wii/libbte.a(l2cap.o)
 .rela.text.__libc_init
                0x80004194        0x0 /usr/local/devkitpro/libogc/lib/wii/libbte.a(l2cap.o)
 .rela.text.kprintf
                0x80004194        0x0 /usr/local/devkitpro/libogc/lib/wii/libbte.a(l2cap.o)
 .rela.text.__CheckARGV
                0x80004194        0x0 /usr/local/devkitpro/libogc/lib/wii/libbte.a(l2cap.o)
 .rela.text.__lwp_priority_init
                0x80004194        0x0 /usr/local/devkitpro/libogc/lib/wii/libbte.a(l2cap.o)
 .rela.text.__lwp_threadqueue_enqueuefifo
                0x80004194        0x0 /usr/local/devkitpro/libogc/lib/wii/libbte.a(l2cap.o)
 .rela.text.__lwp_threadqueue_dequeuefifo
                0x80004194        0x0 /usr/local/devkitpro/libogc/lib/wii/libbte.a(l2cap.o)
 .rela.text.__lwp_threadqueue_enqueuepriority
                0x80004194        0x0 /usr/local/devkitpro/libogc/lib/wii/libbte.a(l2cap.o)
 .rela.text.__lwp_threadqueue_dequeuepriority
                0x80004194        0x0 /usr/local/devkitpro/libogc/lib/wii/libbte.a(l2cap.o)
 .rela.text.__lwp_threadqueue_enqueue
                0x80004194        0x0 /usr/local/devkitpro/libogc/lib/wii/libbte.a(l2cap.o)
 .rela.text.__lwp_threadqueue_extractfifo
                0x80004194        0x0 /usr/local/devkitpro/libogc/lib/wii/libbte.a(l2cap.o)
 .rela.text.__lwp_threadqueue_extractpriority
                0x80004194        0x0 /usr/local/devkitpro/libogc/lib/wii/libbte.a(l2cap.o)
 .rela.text.__lwp_sema_init
                0x80004194        0x0 /usr/local/devkitpro/libogc/lib/wii/libbte.a(l2cap.o)
 .rela.text.__card_sd_status
                0x80004194        0x0 /usr/local/devkitpro/libogc/lib/wii/libbte.a(l2cap.o)
 .rela.text.__card_readcid
                0x80004194        0x0 /usr/local/devkitpro/libogc/lib/wii/libbte.a(l2cap.o)
 .rela.text.__card_readcsd
                0x80004194        0x0 /usr/local/devkitpro/libogc/lib/wii/libbte.a(l2cap.o)
 .rela.text.sdgecko_initIO
                0x80004194        0x0 /usr/local/devkitpro/libogc/lib/wii/libbte.a(l2cap.o)
 .rela.text.__gxx_personality_v0
                0x80004194        0x0 /usr/local/devkitpro/libogc/lib/wii/libbte.a(l2cap.o)
 .rela.text.__cxa_call_unexpected
                0x80004194        0x0 /usr/local/devkitpro/libogc/lib/wii/libbte.a(l2cap.o)
 .rela.text._ZSt19__throw_logic_errorPKc
                0x80004194        0x0 /usr/local/devkitpro/libogc/lib/wii/libbte.a(l2cap.o)
 .rela.text._ZSt20__throw_length_errorPKc
                0x80004194        0x0 /usr/local/devkitpro/libogc/lib/wii/libbte.a(l2cap.o)
 .rela.text._ZSt24__throw_out_of_range_fmtPKcz
                0x80004194        0x0 /usr/local/devkitpro/libogc/lib/wii/libbte.a(l2cap.o)
 .rela.text._ZNSt9bad_allocD2Ev
                0x80004194        0x0 /usr/local/devkitpro/libogc/lib/wii/libbte.a(l2cap.o)
 .rela.text._ZNSt9bad_allocD0Ev
                0x80004194        0x0 /usr/local/devkitpro/libogc/lib/wii/libbte.a(l2cap.o)
 .rela.text._ZN9__gnu_cxx24__concurrence_lock_errorD2Ev
                0x80004194        0x0 /usr/local/devkitpro/libogc/lib/wii/libbte.a(l2cap.o)
 .rela.text._ZN9__gnu_cxx26__concurrence_unlock_errorD2Ev
                0x80004194        0x0 /usr/local/devkitpro/libogc/lib/wii/libbte.a(l2cap.o)
 .rela.text._ZN9__gnu_cxx24__concurrence_lock_errorD0Ev
                0x80004194        0x0 /usr/local/devkitpro/libogc/lib/wii/libbte.a(l2cap.o)
 .rela.text._ZN9__gnu_cxx26__concurrence_unlock_errorD0Ev
                0x80004194        0x0 /usr/local/devkitpro/libogc/lib/wii/libbte.a(l2cap.o)
 .rela.text._ZN9__gnu_cxx30__throw_concurrence_lock_errorEv
                0x80004194        0x0 /usr/local/devkitpro/libogc/lib/wii/libbte.a(l2cap.o)
 .rela.text._ZN9__gnu_cxx32__throw_concurrence_unlock_errorEv
                0x80004194        0x0 /usr/local/devkitpro/libogc/lib/wii/libbte.a(l2cap.o)
 .rela.text._ZN10__cxxabiv120__si_class_type_infoD2Ev
                0x80004194        0x0 /usr/local/devkitpro/libogc/lib/wii/libbte.a(l2cap.o)
 .rela.text._ZN10__cxxabiv120__si_class_type_infoD0Ev
                0x80004194        0x0 /usr/local/devkitpro/libogc/lib/wii/libbte.a(l2cap.o)
 .rela.text._ZN10__cxxabiv117__class_type_infoD2Ev
                0x80004194        0x0 /usr/local/devkitpro/libogc/lib/wii/libbte.a(l2cap.o)
 .rela.text._ZN10__cxxabiv117__class_type_infoD0Ev
                0x80004194        0x0 /usr/local/devkitpro/libogc/lib/wii/libbte.a(l2cap.o)
 .rela.text._Znwj
                0x80004194        0x0 /usr/local/devkitpro/libogc/lib/wii/libbte.a(l2cap.o)
 .rela.text._ZNSt11logic_errorD2Ev
                0x80004194        0x0 /usr/local/devkitpro/libogc/lib/wii/libbte.a(l2cap.o)
 .rela.text._ZNSt12length_errorD2Ev
                0x80004194        0x0 /usr/local/devkitpro/libogc/lib/wii/libbte.a(l2cap.o)
 .rela.text._ZNSt12length_errorD0Ev
                0x80004194        0x0 /usr/local/devkitpro/libogc/lib/wii/libbte.a(l2cap.o)
 .rela.text._ZNSt12out_of_rangeD2Ev
                0x80004194        0x0 /usr/local/devkitpro/libogc/lib/wii/libbte.a(l2cap.o)
 .rela.text._ZNSt12out_of_rangeD0Ev
                0x80004194        0x0 /usr/local/devkitpro/libogc/lib/wii/libbte.a(l2cap.o)
 .rela.text._ZNSs12_S_constructIPcEES0_T_S1_RKSaIcESt20forward_iterator_tag.part.22
                0x80004194        0x0 /usr/local/devkitpro/libogc/lib/wii/libbte.a(l2cap.o)
 .rela.text._ZNSs12_S_constructIPKcEEPcT_S3_RKSaIcESt20forward_iterator_tag
                0x80004194        0x0 /usr/local/devkitpro/libogc/lib/wii/libbte.a(l2cap.o)
 .rela.text._ZNSt11logic_errorC2EPKc
                0x80004194        0x0 /usr/local/devkitpro/libogc/lib/wii/libbte.a(l2cap.o)
 .rela.text._ZNSt12length_errorC2EPKc
                0x80004194        0x0 /usr/local/devkitpro/libogc/lib/wii/libbte.a(l2cap.o)
 .rela.text._ZNSt12out_of_rangeC2EPKc
                0x80004194        0x0 /usr/local/devkitpro/libogc/lib/wii/libbte.a(l2cap.o)

.rel.fini
 *(.rel.fini)

.rela.fini
 *(.rela.fini)

.rel.rodata
 *(.rel.rodata .rel.rodata.* .rel.gnu.linkonce.r.*)

.rela.rodata    0x80004194        0x0
 *(.rela.rodata .rela.rodata.* .rela.gnu.linkonce.r.*)
 .rela.rodata._ZTISt13bad_exception
                0x80004194        0x0 /usr/local/devkitpro/libogc/lib/wii/libbte.a(l2cap.o)
 .rela.rodata._ZTVSt13bad_exception
                0x80004194        0x0 /usr/local/devkitpro/libogc/lib/wii/libbte.a(l2cap.o)
 .rela.rodata._ZTISt9bad_alloc
                0x80004194        0x0 /usr/local/devkitpro/libogc/lib/wii/libbte.a(l2cap.o)
 .rela.rodata._ZTVSt9bad_alloc
                0x80004194        0x0 /usr/local/devkitpro/libogc/lib/wii/libbte.a(l2cap.o)
 .rela.rodata._ZTIN9__gnu_cxx24__concurrence_lock_errorE
                0x80004194        0x0 /usr/local/devkitpro/libogc/lib/wii/libbte.a(l2cap.o)
 .rela.rodata._ZTIN9__gnu_cxx26__concurrence_unlock_errorE
                0x80004194        0x0 /usr/local/devkitpro/libogc/lib/wii/libbte.a(l2cap.o)
 .rela.rodata._ZTVN9__gnu_cxx24__concurrence_lock_errorE
                0x80004194        0x0 /usr/local/devkitpro/libogc/lib/wii/libbte.a(l2cap.o)
 .rela.rodata._ZTVN9__gnu_cxx26__concurrence_unlock_errorE
                0x80004194        0x0 /usr/local/devkitpro/libogc/lib/wii/libbte.a(l2cap.o)
 .rela.rodata._ZTIN10__cxxabiv120__si_class_type_infoE
                0x80004194        0x0 /usr/local/devkitpro/libogc/lib/wii/libbte.a(l2cap.o)
 .rela.rodata._ZTVN10__cxxabiv120__si_class_type_infoE
                0x80004194        0x0 /usr/local/devkitpro/libogc/lib/wii/libbte.a(l2cap.o)
 .rela.rodata._ZTIN10__cxxabiv117__class_type_infoE
                0x80004194        0x0 /usr/local/devkitpro/libogc/lib/wii/libbte.a(l2cap.o)
 .rela.rodata._ZTVN10__cxxabiv117__class_type_infoE
                0x80004194        0x0 /usr/local/devkitpro/libogc/lib/wii/libbte.a(l2cap.o)
 .rela.rodata._ZTISt11logic_error
                0x80004194        0x0 /usr/local/devkitpro/libogc/lib/wii/libbte.a(l2cap.o)
 .rela.rodata._ZTISt12length_error
                0x80004194        0x0 /usr/local/devkitpro/libogc/lib/wii/libbte.a(l2cap.o)
 .rela.rodata._ZTISt12out_of_range
                0x80004194        0x0 /usr/local/devkitpro/libogc/lib/wii/libbte.a(l2cap.o)
 .rela.rodata._ZTVSt11logic_error
                0x80004194        0x0 /usr/local/devkitpro/libogc/lib/wii/libbte.a(l2cap.o)
 .rela.rodata._ZTVSt12length_error
                0x80004194        0x0 /usr/local/devkitpro/libogc/lib/wii/libbte.a(l2cap.o)
 .rela.rodata._ZTVSt12out_of_range
                0x80004194        0x0 /usr/local/devkitpro/libogc/lib/wii/libbte.a(l2cap.o)

.rel.data
 *(.rel.data .rel.data.* .rel.gnu.linkonce.d.*)

.rela.data
 *(.rela.data .rela.data.* .rela.gnu.linkonce.d.*)

.rel.tdata
 *(.rel.tdata .rel.tdata.* .rel.gnu.linkonce.td.*)

.rela.tdata
 *(.rela.tdata .rela.tdata.* .rela.gnu.linkonce.td.*)

.rel.tbss
 *(.rel.tbss .rel.tbss.* .rel.gnu.linkonce.tb.*)

.rela.tbss
 *(.rela.tbss .rela.tbss.* .rela.gnu.linkonce.tb.*)

.rel.ctors
 *(.rel.ctors)

.rela.ctors
 *(.rela.ctors)

.rel.dtors
 *(.rel.dtors)

.rela.dtors
 *(.rela.dtors)

.rel.got
 *(.rel.got)

.rela.got
 *(.rela.got)

.rela.got1
 *(.rela.got1)

.rela.got2
 *(.rela.got2)

.rel.sdata
 *(.rel.sdata .rel.sdata.* .rel.gnu.linkonce.s.*)

.rela.sdata     0x80004194        0x0
 *(.rela.sdata .rela.sdata.* .rela.gnu.linkonce.s.*)
 .rela.sdata._ZTISt9exception
                0x80004194        0x0 /usr/local/devkitpro/libogc/lib/wii/libbte.a(l2cap.o)
 .rela.sdata._ZTIN10__cxxabiv115__forced_unwindE
                0x80004194        0x0 /usr/local/devkitpro/libogc/lib/wii/libbte.a(l2cap.o)
 .rela.sdata._ZTIN10__cxxabiv119__foreign_exceptionE
                0x80004194        0x0 /usr/local/devkitpro/libogc/lib/wii/libbte.a(l2cap.o)
 .rela.sdata._ZTISt9type_info
                0x80004194        0x0 /usr/local/devkitpro/libogc/lib/wii/libbte.a(l2cap.o)

.rel.sbss
 *(.rel.sbss .rel.sbss.* .rel.gnu.linkonce.sb.*)

.rela.sbss
 *(.rela.sbss .rela.sbss.* .rel.gnu.linkonce.sb.*)

.rel.sdata2
 *(.rel.sdata2 .rel.sdata2.* .rel.gnu.linkonce.s2.*)

.rela.sdata2    0x80004194        0x0
 *(.rela.sdata2 .rela.sdata2.* .rela.gnu.linkonce.s2.*)
 .rela.sdata2.__sys_inIPL
                0x80004194        0x0 /usr/local/devkitpro/libogc/lib/wii/libbte.a(l2cap.o)

.rel.sbss2
 *(.rel.sbss2 .rel.sbss2.* .rel.gnu.linkonce.sb2.*)

.rela.sbss2
 *(.rela.sbss2 .rela.sbss2.* .rela.gnu.linkonce.sb2.*)

.rel.bss
 *(.rel.bss .rel.bss.* .rel.gnu.linkonce.b.*)

.rela.bss
 *(.rela.bss .rela.bss.* .rela.gnu.linkonce.b.*)

.rel.plt
 *(.rel.plt)

.rela.plt
 *(.rela.plt)

.text           0x800041a0    0x56160
 *(.text)
 .text          0x800041a0      0x44c /usr/local/devkitpro/libogc/lib/wii/libogc.a(lwp_handler.o)
                0x800041a0                _cpu_context_save_fp
                0x800042e0                _cpu_context_restore_fp
                0x80004420                _cpu_context_switch
                0x80004500                _cpu_context_save
                0x80004580                _cpu_context_restore
 .text          0x800045ec      0x1ac /usr/local/devkitpro/libogc/lib/wii/libogc.a(irq_handler.o)
                0x800045ec                irq_exceptionhandler
 .text          0x80004798      0x4f4 /usr/local/devkitpro/libogc/lib/wii/libogc.a(cache_asm.o)
                0x80004798                DCFlashInvalidate
                0x800047ac                DCEnable
                0x800047c0                DCDisable
                0x800047d4                DCFreeze
                0x800047e8                DCUnfreeze
                0x800047fc                DCTouchLoad
                0x80004804                DCBlockZero
                0x8000480c                DCBlockStore
                0x80004814                DCBlockFlush
                0x8000481c                DCBlockInvalidate
                0x80004824                DCInvalidateRange
                0x80004854                DCFlushRange
                0x80004888                DCStoreRange
                0x800048bc                DCFlushRangeNoSync
                0x800048ec                DCStoreRangeNoSync
                0x8000491c                DCZeroRange
                0x8000494c                DCTouchRange
                0x8000497c                ICInvalidateRange
                0x800049b4                ICFlashInvalidate
                0x800049c8                ICEnable
                0x800049dc                ICDisable
                0x800049f0                ICFreeze
                0x80004a04                ICUnfreeze
                0x80004a18                ICBlockInvalidate
                0x80004a20                ICSync
                0x80004a28                L2Init
                0x80004a70                L2Enable
                0x80004a8c                L2Disable
                0x80004aa4                L2GlobalInvalidate
                0x80004afc                __LCEnable
                0x80004bc8                LCDisable
                0x80004bf0                LCAllocOneTag
                0x80004c04                LCAllocTags
                0x80004c44                LCLoadBlocks
                0x80004c68                LCStoreBlocks
 .text          0x80004c8c      0x4a0 /usr/local/devkitpro/libogc/lib/wii/libogc.a(system_asm.o)
                0x80004c8c                __realmode
                0x80004ca4                __configBATS
                0x80004dd4                __InitFPRS
                0x80004f00                __InitPS
                0x80004f5c                __InitCache
                0x80004fb4                __InitSystem
                0x8000503c                __flush_cache
                0x80005070                __reset
                0x800050e0                __InitBATS
                0x800050fc                SYS_SwitchFiber
 .text          0x8000512c      0x1ac /usr/local/devkitpro/libogc/lib/wii/libogc.a(decrementer_handler.o)
                0x8000512c                dec_exceptionhandler
 .text          0x800052d8      0x35c /usr/local/devkitpro/libogc/lib/wii/libogc.a(exception_handler.o)
                0x800052d8                exceptionhandler_start
                0x80005354                exceptionhandler_patch
                0x80005388                exceptionhandler_end
                0x8000538c                default_exceptionhandler
                0x800054bc                fpu_exceptionhandler
                0x80005604                systemcallhandler_start
                0x80005630                systemcallhandler_end
 .text          0x80005634       0x48 /usr/local/devkitpro/devkitPPC/lib/gcc/powerpc-eabi/8.1.0/libgcc.a(eabi.o)
                0x80005634                __eabi
 .text          0x8000567c       0x58 /usr/local/devkitpro/devkitPPC/lib/gcc/powerpc-eabi/8.1.0/libgcc.a(crtresxgpr.o)
                0x8000567c                _restgpr_14_x
                0x80005680                _restgpr_15_x
                0x80005684                _restgpr_16_x
                0x80005688                _restgpr_17_x
                0x8000568c                _restgpr_18_x
                0x80005690                _restgpr_19_x
                0x80005694                _restgpr_20_x
                0x80005698                _restgpr_21_x
                0x8000569c                _restgpr_22_x
                0x800056a0                _restgpr_23_x
                0x800056a4                _restgpr_24_x
                0x800056a8                _restgpr_25_x
                0x800056ac                _restgpr_26_x
                0x800056b0                _restgpr_27_x
                0x800056b4                _restgpr_28_x
                0x800056b8                _restgpr_29_x
                0x800056bc                _restgpr_30_x
                0x800056c0                _restgpr_31_x
 *(.text.*)
 .text.deregister_tm_clones
                0x800056d4       0x30 /usr/local/devkitpro/devkitPPC/lib/gcc/powerpc-eabi/8.1.0/crtbegin.o
 .text.register_tm_clones
                0x80005704       0x3c /usr/local/devkitpro/devkitPPC/lib/gcc/powerpc-eabi/8.1.0/crtbegin.o
 .text.__do_global_dtors_aux
                0x80005740       0xd0 /usr/local/devkitpro/devkitPPC/lib/gcc/powerpc-eabi/8.1.0/crtbegin.o
 .text.frame_dummy
                0x80005810       0x44 /usr/local/devkitpro/devkitPPC/lib/gcc/powerpc-eabi/8.1.0/crtbegin.o
 .text.__crtmain
                0x80005854       0x44 /usr/local/devkitpro/devkitPPC/lib/gcc/powerpc-eabi/8.1.0/../../../../powerpc-eabi/lib/crtmain.o
                0x80005858                __crtmain
 .text._ZL12RVL_FindNodePKcP8DiscNodeb
                0x80005898      0x11c main.o
 .text._Z12RVL_FindNodePKc.part.8
                0x800059b4       0xb8 main.o
 .text._ZNSt7__cxx1112basic_stringIcSt11char_traitsIcESaIcEE12_M_constructIPcEEvT_S7_St20forward_iterator_tag.constprop.32
                0x80005a6c      0x11c main.o
 .text._Z12RVL_FindNodePKc
                0x80005b88       0x20 main.o
                0x80005b88                _Z12RVL_FindNodePKc
 .text._Z18ReadPartitionTablev
                0x80005ba8      0x4c4 main.o
                0x80005ba8                _Z18ReadPartitionTablev
 .text._Z27ReadUnecryptedPartitionDatav
                0x8000606c       0x94 main.o
                0x8000606c                _Z27ReadUnecryptedPartitionDatav
 .text._Z13OpenPartitionv
                0x80006100       0x54 main.o
                0x80006100                _Z13OpenPartitionv
 .text._Z19ReadPartitionHeaderv
                0x80006154       0x8c main.o
                0x80006154                _Z19ReadPartitionHeaderv
 .text._Z16Launcher_ReadFSTv
                0x800061e0       0xc8 main.o
                0x800061e0                _Z16Launcher_ReadFSTv
 .text._ZNSt7__cxx1112basic_stringIcSt11char_traitsIcESaIcEE12_M_constructIPKcEEvT_S8_St20forward_iterator_tag
                0x800062a8      0x11c main.o
                0x800062a8                _ZNSt7__cxx1112basic_stringIcSt11char_traitsIcESaIcEE12_M_constructIPKcEEvT_S8_St20forward_iterator_tag
 .text._ZNSt7__cxx1112basic_stringIcSt11char_traitsIcESaIcEEC2EPKcRKS3_.isra.26
                0x800063c4       0x68 main.o
 .text._Z11PathCombineNSt7__cxx1112basic_stringIcSt11char_traitsIcESaIcEEES4_
                0x8000642c      0x5fc main.o
                0x8000642c                _Z11PathCombineNSt7__cxx1112basic_stringIcSt11char_traitsIcESaIcEEES4_
 .text._Z10DumpFolderP8DiscNodeNSt7__cxx1112basic_stringIcSt11char_traitsIcESaIcEEE
                0x80006a28      0x41c main.o
                0x80006a28                _Z10DumpFolderP8DiscNodeNSt7__cxx1112basic_stringIcSt11char_traitsIcESaIcEEE
 .text._Z10DumpFolderPKcNSt7__cxx1112basic_stringIcSt11char_traitsIcESaIcEEE
                0x80006e44       0xc4 main.o
                0x80006e44                _Z10DumpFolderPKcNSt7__cxx1112basic_stringIcSt11char_traitsIcESaIcEEE
 .text._Z15DumpEarlyMemoryNSt7__cxx1112basic_stringIcSt11char_traitsIcESaIcEEE
                0x80006f08      0x290 main.o
                0x80006f08                _Z15DumpEarlyMemoryNSt7__cxx1112basic_stringIcSt11char_traitsIcESaIcEEE
 .text._Z10DumpTicketNSt7__cxx1112basic_stringIcSt11char_traitsIcESaIcEEE
                0x80007198      0x2a8 main.o
                0x80007198                _Z10DumpTicketNSt7__cxx1112basic_stringIcSt11char_traitsIcESaIcEEE
 .text._Z11DumpBootBinNSt7__cxx1112basic_stringIcSt11char_traitsIcESaIcEEE
                0x80007440      0x2a8 main.o
                0x80007440                _Z11DumpBootBinNSt7__cxx1112basic_stringIcSt11char_traitsIcESaIcEEE
 .text._Z7DumpBi2NSt7__cxx1112basic_stringIcSt11char_traitsIcESaIcEEE
                0x800076e8      0x2ac main.o
                0x800076e8                _Z7DumpBi2NSt7__cxx1112basic_stringIcSt11char_traitsIcESaIcEEE
 .text._Z7DumpFstNSt7__cxx1112basic_stringIcSt11char_traitsIcESaIcEEE
                0x80007994      0x2bc main.o
                0x80007994                _Z7DumpFstNSt7__cxx1112basic_stringIcSt11char_traitsIcESaIcEEE
 .text._Z6DumpH3NSt7__cxx1112basic_stringIcSt11char_traitsIcESaIcEEE
                0x80007c50      0x348 main.o
                0x80007c50                _Z6DumpH3NSt7__cxx1112basic_stringIcSt11char_traitsIcESaIcEEE
 .text._Z9DumpCertsNSt7__cxx1112basic_stringIcSt11char_traitsIcESaIcEEE
                0x80007f98      0x340 main.o
                0x80007f98                _Z9DumpCertsNSt7__cxx1112basic_stringIcSt11char_traitsIcESaIcEEE
 .text._Z7DumpTmdNSt7__cxx1112basic_stringIcSt11char_traitsIcESaIcEEE
                0x800082d8      0x340 main.o
                0x800082d8                _Z7DumpTmdNSt7__cxx1112basic_stringIcSt11char_traitsIcESaIcEEE
 .text._Z13DumpRegionBinNSt7__cxx1112basic_stringIcSt11char_traitsIcESaIcEEE
                0x80008618      0x2e8 main.o
                0x80008618                _Z13DumpRegionBinNSt7__cxx1112basic_stringIcSt11char_traitsIcESaIcEEE
 .text._Z14DumpDiscHeaderNSt7__cxx1112basic_stringIcSt11char_traitsIcESaIcEEE
                0x80008900      0x2e4 main.o
                0x80008900                _Z14DumpDiscHeaderNSt7__cxx1112basic_stringIcSt11char_traitsIcESaIcEEE
 .text._Z13DumpApploaderNSt7__cxx1112basic_stringIcSt11char_traitsIcESaIcEEE
                0x80008be4      0x358 main.o
                0x80008be4                _Z13DumpApploaderNSt7__cxx1112basic_stringIcSt11char_traitsIcESaIcEEE
 .text._Z11DumpMainDolNSt7__cxx1112basic_stringIcSt11char_traitsIcESaIcEEE
                0x80008f3c      0x3d0 main.o
                0x80008f3c                _Z11DumpMainDolNSt7__cxx1112basic_stringIcSt11char_traitsIcESaIcEEE
 .text.startup.main
                0x8000930c      0xd94 main.o
                0x8000930c                main
 .text.WDVD_Init
                0x8000a0a0       0x48 wdvd.o
                0x8000a0a0                WDVD_Init
 .text.WDVD_Reset
                0x8000a0e8       0x74 wdvd.o
                0x8000a0e8                WDVD_Reset
 .text.WDVD_LowUnencryptedRead
                0x8000a15c       0x84 wdvd.o
                0x8000a15c                WDVD_LowUnencryptedRead
 .text.WDVD_LowRead
                0x8000a1e0       0xa8 wdvd.o
                0x8000a1e0                WDVD_LowRead
 .text.WDVD_LowClosePartition
                0x8000a288       0x64 wdvd.o
                0x8000a288                WDVD_LowClosePartition
 .text.WDVD_LowReadDiskId
                0x8000a2ec       0x98 wdvd.o
                0x8000a2ec                WDVD_LowReadDiskId
 .text.WDVD_StopMotor
                0x8000a384       0x7c wdvd.o
                0x8000a384                WDVD_StopMotor
 .text.WDVD_LowOpenPartition
                0x8000a400       0xfc wdvd.o
                0x8000a400                WDVD_LowOpenPartition
 .text.WDVD_Close
                0x8000a4fc       0x40 wdvd.o
                0x8000a4fc                WDVD_Close
 .text.WDVD_VerifyCover
                0x8000a53c       0xa0 wdvd.o
                0x8000a53c                WDVD_VerifyCover
 .text.fatMount
                0x8000a5dc      0x118 /usr/local/devkitpro/libogc/lib/wii/libfat.a(libfat.o)
                0x8000a5dc                fatMount
 .text.fatUnmount
                0x8000a6f4       0x74 /usr/local/devkitpro/libogc/lib/wii/libfat.a(libfat.o)
                0x8000a6f4                fatUnmount
 .text.fatInit  0x8000a768      0x198 /usr/local/devkitpro/libogc/lib/wii/libfat.a(libfat.o)
                0x8000a768                fatInit
 .text.fatInitDefault
                0x8000a900        0xc /usr/local/devkitpro/libogc/lib/wii/libfat.a(libfat.o)
                0x8000a900                fatInitDefault
 .text.u8array_to_u16
                0x8000a90c       0x18 /usr/local/devkitpro/libogc/lib/wii/libfat.a(directory.o)
 .text._FAT_directory_entryGetAlias
                0x8000a924      0x144 /usr/local/devkitpro/libogc/lib/wii/libfat.a(directory.o)
 .text._FAT_directory_mbsncasecmp
                0x8000aa68       0xec /usr/local/devkitpro/libogc/lib/wii/libfat.a(directory.o)
 .text._FAT_fat_clusterToSector
                0x8000ab54       0x28 /usr/local/devkitpro/libogc/lib/wii/libfat.a(directory.o)
 .text._FAT_directory_incrementDirEntryPosition
                0x8000ab7c       0xf8 /usr/local/devkitpro/libogc/lib/wii/libfat.a(directory.o)
 .text._FAT_directory_ucs2tombs.constprop.6
                0x8000ac74       0xd8 /usr/local/devkitpro/libogc/lib/wii/libfat.a(directory.o)
 .text._FAT_directory_entryGetCluster
                0x8000ad4c       0x50 /usr/local/devkitpro/libogc/lib/wii/libfat.a(directory.o)
                0x8000ad4c                _FAT_directory_entryGetCluster
 .text._FAT_directory_getNextEntry
                0x8000ad9c      0x2a0 /usr/local/devkitpro/libogc/lib/wii/libfat.a(directory.o)
                0x8000ad9c                _FAT_directory_getNextEntry
 .text._FAT_directory_getFirstEntry
                0x8000b03c       0x24 /usr/local/devkitpro/libogc/lib/wii/libfat.a(directory.o)
                0x8000b03c                _FAT_directory_getFirstEntry
 .text._FAT_directory_entryExists
                0x8000b060       0xc4 /usr/local/devkitpro/libogc/lib/wii/libfat.a(directory.o)
 .text._FAT_directory_getRootEntry
                0x8000b124       0xa0 /usr/local/devkitpro/libogc/lib/wii/libfat.a(directory.o)
                0x8000b124                _FAT_directory_getRootEntry
 .text._FAT_directory_entryFromPosition
                0x8000b1c4      0x1c4 /usr/local/devkitpro/libogc/lib/wii/libfat.a(directory.o)
                0x8000b1c4                _FAT_directory_entryFromPosition
 .text._FAT_directory_entryFromPath
                0x8000b388      0x294 /usr/local/devkitpro/libogc/lib/wii/libfat.a(directory.o)
                0x8000b388                _FAT_directory_entryFromPath
 .text._FAT_directory_removeEntry
                0x8000b61c       0xf0 /usr/local/devkitpro/libogc/lib/wii/libfat.a(directory.o)
                0x8000b61c                _FAT_directory_removeEntry
 .text._FAT_directory_addEntry
                0x8000b70c      0x958 /usr/local/devkitpro/libogc/lib/wii/libfat.a(directory.o)
                0x8000b70c                _FAT_directory_addEntry
 .text._FAT_directory_chdir
                0x8000c064       0x5c /usr/local/devkitpro/libogc/lib/wii/libfat.a(directory.o)
                0x8000c064                _FAT_directory_chdir
 .text._FAT_directory_entryStat
                0x8000c0c0      0x154 /usr/local/devkitpro/libogc/lib/wii/libfat.a(directory.o)
                0x8000c0c0                _FAT_directory_entryStat
 .text._FAT_filetime_getTimeFromRTC
                0x8000c214       0x84 /usr/local/devkitpro/libogc/lib/wii/libfat.a(filetime.o)
                0x8000c214                _FAT_filetime_getTimeFromRTC
 .text._FAT_filetime_getDateFromRTC
                0x8000c298       0x84 /usr/local/devkitpro/libogc/lib/wii/libfat.a(filetime.o)
                0x8000c298                _FAT_filetime_getDateFromRTC
 .text._FAT_filetime_to_time_t
                0x8000c31c       0x64 /usr/local/devkitpro/libogc/lib/wii/libfat.a(filetime.o)
                0x8000c31c                _FAT_filetime_to_time_t
 .text._FAT_fat_writeFatEntry
                0x8000c380      0x1b0 /usr/local/devkitpro/libogc/lib/wii/libfat.a(file_allocation_table.o)
 .text._FAT_fat_nextCluster
                0x8000c530      0x190 /usr/local/devkitpro/libogc/lib/wii/libfat.a(file_allocation_table.o)
                0x8000c530                _FAT_fat_nextCluster
 .text._FAT_fat_linkFreeCluster
                0x8000c6c0       0xe4 /usr/local/devkitpro/libogc/lib/wii/libfat.a(file_allocation_table.o)
                0x8000c6c0                _FAT_fat_linkFreeCluster
 .text._FAT_fat_linkFreeClusterCleared
                0x8000c7a4       0xac /usr/local/devkitpro/libogc/lib/wii/libfat.a(file_allocation_table.o)
                0x8000c7a4                _FAT_fat_linkFreeClusterCleared
 .text._FAT_fat_clearLinks
                0x8000c850       0xbc /usr/local/devkitpro/libogc/lib/wii/libfat.a(file_allocation_table.o)
                0x8000c850                _FAT_fat_clearLinks
 .text._FAT_fat_trimChain
                0x8000c90c       0xb4 /usr/local/devkitpro/libogc/lib/wii/libfat.a(file_allocation_table.o)
                0x8000c90c                _FAT_fat_trimChain
 .text._FAT_fat_lastCluster
                0x8000c9c0       0x68 /usr/local/devkitpro/libogc/lib/wii/libfat.a(file_allocation_table.o)
                0x8000c9c0                _FAT_fat_lastCluster
 .text._FAT_fat_freeClusterCount
                0x8000ca28       0x54 /usr/local/devkitpro/libogc/lib/wii/libfat.a(file_allocation_table.o)
                0x8000ca28                _FAT_fat_freeClusterCount
 .text.get_io_wiisd
                0x8000ca7c        0xc /usr/local/devkitpro/libogc/lib/wii/libfat.a(disc.o)
 .text.get_io_usbstorage
                0x8000ca88        0xc /usr/local/devkitpro/libogc/lib/wii/libfat.a(disc.o)
 .text.get_io_gcsda
                0x8000ca94        0xc /usr/local/devkitpro/libogc/lib/wii/libfat.a(disc.o)
 .text.get_io_gcsdb
                0x8000caa0        0xc /usr/local/devkitpro/libogc/lib/wii/libfat.a(disc.o)
 .text._FAT_fat_clusterToSector
                0x8000caac       0x28 /usr/local/devkitpro/libogc/lib/wii/libfat.a(fatfile.o)
 .text._FAT_check_position_for_next_cluster.isra.6
                0x8000cad4       0xe8 /usr/local/devkitpro/libogc/lib/wii/libfat.a(fatfile.o)
 .text._FAT_file_extend_r
                0x8000cbbc      0x28c /usr/local/devkitpro/libogc/lib/wii/libfat.a(fatfile.o)
 .text._FAT_open_r
                0x8000ce48      0x3ac /usr/local/devkitpro/libogc/lib/wii/libfat.a(fatfile.o)
                0x8000ce48                _FAT_open_r
 .text._FAT_syncToDisc
                0x8000d1f4      0x12c /usr/local/devkitpro/libogc/lib/wii/libfat.a(fatfile.o)
                0x8000d1f4                _FAT_syncToDisc
 .text._FAT_close_r
                0x8000d320       0xc4 /usr/local/devkitpro/libogc/lib/wii/libfat.a(fatfile.o)
                0x8000d320                _FAT_close_r
 .text._FAT_read_r
                0x8000d3e4      0x3b4 /usr/local/devkitpro/libogc/lib/wii/libfat.a(fatfile.o)
                0x8000d3e4                _FAT_read_r
 .text._FAT_write_r
                0x8000d798      0x53c /usr/local/devkitpro/libogc/lib/wii/libfat.a(fatfile.o)
                0x8000d798                _FAT_write_r
 .text._FAT_seek_r
                0x8000dcd4      0x1e0 /usr/local/devkitpro/libogc/lib/wii/libfat.a(fatfile.o)
                0x8000dcd4                _FAT_seek_r
 .text._FAT_fstat_r
                0x8000deb4       0xdc /usr/local/devkitpro/libogc/lib/wii/libfat.a(fatfile.o)
                0x8000deb4                _FAT_fstat_r
 .text._FAT_ftruncate_r
                0x8000df90      0x200 /usr/local/devkitpro/libogc/lib/wii/libfat.a(fatfile.o)
                0x8000df90                _FAT_ftruncate_r
 .text._FAT_fsync_r
                0x8000e190       0x70 /usr/local/devkitpro/libogc/lib/wii/libfat.a(fatfile.o)
                0x8000e190                _FAT_fsync_r
 .text._FAT_cache_getPage
                0x8000e200      0x158 /usr/local/devkitpro/libogc/lib/wii/libfat.a(cache.o)
 .text._FAT_cache_constructor
                0x8000e358       0xd8 /usr/local/devkitpro/libogc/lib/wii/libfat.a(cache.o)
                0x8000e358                _FAT_cache_constructor
 .text._FAT_cache_readSectors
                0x8000e430       0xa8 /usr/local/devkitpro/libogc/lib/wii/libfat.a(cache.o)
                0x8000e430                _FAT_cache_readSectors
 .text._FAT_cache_readPartialSector
                0x8000e4d8       0x88 /usr/local/devkitpro/libogc/lib/wii/libfat.a(cache.o)
                0x8000e4d8                _FAT_cache_readPartialSector
 .text._FAT_cache_readLittleEndianValue
                0x8000e560       0x74 /usr/local/devkitpro/libogc/lib/wii/libfat.a(cache.o)
                0x8000e560                _FAT_cache_readLittleEndianValue
 .text._FAT_cache_writePartialSector
                0x8000e5d4       0x90 /usr/local/devkitpro/libogc/lib/wii/libfat.a(cache.o)
                0x8000e5d4                _FAT_cache_writePartialSector
 .text._FAT_cache_writeLittleEndianValue
                0x8000e664       0x6c /usr/local/devkitpro/libogc/lib/wii/libfat.a(cache.o)
                0x8000e664                _FAT_cache_writeLittleEndianValue
 .text._FAT_cache_eraseWritePartialSector
                0x8000e6d0       0xa8 /usr/local/devkitpro/libogc/lib/wii/libfat.a(cache.o)
                0x8000e6d0                _FAT_cache_eraseWritePartialSector
 .text._FAT_cache_writeSectors
                0x8000e778       0xb0 /usr/local/devkitpro/libogc/lib/wii/libfat.a(cache.o)
                0x8000e778                _FAT_cache_writeSectors
 .text._FAT_cache_flush
                0x8000e828       0x88 /usr/local/devkitpro/libogc/lib/wii/libfat.a(cache.o)
                0x8000e828                _FAT_cache_flush
 .text._FAT_cache_destructor
                0x8000e8b0       0x64 /usr/local/devkitpro/libogc/lib/wii/libfat.a(cache.o)
                0x8000e8b0                _FAT_cache_destructor
 .text._FAT_stat_r
                0x8000e914       0xc0 /usr/local/devkitpro/libogc/lib/wii/libfat.a(fatdir.o)
                0x8000e914                _FAT_stat_r
 .text._FAT_link_r
                0x8000e9d4       0x10 /usr/local/devkitpro/libogc/lib/wii/libfat.a(fatdir.o)
                0x8000e9d4                _FAT_link_r
 .text._FAT_unlink_r
                0x8000e9e4      0x1b0 /usr/local/devkitpro/libogc/lib/wii/libfat.a(fatdir.o)
                0x8000e9e4                _FAT_unlink_r
 .text._FAT_chdir_r
                0x8000eb94       0xa0 /usr/local/devkitpro/libogc/lib/wii/libfat.a(fatdir.o)
                0x8000eb94                _FAT_chdir_r
 .text._FAT_rename_r
                0x8000ec34      0x240 /usr/local/devkitpro/libogc/lib/wii/libfat.a(fatdir.o)
                0x8000ec34                _FAT_rename_r
 .text._FAT_mkdir_r
                0x8000ee74      0x2d4 /usr/local/devkitpro/libogc/lib/wii/libfat.a(fatdir.o)
                0x8000ee74                _FAT_mkdir_r
 .text._FAT_statvfs_r
                0x8000f148       0xdc /usr/local/devkitpro/libogc/lib/wii/libfat.a(fatdir.o)
                0x8000f148                _FAT_statvfs_r
 .text._FAT_diropen_r
                0x8000f224      0x104 /usr/local/devkitpro/libogc/lib/wii/libfat.a(fatdir.o)
                0x8000f224                _FAT_diropen_r
 .text._FAT_dirreset_r
                0x8000f328       0x74 /usr/local/devkitpro/libogc/lib/wii/libfat.a(fatdir.o)
                0x8000f328                _FAT_dirreset_r
 .text._FAT_dirnext_r
                0x8000f39c       0xc4 /usr/local/devkitpro/libogc/lib/wii/libfat.a(fatdir.o)
                0x8000f39c                _FAT_dirnext_r
 .text._FAT_dirclose_r
                0x8000f460       0x40 /usr/local/devkitpro/libogc/lib/wii/libfat.a(fatdir.o)
                0x8000f460                _FAT_dirclose_r
 .text.u8array_to_u16
                0x8000f4a0       0x18 /usr/local/devkitpro/libogc/lib/wii/libfat.a(partition.o)
 .text.u8array_to_u32
                0x8000f4b8       0x30 /usr/local/devkitpro/libogc/lib/wii/libfat.a(partition.o)
 .text.u32_to_u8array
                0x8000f4e8       0x20 /usr/local/devkitpro/libogc/lib/wii/libfat.a(partition.o)
 .text.isValidMBR
                0x8000f508       0x7c /usr/local/devkitpro/libogc/lib/wii/libfat.a(partition.o)
 .text._FAT_updateFS_INFO
                0x8000f584       0x70 /usr/local/devkitpro/libogc/lib/wii/libfat.a(partition.o)
 .text.FindFirstValidPartition_buf
                0x8000f5f4      0x16c /usr/local/devkitpro/libogc/lib/wii/libfat.a(partition.o)
                0x8000f5f4                FindFirstValidPartition_buf
 .text._FAT_partition_getPartitionFromPath
                0x8000f760       0x34 /usr/local/devkitpro/libogc/lib/wii/libfat.a(partition.o)
                0x8000f760                _FAT_partition_getPartitionFromPath
 .text._FAT_partition_createFSinfo
                0x8000f794       0x9c /usr/local/devkitpro/libogc/lib/wii/libfat.a(partition.o)
                0x8000f794                _FAT_partition_createFSinfo
 .text._FAT_partition_readFSinfo
                0x8000f830      0x11c /usr/local/devkitpro/libogc/lib/wii/libfat.a(partition.o)
                0x8000f830                _FAT_partition_readFSinfo
 .text._FAT_partition_constructor_buf
                0x8000f94c      0x328 /usr/local/devkitpro/libogc/lib/wii/libfat.a(partition.o)
                0x8000f94c                _FAT_partition_constructor_buf
 .text._FAT_partition_constructor
                0x8000fc74       0x6c /usr/local/devkitpro/libogc/lib/wii/libfat.a(partition.o)
                0x8000fc74                _FAT_partition_constructor
 .text._FAT_partition_writeFSinfo
                0x8000fce0      0x100 /usr/local/devkitpro/libogc/lib/wii/libfat.a(partition.o)
                0x8000fce0                _FAT_partition_writeFSinfo
 .text._FAT_partition_destructor
                0x8000fde0       0x74 /usr/local/devkitpro/libogc/lib/wii/libfat.a(partition.o)
                0x8000fde0                _FAT_partition_destructor
 .text.__wpad_assign_slot
                0x8000fe54      0x210 /usr/local/devkitpro/libogc/lib/wii/libwiiuse.a(wpad.o)
                0x8000fe54                __wpad_assign_slot
 .text.__wpad_def_powcb
                0x80010064        0x4 /usr/local/devkitpro/libogc/lib/wii/libwiiuse.a(wpad.o)
 .text.__wpad_disconnect
                0x80010068       0x44 /usr/local/devkitpro/libogc/lib/wii/libwiiuse.a(wpad.o)
 .text.__readlinkkey_finished
                0x800100ac       0x34 /usr/local/devkitpro/libogc/lib/wii/libwiiuse.a(wpad.o)
 .text.__wpad_patch_finished
                0x800100e0       0x2c /usr/local/devkitpro/libogc/lib/wii/libwiiuse.a(wpad.o)
 .text.__wpad_setfmt
                0x8001010c      0x158 /usr/local/devkitpro/libogc/lib/wii/libwiiuse.a(wpad.o)
 .text.__wpad_eventCB
                0x80010264      0xa04 /usr/local/devkitpro/libogc/lib/wii/libwiiuse.a(wpad.o)
 .text.__wpad_disconnectCB
                0x80010c68       0xcc /usr/local/devkitpro/libogc/lib/wii/libwiiuse.a(wpad.o)
                0x80010c68                __wpad_disconnectCB
 .text.__wpad_timeouthandler
                0x80010d34       0xb0 /usr/local/devkitpro/libogc/lib/wii/libwiiuse.a(wpad.o)
 .text.__initcore_finished
                0x80010de4       0x48 /usr/local/devkitpro/libogc/lib/wii/libwiiuse.a(wpad.o)
 .text.__wpad_init_finished
                0x80010e2c      0x1ac /usr/local/devkitpro/libogc/lib/wii/libwiiuse.a(wpad.o)
 .text.WPAD_ReadEvent
                0x80010fd8      0x690 /usr/local/devkitpro/libogc/lib/wii/libwiiuse.a(wpad.o)
                0x80010fd8                WPAD_ReadEvent
 .text.WPAD_ReadPending
                0x80011668      0x148 /usr/local/devkitpro/libogc/lib/wii/libwiiuse.a(wpad.o)
                0x80011668                WPAD_ReadPending
 .text.WPAD_ReadPending.part.5
                0x800117b0       0x68 /usr/local/devkitpro/libogc/lib/wii/libwiiuse.a(wpad.o)
 .text.WPAD_Shutdown
                0x80011818       0xc8 /usr/local/devkitpro/libogc/lib/wii/libwiiuse.a(wpad.o)
                0x80011818                WPAD_Shutdown
 .text.WPAD_Init
                0x800118e0      0x2c4 /usr/local/devkitpro/libogc/lib/wii/libwiiuse.a(wpad.o)
                0x800118e0                WPAD_Init
 .text.__wpad_onreset
                0x80011ba4       0x34 /usr/local/devkitpro/libogc/lib/wii/libwiiuse.a(wpad.o)
 .text.WPAD_ScanPads
                0x80011bd8        0x8 /usr/local/devkitpro/libogc/lib/wii/libwiiuse.a(wpad.o)
                0x80011bd8                WPAD_ScanPads
 .text.WPAD_ButtonsDown
                0x80011be0       0x28 /usr/local/devkitpro/libogc/lib/wii/libwiiuse.a(wpad.o)
                0x80011be0                WPAD_ButtonsDown
 .text.motion_plus_disconnected
                0x80011c08       0x10 /usr/local/devkitpro/libogc/lib/wii/libwiiuse.a(motion_plus.o)
                0x80011c08                motion_plus_disconnected
 .text.motion_plus_event
                0x80011c18       0x64 /usr/local/devkitpro/libogc/lib/wii/libwiiuse.a(motion_plus.o)
                0x80011c18                motion_plus_event
 .text.apply_smoothing.part.0
                0x80011c7c       0xa0 /usr/local/devkitpro/libogc/lib/wii/libwiiuse.a(dynamics.o)
 .text.calculate_gforce
                0x80011d1c      0x114 /usr/local/devkitpro/libogc/lib/wii/libwiiuse.a(dynamics.o)
                0x80011d1c                calculate_gforce
 .text.calc_joystick_state
                0x80011e30      0x20c /usr/local/devkitpro/libogc/lib/wii/libwiiuse.a(dynamics.o)
                0x80011e30                calc_joystick_state
 .text.apply_smoothing
                0x8001203c       0xa4 /usr/local/devkitpro/libogc/lib/wii/libwiiuse.a(dynamics.o)
                0x8001203c                apply_smoothing
 .text.calculate_orientation
                0x800120e0      0x31c /usr/local/devkitpro/libogc/lib/wii/libwiiuse.a(dynamics.o)
                0x800120e0                calculate_orientation
 .text.calc_balanceboard_state
                0x800123fc      0x394 /usr/local/devkitpro/libogc/lib/wii/libwiiuse.a(dynamics.o)
                0x800123fc                calc_balanceboard_state
 .text.wiiuse_handshake
                0x80012790      0x278 /usr/local/devkitpro/libogc/lib/wii/libwiiuse.a(io.o)
                0x80012790                wiiuse_handshake
 .text.wiiuse_handshake_expansion
                0x80012a08      0x21c /usr/local/devkitpro/libogc/lib/wii/libwiiuse.a(io.o)
                0x80012a08                wiiuse_handshake_expansion
 .text.wiiuse_handshake_expansion_start
                0x80012c24       0x24 /usr/local/devkitpro/libogc/lib/wii/libwiiuse.a(io.o)
                0x80012c24                wiiuse_handshake_expansion_start
 .text.wiiuse_disable_expansion
                0x80012c48      0x1b0 /usr/local/devkitpro/libogc/lib/wii/libwiiuse.a(io.o)
                0x80012c48                wiiuse_disable_expansion
 .text.__wiiuse_connected
                0x80012df8       0x9c /usr/local/devkitpro/libogc/lib/wii/libwiiuse.a(io_wii.o)
 .text.__wiiuse_disconnected
                0x80012e94       0xb4 /usr/local/devkitpro/libogc/lib/wii/libwiiuse.a(io_wii.o)
 .text.__wiiuse_receive
                0x80012f48       0xd0 /usr/local/devkitpro/libogc/lib/wii/libwiiuse.a(io_wii.o)
 .text.__wiiuse_sensorbar_enable
                0x80013018       0x54 /usr/local/devkitpro/libogc/lib/wii/libwiiuse.a(io_wii.o)
                0x80013018                __wiiuse_sensorbar_enable
 .text.wiiuse_register
                0x8001306c       0xe4 /usr/local/devkitpro/libogc/lib/wii/libwiiuse.a(io_wii.o)
                0x8001306c                wiiuse_register
 .text.wiiuse_disconnect
                0x80013150       0x24 /usr/local/devkitpro/libogc/lib/wii/libwiiuse.a(io_wii.o)
                0x80013150                wiiuse_disconnect
 .text.wiiuse_init_cmd_queue
                0x80013174       0x9c /usr/local/devkitpro/libogc/lib/wii/libwiiuse.a(io_wii.o)
                0x80013174                wiiuse_init_cmd_queue
 .text.wiiuse_io_write
                0x80013210       0x1c /usr/local/devkitpro/libogc/lib/wii/libwiiuse.a(io_wii.o)
                0x80013210                wiiuse_io_write
 .text.get_ir_sens.isra.0
                0x8001322c       0xe4 /usr/local/devkitpro/libogc/lib/wii/libwiiuse.a(ir.o)
 .text.rotate_dots
                0x80013310      0x114 /usr/local/devkitpro/libogc/lib/wii/libwiiuse.a(ir.o)
 .text.wiiuse_set_ir_mode
                0x80013424       0x88 /usr/local/devkitpro/libogc/lib/wii/libwiiuse.a(ir.o)
                0x80013424                wiiuse_set_ir_mode
 .text.wiiuse_set_ir
                0x800134ac      0x1f0 /usr/local/devkitpro/libogc/lib/wii/libwiiuse.a(ir.o)
                0x800134ac                wiiuse_set_ir
 .text.wiiuse_set_ir_position
                0x8001369c       0x80 /usr/local/devkitpro/libogc/lib/wii/libwiiuse.a(ir.o)
                0x8001369c                wiiuse_set_ir_position
 .text.wiiuse_set_aspect_ratio
                0x8001371c       0x44 /usr/local/devkitpro/libogc/lib/wii/libwiiuse.a(ir.o)
                0x8001371c                wiiuse_set_aspect_ratio
 .text.wiiuse_set_ir_sensitivity
                0x80013760       0xf4 /usr/local/devkitpro/libogc/lib/wii/libwiiuse.a(ir.o)
                0x80013760                wiiuse_set_ir_sensitivity
 .text.calculate_basic_ir
                0x80013854       0xf8 /usr/local/devkitpro/libogc/lib/wii/libwiiuse.a(ir.o)
                0x80013854                calculate_basic_ir
 .text.calculate_extended_ir
                0x8001394c       0x64 /usr/local/devkitpro/libogc/lib/wii/libwiiuse.a(ir.o)
                0x8001394c                calculate_extended_ir
 .text.find_sensorbar
                0x800139b0      0x9e0 /usr/local/devkitpro/libogc/lib/wii/libwiiuse.a(ir.o)
                0x800139b0                find_sensorbar
 .text.apply_ir_smoothing
                0x80014390      0x100 /usr/local/devkitpro/libogc/lib/wii/libwiiuse.a(ir.o)
                0x80014390                apply_ir_smoothing
 .text.interpret_ir_data
                0x80014490      0x3b0 /usr/local/devkitpro/libogc/lib/wii/libwiiuse.a(ir.o)
                0x80014490                interpret_ir_data
 .text.nunchuk_handshake
                0x80014840      0x2d0 /usr/local/devkitpro/libogc/lib/wii/libwiiuse.a(nunchuk.o)
                0x80014840                nunchuk_handshake
 .text.nunchuk_disconnected
                0x80014b10        0xc /usr/local/devkitpro/libogc/lib/wii/libwiiuse.a(nunchuk.o)
                0x80014b10                nunchuk_disconnected
 .text.nunchuk_event
                0x80014b1c       0xe4 /usr/local/devkitpro/libogc/lib/wii/libwiiuse.a(nunchuk.o)
                0x80014b1c                nunchuk_event
 .text.wii_board_handshake
                0x80014c00      0x2c0 /usr/local/devkitpro/libogc/lib/wii/libwiiuse.a(wiiboard.o)
                0x80014c00                wii_board_handshake
 .text.wii_board_disconnected
                0x80014ec0        0xc /usr/local/devkitpro/libogc/lib/wii/libwiiuse.a(wiiboard.o)
                0x80014ec0                wii_board_disconnected
 .text.wii_board_event
                0x80014ecc       0x54 /usr/local/devkitpro/libogc/lib/wii/libwiiuse.a(wiiboard.o)
                0x80014ecc                wii_board_event
 .text.wiiuse_send_next_command.part.0
                0x80014f20       0x44 /usr/local/devkitpro/libogc/lib/wii/libwiiuse.a(wiiuse.o)
 .text.wiiuse_send_next_command
                0x80014f64       0x18 /usr/local/devkitpro/libogc/lib/wii/libwiiuse.a(wiiuse.o)
                0x80014f64                wiiuse_send_next_command
 .text.wiiuse_init
                0x80014f7c      0x208 /usr/local/devkitpro/libogc/lib/wii/libwiiuse.a(wiiuse.o)
                0x80014f7c                wiiuse_init
 .text.wiiuse_set_flags
                0x80015184       0x2c /usr/local/devkitpro/libogc/lib/wii/libwiiuse.a(wiiuse.o)
                0x80015184                wiiuse_set_flags
 .text.wiiuse_read_data
                0x800151b0      0x14c /usr/local/devkitpro/libogc/lib/wii/libwiiuse.a(wiiuse.o)
                0x800151b0                wiiuse_read_data
 .text.wiiuse_write_data
                0x800152fc      0x180 /usr/local/devkitpro/libogc/lib/wii/libwiiuse.a(wiiuse.o)
                0x800152fc                wiiuse_write_data
 .text.wiiuse_sendcmd
                0x8001547c      0x17c /usr/local/devkitpro/libogc/lib/wii/libwiiuse.a(wiiuse.o)
                0x8001547c                wiiuse_sendcmd
 .text.wiiuse_set_report_type
                0x800155f8      0x144 /usr/local/devkitpro/libogc/lib/wii/libwiiuse.a(wiiuse.o)
                0x800155f8                wiiuse_set_report_type
 .text.wiiuse_motion_sensing
                0x8001573c       0x84 /usr/local/devkitpro/libogc/lib/wii/libwiiuse.a(wiiuse.o)
                0x8001573c                wiiuse_motion_sensing
 .text.wiiuse_status
                0x800157c0       0x4c /usr/local/devkitpro/libogc/lib/wii/libwiiuse.a(wiiuse.o)
                0x800157c0                wiiuse_status
 .text.wiiuse_set_leds
                0x8001580c       0x50 /usr/local/devkitpro/libogc/lib/wii/libwiiuse.a(wiiuse.o)
                0x8001580c                wiiuse_set_leds
 .text.wiiuse_set_speaker
                0x8001585c      0x230 /usr/local/devkitpro/libogc/lib/wii/libwiiuse.a(speaker.o)
                0x8001585c                wiiuse_set_speaker
 .text.classic_ctrl_handshake
                0x80015a8c      0x304 /usr/local/devkitpro/libogc/lib/wii/libwiiuse.a(classic.o)
                0x80015a8c                classic_ctrl_handshake
 .text.classic_ctrl_disconnected
                0x80015d90        0xc /usr/local/devkitpro/libogc/lib/wii/libwiiuse.a(classic.o)
                0x80015d90                classic_ctrl_disconnected
 .text.classic_ctrl_event
                0x80015d9c      0x16c /usr/local/devkitpro/libogc/lib/wii/libwiiuse.a(classic.o)
                0x80015d9c                classic_ctrl_event
 .text.handle_expansion
                0x80015f08       0x54 /usr/local/devkitpro/libogc/lib/wii/libwiiuse.a(events.o)
 .text.parse_event
                0x80015f5c      0x748 /usr/local/devkitpro/libogc/lib/wii/libwiiuse.a(events.o)
                0x80015f5c                parse_event
 .text.guitar_hero_3_handshake
                0x800166a4       0x5c /usr/local/devkitpro/libogc/lib/wii/libwiiuse.a(guitar_hero_3.o)
                0x800166a4                guitar_hero_3_handshake
 .text.guitar_hero_3_disconnected
                0x80016700        0xc /usr/local/devkitpro/libogc/lib/wii/libwiiuse.a(guitar_hero_3.o)
                0x80016700                guitar_hero_3_disconnected
 .text.guitar_hero_3_event
                0x8001670c       0x6c /usr/local/devkitpro/libogc/lib/wii/libwiiuse.a(guitar_hero_3.o)
                0x8001670c                guitar_hero_3_event
 .text.acl_wlp_completed
                0x80016778        0x8 /usr/local/devkitpro/libogc/lib/wii/libbte.a(bte.o)
                0x80016778                acl_wlp_completed
 .text.bt_alarmhandler
                0x80016780       0x60 /usr/local/devkitpro/libogc/lib/wii/libbte.a(bte.o)
 .text.__bte_send_pending_request
                0x800167e0      0x104 /usr/local/devkitpro/libogc/lib/wii/libbte.a(bte.o)
 .text.acl_conn_complete
                0x800168e4       0x2c /usr/local/devkitpro/libogc/lib/wii/libbte.a(bte.o)
                0x800168e4                acl_conn_complete
 .text.bte_process_input
                0x80016910      0x148 /usr/local/devkitpro/libogc/lib/wii/libbte.a(bte.o)
 .text.l2cap_disconnect_cfm
                0x80016a58      0x19c /usr/local/devkitpro/libogc/lib/wii/libbte.a(bte.o)
                0x80016a58                l2cap_disconnect_cfm
 .text.l2cap_accepted
                0x80016bf4      0x128 /usr/local/devkitpro/libogc/lib/wii/libbte.a(bte.o)
                0x80016bf4                l2cap_accepted
 .text.l2cap_disconnected_ind
                0x80016d1c      0x1a4 /usr/local/devkitpro/libogc/lib/wii/libbte.a(bte.o)
                0x80016d1c                l2cap_disconnected_ind
 .text.bte_hci_apply_patch_complete
                0x80016ec0      0x160 /usr/local/devkitpro/libogc/lib/wii/libbte.a(bte.o)
                0x80016ec0                bte_hci_apply_patch_complete
 .text.__bte_shutdown_finished
                0x80017020       0xd0 /usr/local/devkitpro/libogc/lib/wii/libbte.a(bte.o)
 .text.bte_hci_patch_complete
                0x800170f0      0x378 /usr/local/devkitpro/libogc/lib/wii/libbte.a(bte.o)
                0x800170f0                bte_hci_patch_complete
 .text.bte_hci_initcore_complete
                0x80017468      0x28c /usr/local/devkitpro/libogc/lib/wii/libbte.a(bte.o)
                0x80017468                bte_hci_initcore_complete
 .text.bte_read_stored_link_key_complete
                0x800176f4      0x26c /usr/local/devkitpro/libogc/lib/wii/libbte.a(bte.o)
                0x800176f4                bte_read_stored_link_key_complete
 .text.bte_hci_initcore_complete2
                0x80017960      0x244 /usr/local/devkitpro/libogc/lib/wii/libbte.a(bte.o)
 .text.bte_hci_initsub_complete
                0x80017ba4      0x2b8 /usr/local/devkitpro/libogc/lib/wii/libbte.a(bte.o)
                0x80017ba4                bte_hci_initsub_complete
 .text.BTE_Init
                0x80017e5c      0x138 /usr/local/devkitpro/libogc/lib/wii/libbte.a(bte.o)
                0x80017e5c                BTE_Init
 .text.BTE_Shutdown
                0x80017f94      0x100 /usr/local/devkitpro/libogc/lib/wii/libbte.a(bte.o)
                0x80017f94                BTE_Shutdown
 .text.BTE_InitCore
                0x80018094       0x90 /usr/local/devkitpro/libogc/lib/wii/libbte.a(bte.o)
                0x80018094                BTE_InitCore
 .text.BTE_ApplyPatch
                0x80018124       0xa8 /usr/local/devkitpro/libogc/lib/wii/libbte.a(bte.o)
                0x80018124                BTE_ApplyPatch
 .text.BTE_InitSub
                0x800181cc       0x94 /usr/local/devkitpro/libogc/lib/wii/libbte.a(bte.o)
                0x800181cc                BTE_InitSub
 .text.BTE_ReadStoredLinkKey
                0x80018260       0x94 /usr/local/devkitpro/libogc/lib/wii/libbte.a(bte.o)
                0x80018260                BTE_ReadStoredLinkKey
 .text.BTE_SetDisconnectCallback
                0x800182f4        0x4 /usr/local/devkitpro/libogc/lib/wii/libbte.a(bte.o)
                0x800182f4                BTE_SetDisconnectCallback
 .text.bte_new  0x800182f8       0x54 /usr/local/devkitpro/libogc/lib/wii/libbte.a(bte.o)
                0x800182f8                bte_new
 .text.bte_registerdeviceasync
                0x8001834c      0x15c /usr/local/devkitpro/libogc/lib/wii/libbte.a(bte.o)
                0x8001834c                bte_registerdeviceasync
 .text.bte_disconnect
                0x800184a8       0xd8 /usr/local/devkitpro/libogc/lib/wii/libbte.a(bte.o)
                0x800184a8                bte_disconnect
 .text.bte_senddata
                0x80018580       0xdc /usr/local/devkitpro/libogc/lib/wii/libbte.a(bte.o)
                0x80018580                bte_senddata
 .text.bte_arg  0x8001865c       0x38 /usr/local/devkitpro/libogc/lib/wii/libbte.a(bte.o)
                0x8001865c                bte_arg
 .text.bte_received
                0x80018694       0x38 /usr/local/devkitpro/libogc/lib/wii/libbte.a(bte.o)
                0x80018694                bte_received
 .text.bte_disconnected
                0x800186cc       0x38 /usr/local/devkitpro/libogc/lib/wii/libbte.a(bte.o)
                0x800186cc                bte_disconnected
 .text.hci_get_link
                0x80018704       0x84 /usr/local/devkitpro/libogc/lib/wii/libbte.a(hci.o)
 .text.hci_init
                0x80018788       0x7c /usr/local/devkitpro/libogc/lib/wii/libbte.a(hci.o)
                0x80018788                hci_init
 .text.hci_new  0x80018804       0x48 /usr/local/devkitpro/libogc/lib/wii/libbte.a(hci.o)
                0x80018804                hci_new
 .text.hci_close
                0x8001884c       0xd0 /usr/local/devkitpro/libogc/lib/wii/libbte.a(hci.o)
                0x8001884c                hci_close
 .text.hci_reset_all
                0x8001891c       0xbc /usr/local/devkitpro/libogc/lib/wii/libbte.a(hci.o)
                0x8001891c                hci_reset_all
 .text.hci_arg  0x800189d8        0xc /usr/local/devkitpro/libogc/lib/wii/libbte.a(hci.o)
                0x800189d8                hci_arg
 .text.hci_cmd_complete
                0x800189e4        0xc /usr/local/devkitpro/libogc/lib/wii/libbte.a(hci.o)
                0x800189e4                hci_cmd_complete
 .text.hci_connection_complete
                0x800189f0        0xc /usr/local/devkitpro/libogc/lib/wii/libbte.a(hci.o)
                0x800189f0                hci_connection_complete
 .text.hci_wlp_complete
                0x800189fc        0xc /usr/local/devkitpro/libogc/lib/wii/libbte.a(hci.o)
                0x800189fc                hci_wlp_complete
 .text.hci_reset
                0x80018a08       0xa8 /usr/local/devkitpro/libogc/lib/wii/libbte.a(hci.o)
                0x80018a08                hci_reset
 .text.hci_read_buffer_size
                0x80018ab0       0xa8 /usr/local/devkitpro/libogc/lib/wii/libbte.a(hci.o)
                0x80018ab0                hci_read_buffer_size
 .text.hci_read_bd_addr
                0x80018b58       0xa8 /usr/local/devkitpro/libogc/lib/wii/libbte.a(hci.o)
                0x80018b58                hci_read_bd_addr
 .text.hci_read_local_version
                0x80018c00       0xa4 /usr/local/devkitpro/libogc/lib/wii/libbte.a(hci.o)
                0x80018c00                hci_read_local_version
 .text.hci_read_local_features
                0x80018ca4       0xa8 /usr/local/devkitpro/libogc/lib/wii/libbte.a(hci.o)
                0x80018ca4                hci_read_local_features
 .text.hci_read_stored_link_key
                0x80018d4c       0xfc /usr/local/devkitpro/libogc/lib/wii/libbte.a(hci.o)
                0x80018d4c                hci_read_stored_link_key
 .text.hci_write_page_timeout
                0x80018e48       0xcc /usr/local/devkitpro/libogc/lib/wii/libbte.a(hci.o)
                0x80018e48                hci_write_page_timeout
 .text.hci_write_scan_enable
                0x80018f14       0xb8 /usr/local/devkitpro/libogc/lib/wii/libbte.a(hci.o)
                0x80018f14                hci_write_scan_enable
 .text.hci_accecpt_conn_request
                0x80018fcc       0xdc /usr/local/devkitpro/libogc/lib/wii/libbte.a(hci.o)
                0x80018fcc                hci_accecpt_conn_request
 .text.hci_write_local_name
                0x800190a8       0xd4 /usr/local/devkitpro/libogc/lib/wii/libbte.a(hci.o)
                0x800190a8                hci_write_local_name
 .text.hci_write_pin_type
                0x8001917c       0xb8 /usr/local/devkitpro/libogc/lib/wii/libbte.a(hci.o)
                0x8001917c                hci_write_pin_type
 .text.hci_write_inquiry_mode
                0x80019234       0xb8 /usr/local/devkitpro/libogc/lib/wii/libbte.a(hci.o)
                0x80019234                hci_write_inquiry_mode
 .text.hci_write_page_scan_type
                0x800192ec       0xb8 /usr/local/devkitpro/libogc/lib/wii/libbte.a(hci.o)
                0x800192ec                hci_write_page_scan_type
 .text.hci_write_inquiry_scan_type
                0x800193a4       0xb8 /usr/local/devkitpro/libogc/lib/wii/libbte.a(hci.o)
                0x800193a4                hci_write_inquiry_scan_type
 .text.hci_vendor_specific_command
                0x8001945c       0xe4 /usr/local/devkitpro/libogc/lib/wii/libbte.a(hci.o)
                0x8001945c                hci_vendor_specific_command
 .text.hci_write_link_policy_settings
                0x80019540      0x100 /usr/local/devkitpro/libogc/lib/wii/libbte.a(hci.o)
                0x80019540                hci_write_link_policy_settings
 .text.hci_pin_code_request_neg_reply
                0x80019640       0xc8 /usr/local/devkitpro/libogc/lib/wii/libbte.a(hci.o)
                0x80019640                hci_pin_code_request_neg_reply
 .text.hci_link_key_req_neg_reply
                0x80019708       0xc8 /usr/local/devkitpro/libogc/lib/wii/libbte.a(hci.o)
                0x80019708                hci_link_key_req_neg_reply
 .text.hci_disconnect
                0x800197d0       0xf8 /usr/local/devkitpro/libogc/lib/wii/libbte.a(hci.o)
                0x800197d0                hci_disconnect
 .text.hci_write_cod
                0x800198c8       0xc8 /usr/local/devkitpro/libogc/lib/wii/libbte.a(hci.o)
                0x800198c8                hci_write_cod
 .text.hci_host_buffer_size
                0x80019990      0x108 /usr/local/devkitpro/libogc/lib/wii/libbte.a(hci.o)
                0x80019990                hci_host_buffer_size
 .text.hci_host_num_comp_packets
                0x80019a98      0x104 /usr/local/devkitpro/libogc/lib/wii/libbte.a(hci.o)
                0x80019a98                hci_host_num_comp_packets
 .text.lp_pdu_maxsize
                0x80019b9c        0xc /usr/local/devkitpro/libogc/lib/wii/libbte.a(hci.o)
                0x80019b9c                lp_pdu_maxsize
 .text.lp_acl_write
                0x80019ba8      0x154 /usr/local/devkitpro/libogc/lib/wii/libbte.a(hci.o)
                0x80019ba8                lp_acl_write
 .text.lp_write_flush_timeout
                0x80019cfc      0x100 /usr/local/devkitpro/libogc/lib/wii/libbte.a(hci.o)
                0x80019cfc                lp_write_flush_timeout
 .text.hci_event_handler
                0x80019dfc      0xbf4 /usr/local/devkitpro/libogc/lib/wii/libbte.a(hci.o)
                0x80019dfc                hci_event_handler
 .text.hci_acldata_handler
                0x8001a9f0      0x12c /usr/local/devkitpro/libogc/lib/wii/libbte.a(hci.o)
                0x8001a9f0                hci_acldata_handler
 .text.l2cap_init
                0x8001ab1c       0x60 /usr/local/devkitpro/libogc/lib/wii/libbte.a(l2cap.o)
                0x8001ab1c                l2cap_init
 .text.l2cap_write
                0x8001ab7c      0x1a8 /usr/local/devkitpro/libogc/lib/wii/libbte.a(l2cap.o)
                0x8001ab7c                l2cap_write
 .text.l2cap_new
                0x8001ad24       0x6c /usr/local/devkitpro/libogc/lib/wii/libbte.a(l2cap.o)
                0x8001ad24                l2cap_new
 .text.l2cap_close
                0x8001ad90      0x1d4 /usr/local/devkitpro/libogc/lib/wii/libbte.a(l2cap.o)
                0x8001ad90                l2cap_close
 .text.l2cap_reset_all
                0x8001af64      0x154 /usr/local/devkitpro/libogc/lib/wii/libbte.a(l2cap.o)
                0x8001af64                l2cap_reset_all
 .text.l2cap_signal
                0x8001b0b8      0x210 /usr/local/devkitpro/libogc/lib/wii/libbte.a(l2cap.o)
                0x8001b0b8                l2cap_signal
 .text.l2ca_config_req
                0x8001b2c8      0x160 /usr/local/devkitpro/libogc/lib/wii/libbte.a(l2cap.o)
                0x8001b2c8                l2ca_config_req
 .text.l2ca_disconnect_req
                0x8001b428       0xc4 /usr/local/devkitpro/libogc/lib/wii/libbte.a(l2cap.o)
                0x8001b428                l2ca_disconnect_req
 .text.l2cap_tmr
                0x8001b4ec      0x260 /usr/local/devkitpro/libogc/lib/wii/libbte.a(l2cap.o)
                0x8001b4ec                l2cap_tmr
 .text.l2cap_process_sig
                0x8001b74c     0x11d0 /usr/local/devkitpro/libogc/lib/wii/libbte.a(l2cap.o)
                0x8001b74c                l2cap_process_sig
 .text.l2cap_input
                0x8001c91c      0x5ac /usr/local/devkitpro/libogc/lib/wii/libbte.a(l2cap.o)
                0x8001c91c                l2cap_input
 .text.l2ca_datawrite
                0x8001cec8      0x118 /usr/local/devkitpro/libogc/lib/wii/libbte.a(l2cap.o)
                0x8001cec8                l2ca_datawrite
 .text.lp_connect_cfm
                0x8001cfe0      0x184 /usr/local/devkitpro/libogc/lib/wii/libbte.a(l2cap.o)
                0x8001cfe0                lp_connect_cfm
 .text.lp_connect_ind
                0x8001d164        0x4 /usr/local/devkitpro/libogc/lib/wii/libbte.a(l2cap.o)
                0x8001d164                lp_connect_ind
 .text.lp_disconnect_ind
                0x8001d168      0x12c /usr/local/devkitpro/libogc/lib/wii/libbte.a(l2cap.o)
                0x8001d168                lp_disconnect_ind
 .text.l2cap_disconnect_bb
                0x8001d294       0x10 /usr/local/devkitpro/libogc/lib/wii/libbte.a(l2cap.o)
                0x8001d294                l2cap_disconnect_bb
 .text.l2cap_arg
                0x8001d2a4        0x8 /usr/local/devkitpro/libogc/lib/wii/libbte.a(l2cap.o)
                0x8001d2a4                l2cap_arg
 .text.l2cap_connect_ind
                0x8001d2ac      0x100 /usr/local/devkitpro/libogc/lib/wii/libbte.a(l2cap.o)
                0x8001d2ac                l2cap_connect_ind
 .text.l2cap_disconnect_ind
                0x8001d3ac        0x8 /usr/local/devkitpro/libogc/lib/wii/libbte.a(l2cap.o)
                0x8001d3ac                l2cap_disconnect_ind
 .text.l2cap_recv
                0x8001d3b4        0x8 /usr/local/devkitpro/libogc/lib/wii/libbte.a(l2cap.o)
                0x8001d3b4                l2cap_recv
 .text.btmemb_init
                0x8001d3bc       0x24 /usr/local/devkitpro/libogc/lib/wii/libbte.a(btmemb.o)
                0x8001d3bc                btmemb_init
 .text.btmemb_alloc
                0x8001d3e0       0xa8 /usr/local/devkitpro/libogc/lib/wii/libbte.a(btmemb.o)
                0x8001d3e0                btmemb_alloc
 .text.btmemb_free
                0x8001d488       0xa8 /usr/local/devkitpro/libogc/lib/wii/libbte.a(btmemb.o)
                0x8001d488                btmemb_free
 .text.plug_holes
                0x8001d530       0xb8 /usr/local/devkitpro/libogc/lib/wii/libbte.a(btmemr.o)
 .text.btmemr_free.part.0
                0x8001d5e8       0x78 /usr/local/devkitpro/libogc/lib/wii/libbte.a(btmemr.o)
 .text.btmemr_init
                0x8001d660       0x98 /usr/local/devkitpro/libogc/lib/wii/libbte.a(btmemr.o)
                0x8001d660                btmemr_init
 .text.btmemr_malloc
                0x8001d6f8      0x178 /usr/local/devkitpro/libogc/lib/wii/libbte.a(btmemr.o)
                0x8001d6f8                btmemr_malloc
 .text.btmemr_free
                0x8001d870       0x28 /usr/local/devkitpro/libogc/lib/wii/libbte.a(btmemr.o)
                0x8001d870                btmemr_free
 .text.btmemr_realloc
                0x8001d898      0x10c /usr/local/devkitpro/libogc/lib/wii/libbte.a(btmemr.o)
                0x8001d898                btmemr_realloc
 .text.btpbuf_cat.part.0
                0x8001d9a4       0x68 /usr/local/devkitpro/libogc/lib/wii/libbte.a(btpbuf.o)
 .text.btpbuf_init
                0x8001da0c       0x28 /usr/local/devkitpro/libogc/lib/wii/libbte.a(btpbuf.o)
                0x8001da0c                btpbuf_init
 .text.btpbuf_free
                0x8001da34      0x124 /usr/local/devkitpro/libogc/lib/wii/libbte.a(btpbuf.o)
                0x8001da34                btpbuf_free
 .text.btpbuf_alloc
                0x8001db58      0x25c /usr/local/devkitpro/libogc/lib/wii/libbte.a(btpbuf.o)
                0x8001db58                btpbuf_alloc
 .text.btpbuf_realloc
                0x8001ddb4       0xec /usr/local/devkitpro/libogc/lib/wii/libbte.a(btpbuf.o)
                0x8001ddb4                btpbuf_realloc
 .text.btpbuf_header
                0x8001dea0       0x90 /usr/local/devkitpro/libogc/lib/wii/libbte.a(btpbuf.o)
                0x8001dea0                btpbuf_header
 .text.btpbuf_ref
                0x8001df30       0x48 /usr/local/devkitpro/libogc/lib/wii/libbte.a(btpbuf.o)
                0x8001df30                btpbuf_ref
 .text.btpbuf_chain
                0x8001df78       0x8c /usr/local/devkitpro/libogc/lib/wii/libbte.a(btpbuf.o)
                0x8001df78                btpbuf_chain
 .text.btpbuf_dechain
                0x8001e004       0x7c /usr/local/devkitpro/libogc/lib/wii/libbte.a(btpbuf.o)
                0x8001e004                btpbuf_dechain
 .text.btpbuf_take
                0x8001e080      0x13c /usr/local/devkitpro/libogc/lib/wii/libbte.a(btpbuf.o)
                0x8001e080                btpbuf_take
 .text.__usb_closeCB
                0x8001e1bc       0x10 /usr/local/devkitpro/libogc/lib/wii/libbte.a(physbusif.o)
 .text.__writebulkmsgCB
                0x8001e1cc       0x3c /usr/local/devkitpro/libogc/lib/wii/libbte.a(physbusif.o)
 .text.__writectrlmsgCB
                0x8001e208       0x3c /usr/local/devkitpro/libogc/lib/wii/libbte.a(physbusif.o)
 .text.__issue_intrread.part.0
                0x8001e244       0x80 /usr/local/devkitpro/libogc/lib/wii/libbte.a(physbusif.o)
 .text.__readintrdataCB
                0x8001e2c4      0x150 /usr/local/devkitpro/libogc/lib/wii/libbte.a(physbusif.o)
 .text.__issue_bulkread.part.2
                0x8001e414       0x80 /usr/local/devkitpro/libogc/lib/wii/libbte.a(physbusif.o)
 .text.__readbulkdataCB
                0x8001e494      0x150 /usr/local/devkitpro/libogc/lib/wii/libbte.a(physbusif.o)
 .text.physbusif_init
                0x8001e5e4      0x1dc /usr/local/devkitpro/libogc/lib/wii/libbte.a(physbusif.o)
                0x8001e5e4                physbusif_init
 .text.physbusif_close
                0x8001e7c0       0x20 /usr/local/devkitpro/libogc/lib/wii/libbte.a(physbusif.o)
                0x8001e7c0                physbusif_close
 .text.physbusif_shutdown
                0x8001e7e0       0x24 /usr/local/devkitpro/libogc/lib/wii/libbte.a(physbusif.o)
                0x8001e7e0                physbusif_shutdown
 .text.physbusif_reset_all
                0x8001e804        0x4 /usr/local/devkitpro/libogc/lib/wii/libbte.a(physbusif.o)
                0x8001e804                physbusif_reset_all
 .text.physbusif_output
                0x8001e808      0x1b4 /usr/local/devkitpro/libogc/lib/wii/libbte.a(physbusif.o)
                0x8001e808                physbusif_output
 .text.__console_clear_line
                0x8001e9bc       0x84 /usr/local/devkitpro/libogc/lib/wii/libogc.a(console.o)
 .text.__console_clear
                0x8001ea40       0x54 /usr/local/devkitpro/libogc/lib/wii/libogc.a(console.o)
 .text.__console_write
                0x8001ea94      0x708 /usr/local/devkitpro/libogc/lib/wii/libogc.a(console.o)
                0x8001ea94                __console_write
 .text.__console_init
                0x8001f19c      0x108 /usr/local/devkitpro/libogc/lib/wii/libogc.a(console.o)
                0x8001f19c                __console_init
 .text.CON_Init
                0x8001f2a4        0x4 /usr/local/devkitpro/libogc/lib/wii/libogc.a(console.o)
                0x8001f2a4                CON_Init
 .text.CON_EnableGecko
                0x8001f2a8      0x100 /usr/local/devkitpro/libogc/lib/wii/libogc.a(console.o)
                0x8001f2a8                CON_EnableGecko
 .text.__lwp_queue_initialize
                0x8001f3a8       0x60 /usr/local/devkitpro/libogc/lib/wii/libogc.a(lwp_queue.o)
                0x8001f3a8                __lwp_queue_initialize
 .text.__lwp_queue_get
                0x8001f408       0x74 /usr/local/devkitpro/libogc/lib/wii/libogc.a(lwp_queue.o)
                0x8001f408                __lwp_queue_get
 .text.__lwp_queue_append
                0x8001f47c       0x4c /usr/local/devkitpro/libogc/lib/wii/libogc.a(lwp_queue.o)
                0x8001f47c                __lwp_queue_append
 .text.__lwp_isr_in_progress
                0x8001f4c8        0x8 /usr/local/devkitpro/libogc/lib/wii/libogc.a(lwp_threads.o)
                0x8001f4c8                __lwp_isr_in_progress
 .text.__thread_dispatch_fp
                0x8001f4d0       0x88 /usr/local/devkitpro/libogc/lib/wii/libogc.a(lwp_threads.o)
                0x8001f4d0                __thread_dispatch_fp
 .text.__thread_dispatch
                0x8001f558      0x110 /usr/local/devkitpro/libogc/lib/wii/libogc.a(lwp_threads.o)
                0x8001f558                __thread_dispatch
 .text.__lwp_thread_resettimeslice
                0x8001f668       0xec /usr/local/devkitpro/libogc/lib/wii/libogc.a(lwp_threads.o)
                0x8001f668                __lwp_thread_resettimeslice
 .text.__lwp_thread_tickle_timeslice
                0x8001f754       0xcc /usr/local/devkitpro/libogc/lib/wii/libogc.a(lwp_threads.o)
                0x8001f754                __lwp_thread_tickle_timeslice
 .text.__lwp_thread_setstate
                0x8001f820      0x178 /usr/local/devkitpro/libogc/lib/wii/libogc.a(lwp_threads.o)
                0x8001f820                __lwp_thread_setstate
 .text.__lwp_thread_clearstate
                0x8001f998       0xe4 /usr/local/devkitpro/libogc/lib/wii/libogc.a(lwp_threads.o)
                0x8001f998                __lwp_thread_clearstate
 .text.__lwp_thread_delayended
                0x8001fa7c       0x48 /usr/local/devkitpro/libogc/lib/wii/libogc.a(lwp_threads.o)
                0x8001fa7c                __lwp_thread_delayended
 .text.__lwp_thread_settransient
                0x8001fac4       0xb4 /usr/local/devkitpro/libogc/lib/wii/libogc.a(lwp_threads.o)
                0x8001fac4                __lwp_thread_settransient
 .text.__lwp_thread_changepriority
                0x8001fb78      0x1f8 /usr/local/devkitpro/libogc/lib/wii/libogc.a(lwp_threads.o)
                0x8001fb78                __lwp_thread_changepriority
 .text.__lwp_thread_ready
                0x8001fd70       0xf4 /usr/local/devkitpro/libogc/lib/wii/libogc.a(lwp_threads.o)
                0x8001fd70                __lwp_thread_ready
 .text.__lwp_thread_init
                0x8001fe64      0x180 /usr/local/devkitpro/libogc/lib/wii/libogc.a(lwp_threads.o)
                0x8001fe64                __lwp_thread_init
 .text.__lwp_thread_close
                0x8001ffe4      0x130 /usr/local/devkitpro/libogc/lib/wii/libogc.a(lwp_threads.o)
                0x8001ffe4                __lwp_thread_close
 .text.__lwp_thread_closeall
                0x80020114       0xb8 /usr/local/devkitpro/libogc/lib/wii/libogc.a(lwp_threads.o)
                0x80020114                __lwp_thread_closeall
 .text.__lwp_thread_exit
                0x800201cc       0x5c /usr/local/devkitpro/libogc/lib/wii/libogc.a(lwp_threads.o)
                0x800201cc                __lwp_thread_exit
 .text.__lwp_thread_handler
                0x80020228       0xb4 /usr/local/devkitpro/libogc/lib/wii/libogc.a(lwp_threads.o)
 .text.__lwp_thread_start
                0x800202dc       0xd4 /usr/local/devkitpro/libogc/lib/wii/libogc.a(lwp_threads.o)
                0x800202dc                __lwp_thread_start
 .text.__lwp_thread_startmultitasking
                0x800203b0       0xb0 /usr/local/devkitpro/libogc/lib/wii/libogc.a(lwp_threads.o)
                0x800203b0                __lwp_thread_startmultitasking
 .text.__lwp_thread_stopmultitasking
                0x80020460       0x58 /usr/local/devkitpro/libogc/lib/wii/libogc.a(lwp_threads.o)
                0x80020460                __lwp_thread_stopmultitasking
 .text.__lwp_thread_coreinit
                0x800204b8       0xb0 /usr/local/devkitpro/libogc/lib/wii/libogc.a(lwp_threads.o)
                0x800204b8                __lwp_thread_coreinit
 .text.idle_func
                0x80020568        0x4 /usr/local/devkitpro/libogc/lib/wii/libogc.a(lwp.o)
 .text.__lwp_sysinit
                0x8002056c      0x118 /usr/local/devkitpro/libogc/lib/wii/libogc.a(lwp.o)
                0x8002056c                __lwp_sysinit
 .text.LWP_InitQueue
                0x80020684      0x150 /usr/local/devkitpro/libogc/lib/wii/libogc.a(lwp.o)
                0x80020684                LWP_InitQueue
 .text.LWP_CloseQueue
                0x800207d4       0xd4 /usr/local/devkitpro/libogc/lib/wii/libogc.a(lwp.o)
                0x800207d4                LWP_CloseQueue
 .text.LWP_ThreadSleep
                0x800208a8      0x110 /usr/local/devkitpro/libogc/lib/wii/libogc.a(lwp.o)
                0x800208a8                LWP_ThreadSleep
 .text.LWP_ThreadBroadcast
                0x800209b8       0x88 /usr/local/devkitpro/libogc/lib/wii/libogc.a(lwp.o)
                0x800209b8                LWP_ThreadBroadcast
 .text.LWP_ThreadSignal
                0x80020a40       0x74 /usr/local/devkitpro/libogc/lib/wii/libogc.a(lwp.o)
                0x80020a40                LWP_ThreadSignal
 .text.__lwp_stack_allocate
                0x80020ab4       0x60 /usr/local/devkitpro/libogc/lib/wii/libogc.a(lwp_stack.o)
                0x80020ab4                __lwp_stack_allocate
 .text.__lwp_stack_free
                0x80020b14       0x1c /usr/local/devkitpro/libogc/lib/wii/libogc.a(lwp_stack.o)
                0x80020b14                __lwp_stack_free
 .text.__lwp_wd_settimer.isra.4
                0x80020b30       0xd8 /usr/local/devkitpro/libogc/lib/wii/libogc.a(lwp_watchdog.o)
 .text.__lwp_watchdog_init
                0x80020c08       0x2c /usr/local/devkitpro/libogc/lib/wii/libogc.a(lwp_watchdog.o)
                0x80020c08                __lwp_watchdog_init
 .text.__lwp_wd_insert
                0x80020c34      0x1e4 /usr/local/devkitpro/libogc/lib/wii/libogc.a(lwp_watchdog.o)
                0x80020c34                __lwp_wd_insert
 .text.__lwp_wd_remove
                0x80020e18      0x144 /usr/local/devkitpro/libogc/lib/wii/libogc.a(lwp_watchdog.o)
                0x80020e18                __lwp_wd_remove
 .text.__lwp_wd_tickle
                0x80020f5c      0x120 /usr/local/devkitpro/libogc/lib/wii/libogc.a(lwp_watchdog.o)
                0x80020f5c                __lwp_wd_tickle
 .text.__lwp_wkspace_init
                0x8002107c       0xc4 /usr/local/devkitpro/libogc/lib/wii/libogc.a(lwp_wkspace.o)
                0x8002107c                __lwp_wkspace_init
 .text.__lwp_objmgr_initinfo
                0x80021140      0x1a4 /usr/local/devkitpro/libogc/lib/wii/libogc.a(lwp_objmgr.o)
                0x80021140                __lwp_objmgr_initinfo
 .text.__lwp_objmgr_getisrdisable
                0x800212e4       0x60 /usr/local/devkitpro/libogc/lib/wii/libogc.a(lwp_objmgr.o)
                0x800212e4                __lwp_objmgr_getisrdisable
 .text.__lwp_objmgr_getnoprotection
                0x80021344       0x24 /usr/local/devkitpro/libogc/lib/wii/libogc.a(lwp_objmgr.o)
                0x80021344                __lwp_objmgr_getnoprotection
 .text.__lwp_objmgr_get
                0x80021368       0x70 /usr/local/devkitpro/libogc/lib/wii/libogc.a(lwp_objmgr.o)
                0x80021368                __lwp_objmgr_get
 .text.__lwp_objmgr_allocate
                0x800213d8       0x88 /usr/local/devkitpro/libogc/lib/wii/libogc.a(lwp_objmgr.o)
                0x800213d8                __lwp_objmgr_allocate
 .text.__lwp_objmgr_free
                0x80021460       0x60 /usr/local/devkitpro/libogc/lib/wii/libogc.a(lwp_objmgr.o)
                0x80021460                __lwp_objmgr_free
 .text.__lwp_heap_init
                0x800214c0       0xa8 /usr/local/devkitpro/libogc/lib/wii/libogc.a(lwp_heap.o)
                0x800214c0                __lwp_heap_init
 .text.__lwp_heap_allocate
                0x80021568      0x16c /usr/local/devkitpro/libogc/lib/wii/libogc.a(lwp_heap.o)
                0x80021568                __lwp_heap_allocate
 .text.__lwp_heap_free
                0x800216d4      0x188 /usr/local/devkitpro/libogc/lib/wii/libogc.a(lwp_heap.o)
                0x800216d4                __lwp_heap_free
 .text.__exception_load
                0x8002185c       0xa4 /usr/local/devkitpro/libogc/lib/wii/libogc.a(exception.o)
                0x8002185c                __exception_load
 .text.__systemcall_init
                0x80021900       0x20 /usr/local/devkitpro/libogc/lib/wii/libogc.a(exception.o)
                0x80021900                __systemcall_init
 .text.__exception_init
                0x80021920       0xd8 /usr/local/devkitpro/libogc/lib/wii/libogc.a(exception.o)
                0x80021920                __exception_init
 .text.__exception_close
                0x800219f8       0xac /usr/local/devkitpro/libogc/lib/wii/libogc.a(exception.o)
                0x800219f8                __exception_close
 .text.__exception_closeall
                0x80021aa4       0x54 /usr/local/devkitpro/libogc/lib/wii/libogc.a(exception.o)
                0x80021aa4                __exception_closeall
 .text.__exception_setreload
                0x80021af8        0xc /usr/local/devkitpro/libogc/lib/wii/libogc.a(exception.o)
                0x80021af8                __exception_setreload
 .text.c_default_exceptionhandler
                0x80021b04      0x448 /usr/local/devkitpro/libogc/lib/wii/libogc.a(exception.o)
                0x80021b04                c_default_exceptionhandler
 .text.__SetInterrupts
                0x80021f4c      0x298 /usr/local/devkitpro/libogc/lib/wii/libogc.a(irq.o)
 .text.c_irqdispatcher
                0x800221e4      0x280 /usr/local/devkitpro/libogc/lib/wii/libogc.a(irq.o)
                0x800221e4                c_irqdispatcher
 .text.__UnmaskIrq
                0x80022464       0x84 /usr/local/devkitpro/libogc/lib/wii/libogc.a(irq.o)
                0x80022464                __UnmaskIrq
 .text.__MaskIrq
                0x800224e8       0x84 /usr/local/devkitpro/libogc/lib/wii/libogc.a(irq.o)
                0x800224e8                __MaskIrq
 .text.__irq_init
                0x8002256c       0x9c /usr/local/devkitpro/libogc/lib/wii/libogc.a(irq.o)
                0x8002256c                __irq_init
 .text.IRQ_Request
                0x80022608       0x50 /usr/local/devkitpro/libogc/lib/wii/libogc.a(irq.o)
                0x80022608                IRQ_Request
 .text.IRQ_GetHandler
                0x80022658       0x44 /usr/local/devkitpro/libogc/lib/wii/libogc.a(irq.o)
                0x80022658                IRQ_GetHandler
 .text.IRQ_Disable
                0x8002269c       0x1c /usr/local/devkitpro/libogc/lib/wii/libogc.a(irq.o)
                0x8002269c                IRQ_Disable
 .text.IRQ_Restore
                0x800226b8       0x1c /usr/local/devkitpro/libogc/lib/wii/libogc.a(irq.o)
                0x800226b8                IRQ_Restore
 .text.__VISendI2CData.constprop.2
                0x800226d4      0x420 /usr/local/devkitpro/libogc/lib/wii/libogc.a(video.o)
 .text.__VIWriteI2CRegister16
                0x80022af4       0x38 /usr/local/devkitpro/libogc/lib/wii/libogc.a(video.o)
 .text.__VIWriteI2CRegister8
                0x80022b2c       0x38 /usr/local/devkitpro/libogc/lib/wii/libogc.a(video.o)
 .text.__VISetYUVSEL
                0x80022b64       0x68 /usr/local/devkitpro/libogc/lib/wii/libogc.a(video.o)
 .text.VIDEO_Configure
                0x80022bcc      0x7c8 /usr/local/devkitpro/libogc/lib/wii/libogc.a(video.o)
                0x80022bcc                VIDEO_Configure
 .text.VIDEO_WaitVSync
                0x80023394       0x74 /usr/local/devkitpro/libogc/lib/wii/libogc.a(video.o)
                0x80023394                VIDEO_WaitVSync
 .text.VIDEO_SetFramebuffer
                0x80023408      0x23c /usr/local/devkitpro/libogc/lib/wii/libogc.a(video.o)
                0x80023408                VIDEO_SetFramebuffer
 .text.VIDEO_SetNextFramebuffer
                0x80023644      0x1b4 /usr/local/devkitpro/libogc/lib/wii/libogc.a(video.o)
                0x80023644                VIDEO_SetNextFramebuffer
 .text.VIDEO_Flush
                0x800237f8      0x134 /usr/local/devkitpro/libogc/lib/wii/libogc.a(video.o)
                0x800237f8                VIDEO_Flush
 .text.VIDEO_SetBlack
                0x8002392c      0x144 /usr/local/devkitpro/libogc/lib/wii/libogc.a(video.o)
                0x8002392c                VIDEO_SetBlack
 .text.VIDEO_GetCurrentTvMode
                0x80023a70       0x78 /usr/local/devkitpro/libogc/lib/wii/libogc.a(video.o)
                0x80023a70                VIDEO_GetCurrentTvMode
 .text.__VIRetraceHandler
                0x80023ae8      0x294 /usr/local/devkitpro/libogc/lib/wii/libogc.a(video.o)
 .text.__VISetupEncoder
                0x80023d7c      0x1fc /usr/local/devkitpro/libogc/lib/wii/libogc.a(video.o)
 .text.VIDEO_Init
                0x80023f78      0x4e0 /usr/local/devkitpro/libogc/lib/wii/libogc.a(video.o)
                0x80023f78                VIDEO_Init
 .text.VIDEO_GetPreferredMode
                0x80024458      0x100 /usr/local/devkitpro/libogc/lib/wii/libogc.a(video.o)
                0x80024458                VIDEO_GetPreferredMode
 .text.VIDEO_GetCurrentLine
                0x80024558       0x9c /usr/local/devkitpro/libogc/lib/wii/libogc.a(video.o)
                0x80024558                VIDEO_GetCurrentLine
 .text.VIDEO_GetFrameBufferSize
                0x800245f4       0x30 /usr/local/devkitpro/libogc/lib/wii/libogc.a(video.o)
                0x800245f4                VIDEO_GetFrameBufferSize
 .text.SPEC0_MakeStatus
                0x80024624      0x104 /usr/local/devkitpro/libogc/lib/wii/libogc.a(pad.o)
 .text.SPEC1_MakeStatus
                0x80024728      0x104 /usr/local/devkitpro/libogc/lib/wii/libogc.a(pad.o)
 .text.SPEC2_MakeStatus
                0x8002482c      0x254 /usr/local/devkitpro/libogc/lib/wii/libogc.a(pad.o)
 .text.__pad_samplinghandler
                0x80024a80        0x4 /usr/local/devkitpro/libogc/lib/wii/libogc.a(pad.o)
 .text.__pad_doreset
                0x80024a84       0x50 /usr/local/devkitpro/libogc/lib/wii/libogc.a(pad.o)
 .text.__pad_updateorigin
                0x80024ad4       0xa0 /usr/local/devkitpro/libogc/lib/wii/libogc.a(pad.o)
 .text.__pad_disable
                0x80024b74       0xc0 /usr/local/devkitpro/libogc/lib/wii/libogc.a(pad.o)
 .text.__pad_enable
                0x80024c34       0x5c /usr/local/devkitpro/libogc/lib/wii/libogc.a(pad.o)
 .text.__pad_typeandstatuscallback
                0x80024c90      0x164 /usr/local/devkitpro/libogc/lib/wii/libogc.a(pad.o)
 .text.__pad_probecallback