Archive member included to satisfy reference by file (symbol)

/usr/local/devkitpro/libogc/lib/wii/libfat.a(libfat.o)
                              main.o (fatUnmount)
/usr/local/devkitpro/libogc/lib/wii/libfat.a(directory.o)
                              /usr/local/devkitpro/libogc/lib/wii/libfat.a(libfat.o) (_FAT_directory_getVolumeLabel)
/usr/local/devkitpro/libogc/lib/wii/libfat.a(filetime.o)
                              /usr/local/devkitpro/libogc/lib/wii/libfat.a(directory.o) (_FAT_filetime_to_time_t)
/usr/local/devkitpro/libogc/lib/wii/libfat.a(file_allocation_table.o)
                              /usr/local/devkitpro/libogc/lib/wii/libfat.a(directory.o) (_FAT_fat_nextCluster)
/usr/local/devkitpro/libogc/lib/wii/libfat.a(disc.o)
                              /usr/local/devkitpro/libogc/lib/wii/libfat.a(libfat.o) (_FAT_disc_interfaces)
/usr/local/devkitpro/libogc/lib/wii/libfat.a(fatfile.o)
                              /usr/local/devkitpro/libogc/lib/wii/libfat.a(libfat.o) (_FAT_open_r)
/usr/local/devkitpro/libogc/lib/wii/libfat.a(cache.o)
                              /usr/local/devkitpro/libogc/lib/wii/libfat.a(fatfile.o) (_FAT_cache_readSectors)
/usr/local/devkitpro/libogc/lib/wii/libfat.a(fatdir.o)
                              /usr/local/devkitpro/libogc/lib/wii/libfat.a(libfat.o) (_FAT_stat_r)
/usr/local/devkitpro/libogc/lib/wii/libfat.a(partition.o)
                              /usr/local/devkitpro/libogc/lib/wii/libfat.a(fatfile.o) (_FAT_partition_getPartitionFromPath)
/usr/local/devkitpro/libogc/lib/wii/libwiiuse.a(wpad.o)
                              main.o (WPAD_Init)
/usr/local/devkitpro/libogc/lib/wii/libwiiuse.a(motion_plus.o)
                              /usr/local/devkitpro/libogc/lib/wii/libwiiuse.a(wpad.o) (wiiuse_set_motion_plus)
/usr/local/devkitpro/libogc/lib/wii/libwiiuse.a(dynamics.o)
                              /usr/local/devkitpro/libogc/lib/wii/libwiiuse.a(wpad.o) (calculate_gforce)
/usr/local/devkitpro/libogc/lib/wii/libwiiuse.a(io.o)
                              /usr/local/devkitpro/libogc/lib/wii/libwiiuse.a(motion_plus.o) (wiiuse_disable_expansion)
/usr/local/devkitpro/libogc/lib/wii/libwiiuse.a(io_wii.o)
                              /usr/local/devkitpro/libogc/lib/wii/libwiiuse.a(wpad.o) (__wiiuse_sensorbar_enable)
/usr/local/devkitpro/libogc/lib/wii/libwiiuse.a(ir.o)
                              /usr/local/devkitpro/libogc/lib/wii/libwiiuse.a(motion_plus.o) (wiiuse_set_ir_mode)
/usr/local/devkitpro/libogc/lib/wii/libwiiuse.a(nunchuk.o)
                              /usr/local/devkitpro/libogc/lib/wii/libwiiuse.a(io.o) (nunchuk_handshake)
/usr/local/devkitpro/libogc/lib/wii/libwiiuse.a(wiiboard.o)
                              /usr/local/devkitpro/libogc/lib/wii/libwiiuse.a(io.o) (wii_board_handshake)
/usr/local/devkitpro/libogc/lib/wii/libwiiuse.a(wiiuse.o)
                              /usr/local/devkitpro/libogc/lib/wii/libwiiuse.a(wpad.o) (wiiuse_init)
/usr/local/devkitpro/libogc/lib/wii/libwiiuse.a(speaker.o)
                              /usr/local/devkitpro/libogc/lib/wii/libwiiuse.a(wpad.o) (wencdata)
/usr/local/devkitpro/libogc/lib/wii/libwiiuse.a(classic.o)
                              /usr/local/devkitpro/libogc/lib/wii/libwiiuse.a(io.o) (classic_ctrl_handshake)
/usr/local/devkitpro/libogc/lib/wii/libwiiuse.a(events.o)
                              /usr/local/devkitpro/libogc/lib/wii/libwiiuse.a(io_wii.o) (parse_event)
/usr/local/devkitpro/libogc/lib/wii/libwiiuse.a(guitar_hero_3.o)
                              /usr/local/devkitpro/libogc/lib/wii/libwiiuse.a(io.o) (guitar_hero_3_handshake)
/usr/local/devkitpro/libogc/lib/wii/libbte.a(bte.o)
                              /usr/local/devkitpro/libogc/lib/wii/libwiiuse.a(wpad.o) (BTE_Init)
/usr/local/devkitpro/libogc/lib/wii/libbte.a(hci.o)
                              /usr/local/devkitpro/libogc/lib/wii/libbte.a(bte.o) (hci_init)
/usr/local/devkitpro/libogc/lib/wii/libbte.a(l2cap.o)
                              /usr/local/devkitpro/libogc/lib/wii/libbte.a(bte.o) (l2cap_init)
/usr/local/devkitpro/libogc/lib/wii/libbte.a(btmemb.o)
                              /usr/local/devkitpro/libogc/lib/wii/libbte.a(bte.o) (btmemb_init)
/usr/local/devkitpro/libogc/lib/wii/libbte.a(btmemr.o)
                              /usr/local/devkitpro/libogc/lib/wii/libbte.a(hci.o) (btmemr_init)
/usr/local/devkitpro/libogc/lib/wii/libbte.a(btpbuf.o)
                              /usr/local/devkitpro/libogc/lib/wii/libbte.a(hci.o) (btpbuf_init)
/usr/local/devkitpro/libogc/lib/wii/libbte.a(physbusif.o)
                              /usr/local/devkitpro/libogc/lib/wii/libbte.a(bte.o) (physbusif_init)
/usr/local/devkitpro/libogc/lib/wii/libogc.a(console.o)
                              main.o (CON_Init)
/usr/local/devkitpro/libogc/lib/wii/libogc.a(lwp_queue.o)
                              /usr/local/devkitpro/libogc/lib/wii/libwiiuse.a(io_wii.o) (__lwp_queue_initialize)
[...]
Memory Configuration

Name             Origin             Length             Attributes
*default*        0x00000000         0xffffffff

Linker script and memory map

                0x00003400                . = 0x3400

.stub
 *(.stub)
                0x80004000                . = 0x80004000

.init           0x80004000      0x194
 *crt0.o(*.init)
 .init          0x80004000      0x170 /usr/local/devkitpro/libogc/lib/wii/libogc.a(ogc_crt0.o)
                0x80004000                _start
                0x80004140                _memset
 *(.init)
 .init          0x80004170        0xc /usr/local/devkitpro/devkitPPC/lib/gcc/powerpc-eabi/8.1.0/ecrti.o
                0x80004170                __init
 .init          0x8000417c        0x4 /usr/local/devkitpro/devkitPPC/lib/gcc/powerpc-eabi/8.1.0/crtbegin.o
 .init          0x80004180        0x4 /usr/local/devkitpro/devkitPPC/lib/gcc/powerpc-eabi/8.1.0/crtend.o
 .init          0x80004184       0x10 /usr/local/devkitpro/devkitPPC/lib/gcc/powerpc-eabi/8.1.0/ecrtn.o

.rela.dyn       0x80004194        0x0
 .rela.iplt     0x80004194        0x0 /usr/local/devkitpro/libogc/lib/wii/libbte.a(l2cap.o)

.plt
 *(.plt)

.interp
 *(.interp)

.hash
 *(.hash)

.dynsym
 *(.dynsym)

.dynstr
 *(.dynstr)

.gnu.version
 *(.gnu.version)

.gnu.version_d
 *(.gnu.version_d)

.gnu.version_r
 *(.gnu.version_r)

.rel.init
 *(.rel.init)

.rela.init      0x80004194        0x0
 *(.rela.init)
 .rela.init     0x80004194        0x0 /usr/local/devkitpro/libogc/lib/wii/libbte.a(l2cap.o)

.rel.text
 *(.rel.text .rel.text.* .rel.gnu.linkonce.t.*)

.rela.text      0x80004194        0x0
 *(.rela.text .rela.text.* .rela.gnu.linkonce.t.*)
 .rela.text.deregister_tm_clones
                0x80004194        0x0 /usr/local/devkitpro/libogc/lib/wii/libbte.a(l2cap.o)
 .rela.text.register_tm_clones
                0x80004194        0x0 /usr/local/devkitpro/libogc/lib/wii/libbte.a(l2cap.o)
 .rela.text.wiiuse_handshake
                0x80004194        0x0 /usr/local/devkitpro/libogc/lib/wii/libbte.a(l2cap.o)
 .rela.text.wiiuse_handshake_expansion
                0x80004194        0x0 /usr/local/devkitpro/libogc/lib/wii/libbte.a(l2cap.o)
 .rela.text.wiiuse_init_cmd_queue
                0x80004194        0x0 /usr/local/devkitpro/libogc/lib/wii/libbte.a(l2cap.o)
 .rela.text.wiiuse_init
                0x80004194        0x0 /usr/local/devkitpro/libogc/lib/wii/libbte.a(l2cap.o)
 .rela.text.__lwp_thread_tickle_timeslice
                0x80004194        0x0 /usr/local/devkitpro/libogc/lib/wii/libbte.a(l2cap.o)
 .rela.text.__lwp_thread_setstate
                0x80004194        0x0 /usr/local/devkitpro/libogc/lib/wii/libbte.a(l2cap.o)
 .rela.text.__lwp_thread_changepriority
                0x80004194        0x0 /usr/local/devkitpro/libogc/lib/wii/libbte.a(l2cap.o)
 .rela.text.__lwp_thread_ready
                0x80004194        0x0 /usr/local/devkitpro/libogc/lib/wii/libbte.a(l2cap.o)
 .rela.text.__lwp_thread_init
                0x80004194        0x0 /usr/local/devkitpro/libogc/lib/wii/libbte.a(l2cap.o)
 .rela.text.__lwp_thread_close
                0x80004194        0x0 /usr/local/devkitpro/libogc/lib/wii/libbte.a(l2cap.o)
 .rela.text.__lwp_thread_closeall
                0x80004194        0x0 /usr/local/devkitpro/libogc/lib/wii/libbte.a(l2cap.o)
 .rela.text.__lwp_thread_startmultitasking
                0x80004194        0x0 /usr/local/devkitpro/libogc/lib/wii/libbte.a(l2cap.o)
 .rela.text.__lwp_thread_stopmultitasking
                0x80004194        0x0 /usr/local/devkitpro/libogc/lib/wii/libbte.a(l2cap.o)
 .rela.text.__lwp_thread_coreinit
                0x80004194        0x0 /usr/local/devkitpro/libogc/lib/wii/libbte.a(l2cap.o)
 .rela.text.__lwp_sysinit
                0x80004194        0x0 /usr/local/devkitpro/libogc/lib/wii/libbte.a(l2cap.o)
 .rela.text.LWP_InitQueue
                0x80004194        0x0 /usr/local/devkitpro/libogc/lib/wii/libbte.a(l2cap.o)
 .rela.text.LWP_CloseQueue
                0x80004194        0x0 /usr/local/devkitpro/libogc/lib/wii/libbte.a(l2cap.o)
 .rela.text.LWP_ThreadSleep
                0x80004194        0x0 /usr/local/devkitpro/libogc/lib/wii/libbte.a(l2cap.o)
 .rela.text.LWP_ThreadBroadcast
                0x80004194        0x0 /usr/local/devkitpro/libogc/lib/wii/libbte.a(l2cap.o)
 .rela.text.LWP_ThreadSignal
                0x80004194        0x0 /usr/local/devkitpro/libogc/lib/wii/libbte.a(l2cap.o)
 .rela.text.__lwp_stack_allocate
                0x80004194        0x0 /usr/local/devkitpro/libogc/lib/wii/libbte.a(l2cap.o)
 .rela.text.__lwp_stack_free
                0x80004194        0x0 /usr/local/devkitpro/libogc/lib/wii/libbte.a(l2cap.o)
 .rela.text.__lwp_watchdog_init
                0x80004194        0x0 /usr/local/devkitpro/libogc/lib/wii/libbte.a(l2cap.o)
 .rela.text.__lwp_wd_tickle
                0x80004194        0x0 /usr/local/devkitpro/libogc/lib/wii/libbte.a(l2cap.o)
 .rela.text.__lwp_wkspace_init
                0x80004194        0x0 /usr/local/devkitpro/libogc/lib/wii/libbte.a(l2cap.o)
 .rela.text.__lwp_objmgr_initinfo
                0x80004194        0x0 /usr/local/devkitpro/libogc/lib/wii/libbte.a(l2cap.o)
 .rela.text.__irq_init
                0x80004194        0x0 /usr/local/devkitpro/libogc/lib/wii/libbte.a(l2cap.o)
 .rela.text.__lwp_mutex_locksupp.constprop.8
                0x80004194        0x0 /usr/local/devkitpro/libogc/lib/wii/libbte.a(l2cap.o)
 .rela.text.__lwp_mutex_init
                0x80004194        0x0 /usr/local/devkitpro/libogc/lib/wii/libbte.a(l2cap.o)
 .rela.text.LWP_MutexInit
                0x80004194        0x0 /usr/local/devkitpro/libogc/lib/wii/libbte.a(l2cap.o)
 .rela.text.LWP_MutexDestroy
                0x80004194        0x0 /usr/local/devkitpro/libogc/lib/wii/libbte.a(l2cap.o)
 .rela.text.LWP_MutexUnlock
                0x80004194        0x0 /usr/local/devkitpro/libogc/lib/wii/libbte.a(l2cap.o)
 .rela.text.__call_resetfuncs
                0x80004194        0x0 /usr/local/devkitpro/libogc/lib/wii/libbte.a(l2cap.o)
 .rela.text.__unlocksram
                0x80004194        0x0 /usr/local/devkitpro/libogc/lib/wii/libbte.a(l2cap.o)
 .rela.text.__sram_writecallback
                0x80004194        0x0 /usr/local/devkitpro/libogc/lib/wii/libbte.a(l2cap.o)
 .rela.text.__sys_alarmhandler
                0x80004194        0x0 /usr/local/devkitpro/libogc/lib/wii/libbte.a(l2cap.o)
 .rela.text.__sram_read.constprop.11
                0x80004194        0x0 /usr/local/devkitpro/libogc/lib/wii/libbte.a(l2cap.o)
 .rela.text.SYS_Init
                0x80004194        0x0 /usr/local/devkitpro/libogc/lib/wii/libbte.a(l2cap.o)
 .rela.text.SYS_SetAlarm
                0x80004194        0x0 /usr/local/devkitpro/libogc/lib/wii/libbte.a(l2cap.o)
 .rela.text.SYS_SetPeriodicAlarm
                0x80004194        0x0 /usr/local/devkitpro/libogc/lib/wii/libbte.a(l2cap.o)
 .rela.text.SYS_RemoveAlarm
                0x80004194        0x0 /usr/local/devkitpro/libogc/lib/wii/libbte.a(l2cap.o)
 .rela.text.SYS_CancelAlarm
                0x80004194        0x0 /usr/local/devkitpro/libogc/lib/wii/libbte.a(l2cap.o)
 .rela.text.SYS_SetWirelessID
                0x80004194        0x0 /usr/local/devkitpro/libogc/lib/wii/libbte.a(l2cap.o)
 .rela.text.SYS_GetWirelessID
                0x80004194        0x0 /usr/local/devkitpro/libogc/lib/wii/libbte.a(l2cap.o)
 .rela.text.__lwp_cond_init
                0x80004194        0x0 /usr/local/devkitpro/libogc/lib/wii/libbte.a(l2cap.o)
 .rela.text.c_decrementer_handler
                0x80004194        0x0 /usr/local/devkitpro/libogc/lib/wii/libbte.a(l2cap.o)
 .rela.text.__lwp_mqbox_init
                0x80004194        0x0 /usr/local/devkitpro/libogc/lib/wii/libbte.a(l2cap.o)
 .rela.text.__ios_ioctlvformat_parse
                0x80004194        0x0 /usr/local/devkitpro/libogc/lib/wii/libbte.a(l2cap.o)
 .rela.text.__ioctlvfmtCB
                0x80004194        0x0 /usr/local/devkitpro/libogc/lib/wii/libbte.a(l2cap.o)
 .rela.text.IOS_IoctlvFormat
                0x80004194        0x0 /usr/local/devkitpro/libogc/lib/wii/libbte.a(l2cap.o)
 .rela.text.nanosleep
                0x80004194        0x0 /usr/local/devkitpro/libogc/lib/wii/libbte.a(l2cap.o)
 .rela.text.__libc_delete_hook
                0x80004194        0x0 /usr/local/devkitpro/libogc/lib/wii/libbte.a(l2cap.o)
 .rela.text.__libc_init
                0x80004194        0x0 /usr/local/devkitpro/libogc/lib/wii/libbte.a(l2cap.o)
 .rela.text.__CheckARGV
                0x80004194        0x0 /usr/local/devkitpro/libogc/lib/wii/libbte.a(l2cap.o)
 .rela.text.__lwp_priority_init
                0x80004194        0x0 /usr/local/devkitpro/libogc/lib/wii/libbte.a(l2cap.o)
 .rela.text.__lwp_threadqueue_enqueuefifo
                0x80004194        0x0 /usr/local/devkitpro/libogc/lib/wii/libbte.a(l2cap.o)
 .rela.text.__lwp_threadqueue_dequeuefifo
                0x80004194        0x0 /usr/local/devkitpro/libogc/lib/wii/libbte.a(l2cap.o)
 .rela.text.__lwp_threadqueue_enqueuepriority
                0x80004194        0x0 /usr/local/devkitpro/libogc/lib/wii/libbte.a(l2cap.o)
 .rela.text.__lwp_threadqueue_dequeuepriority
                0x80004194        0x0 /usr/local/devkitpro/libogc/lib/wii/libbte.a(l2cap.o)
 .rela.text.__lwp_threadqueue_enqueue
                0x80004194        0x0 /usr/local/devkitpro/libogc/lib/wii/libbte.a(l2cap.o)
 .rela.text.__lwp_threadqueue_extractfifo
                0x80004194        0x0 /usr/local/devkitpro/libogc/lib/wii/libbte.a(l2cap.o)
 .rela.text.__lwp_threadqueue_extractpriority
                0x80004194        0x0 /usr/local/devkitpro/libogc/lib/wii/libbte.a(l2cap.o)
 .rela.text.__exception_init
                0x80004194        0x0 /usr/local/devkitpro/libogc/lib/wii/libbte.a(l2cap.o)
 .rela.text.__exception_close
                0x80004194        0x0 /usr/local/devkitpro/libogc/lib/wii/libbte.a(l2cap.o)
 .rela.text     0x80004194        0x0 /usr/local/devkitpro/libogc/lib/wii/libbte.a(l2cap.o)
 .rela.text.__lwp_sema_init
                0x80004194        0x0 /usr/local/devkitpro/libogc/lib/wii/libbte.a(l2cap.o)
 .rela.text.__GX_InitRevBits
                0x80004194        0x0 /usr/local/devkitpro/libogc/lib/wii/libbte.a(l2cap.o)
 .rela.text.__GX_CleanGPFifo
                0x80004194        0x0 /usr/local/devkitpro/libogc/lib/wii/libbte.a(l2cap.o)
 .rela.text.__SetSURegs
                0x80004194        0x0 /usr/local/devkitpro/libogc/lib/wii/libbte.a(l2cap.o)
 .rela.text.__GX_Abort
                0x80004194        0x0 /usr/local/devkitpro/libogc/lib/wii/libbte.a(l2cap.o)
 .rela.text.__GX_SetDirtyState
                0x80004194        0x0 /usr/local/devkitpro/libogc/lib/wii/libbte.a(l2cap.o)
 .rela.text.GX_Flush
                0x80004194        0x0 /usr/local/devkitpro/libogc/lib/wii/libbte.a(l2cap.o)
 .rela.text.GX_AbortFrame
                0x80004194        0x0 /usr/local/devkitpro/libogc/lib/wii/libbte.a(l2cap.o)
 .rela.text.kprintf
                0x80004194        0x0 /usr/local/devkitpro/libogc/lib/wii/libbte.a(l2cap.o)
 .rela.text.__card_sd_status
                0x80004194        0x0 /usr/local/devkitpro/libogc/lib/wii/libbte.a(l2cap.o)
 .rela.text.__card_readcid
                0x80004194        0x0 /usr/local/devkitpro/libogc/lib/wii/libbte.a(l2cap.o)
 .rela.text.__card_readcsd
                0x80004194        0x0 /usr/local/devkitpro/libogc/lib/wii/libbte.a(l2cap.o)
 .rela.text.sdgecko_initIO
                0x80004194        0x0 /usr/local/devkitpro/libogc/lib/wii/libbte.a(l2cap.o)
 .rela.text.__gxx_personality_v0
                0x80004194        0x0 /usr/local/devkitpro/libogc/lib/wii/libbte.a(l2cap.o)
 .rela.text.__cxa_call_unexpected
                0x80004194        0x0 /usr/local/devkitpro/libogc/lib/wii/libbte.a(l2cap.o)
 .rela.text._ZSt19__throw_logic_errorPKc
                0x80004194        0x0 /usr/local/devkitpro/libogc/lib/wii/libbte.a(l2cap.o)
 .rela.text._ZSt20__throw_length_errorPKc
                0x80004194        0x0 /usr/local/devkitpro/libogc/lib/wii/libbte.a(l2cap.o)
 .rela.text._ZSt24__throw_out_of_range_fmtPKcz
                0x80004194        0x0 /usr/local/devkitpro/libogc/lib/wii/libbte.a(l2cap.o)
 .rela.text._ZNSt9bad_allocD2Ev
                0x80004194        0x0 /usr/local/devkitpro/libogc/lib/wii/libbte.a(l2cap.o)
 .rela.text._ZNSt9bad_allocD0Ev
                0x80004194        0x0 /usr/local/devkitpro/libogc/lib/wii/libbte.a(l2cap.o)
 .rela.text._ZN9__gnu_cxx24__concurrence_lock_errorD2Ev
                0x80004194        0x0 /usr/local/devkitpro/libogc/lib/wii/libbte.a(l2cap.o)
 .rela.text._ZN9__gnu_cxx26__concurrence_unlock_errorD2Ev
                0x80004194        0x0 /usr/local/devkitpro/libogc/lib/wii/libbte.a(l2cap.o)
 .rela.text._ZN9__gnu_cxx24__concurrence_lock_errorD0Ev
                0x80004194        0x0 /usr/local/devkitpro/libogc/lib/wii/libbte.a(l2cap.o)
 .rela.text._ZN9__gnu_cxx26__concurrence_unlock_errorD0Ev
                0x80004194        0x0 /usr/local/devkitpro/libogc/lib/wii/libbte.a(l2cap.o)
 .rela.text._ZN9__gnu_cxx30__throw_concurrence_lock_errorEv
                0x80004194        0x0 /usr/local/devkitpro/libogc/lib/wii/libbte.a(l2cap.o)
 .rela.text._ZN9__gnu_cxx32__throw_concurrence_unlock_errorEv
                0x80004194        0x0 /usr/local/devkitpro/libogc/lib/wii/libbte.a(l2cap.o)
 .rela.text._ZN10__cxxabiv120__si_class_type_infoD2Ev
                0x80004194        0x0 /usr/local/devkitpro/libogc/lib/wii/libbte.a(l2cap.o)
 .rela.text._ZN10__cxxabiv120__si_class_type_infoD0Ev
                0x80004194        0x0 /usr/local/devkitpro/libogc/lib/wii/libbte.a(l2cap.o)
 .rela.text._ZN10__cxxabiv117__class_type_infoD2Ev
                0x80004194        0x0 /usr/local/devkitpro/libogc/lib/wii/libbte.a(l2cap.o)
 .rela.text._ZN10__cxxabiv117__class_type_infoD0Ev
                0x80004194        0x0 /usr/local/devkitpro/libogc/lib/wii/libbte.a(l2cap.o)
 .rela.text._Znwj
                0x80004194        0x0 /usr/local/devkitpro/libogc/lib/wii/libbte.a(l2cap.o)
 .rela.text._ZNSt11logic_errorD2Ev
                0x80004194        0x0 /usr/local/devkitpro/libogc/lib/wii/libbte.a(l2cap.o)
 .rela.text._ZNSt12length_errorD2Ev
                0x80004194        0x0 /usr/local/devkitpro/libogc/lib/wii/libbte.a(l2cap.o)
 .rela.text._ZNSt12length_errorD0Ev
                0x80004194        0x0 /usr/local/devkitpro/libogc/lib/wii/libbte.a(l2cap.o)
 .rela.text._ZNSt12out_of_rangeD2Ev
                0x80004194        0x0 /usr/local/devkitpro/libogc/lib/wii/libbte.a(l2cap.o)
 .rela.text._ZNSt12out_of_rangeD0Ev
                0x80004194        0x0 /usr/local/devkitpro/libogc/lib/wii/libbte.a(l2cap.o)
 .rela.text._ZNSs12_S_constructIPcEES0_T_S1_RKSaIcESt20forward_iterator_tag.part.22
                0x80004194        0x0 /usr/local/devkitpro/libogc/lib/wii/libbte.a(l2cap.o)
 .rela.text._ZNSs12_S_constructIPKcEEPcT_S3_RKSaIcESt20forward_iterator_tag
                0x80004194        0x0 /usr/local/devkitpro/libogc/lib/wii/libbte.a(l2cap.o)
 .rela.text._ZNSt11logic_errorC2EPKc
                0x80004194        0x0 /usr/local/devkitpro/libogc/lib/wii/libbte.a(l2cap.o)
 .rela.text._ZNSt12length_errorC2EPKc
                0x80004194        0x0 /usr/local/devkitpro/libogc/lib/wii/libbte.a(l2cap.o)
 .rela.text._ZNSt12out_of_rangeC2EPKc
                0x80004194        0x0 /usr/local/devkitpro/libogc/lib/wii/libbte.a(l2cap.o)

.rel.fini
 *(.rel.fini)

.rela.fini
 *(.rela.fini)

.rel.rodata
 *(.rel.rodata .rel.rodata.* .rel.gnu.linkonce.r.*)

.rela.rodata    0x80004194        0x0
 *(.rela.rodata .rela.rodata.* .rela.gnu.linkonce.r.*)
 .rela.rodata._ZTISt13bad_exception
                0x80004194        0x0 /usr/local/devkitpro/libogc/lib/wii/libbte.a(l2cap.o)
 .rela.rodata._ZTVSt13bad_exception
                0x80004194        0x0 /usr/local/devkitpro/libogc/lib/wii/libbte.a(l2cap.o)
 .rela.rodata._ZTISt9bad_alloc
                0x80004194        0x0 /usr/local/devkitpro/libogc/lib/wii/libbte.a(l2cap.o)
 .rela.rodata._ZTVSt9bad_alloc
                0x80004194        0x0 /usr/local/devkitpro/libogc/lib/wii/libbte.a(l2cap.o)
 .rela.rodata._ZTIN9__gnu_cxx24__concurrence_lock_errorE
                0x80004194        0x0 /usr/local/devkitpro/libogc/lib/wii/libbte.a(l2cap.o)
 .rela.rodata._ZTIN9__gnu_cxx26__concurrence_unlock_errorE
                0x80004194        0x0 /usr/local/devkitpro/libogc/lib/wii/libbte.a(l2cap.o)
 .rela.rodata._ZTVN9__gnu_cxx24__concurrence_lock_errorE
                0x80004194        0x0 /usr/local/devkitpro/libogc/lib/wii/libbte.a(l2cap.o)
 .rela.rodata._ZTVN9__gnu_cxx26__concurrence_unlock_errorE
                0x80004194        0x0 /usr/local/devkitpro/libogc/lib/wii/libbte.a(l2cap.o)
 .rela.rodata._ZTIN10__cxxabiv120__si_class_type_infoE
                0x80004194        0x0 /usr/local/devkitpro/libogc/lib/wii/libbte.a(l2cap.o)
 .rela.rodata._ZTVN10__cxxabiv120__si_class_type_infoE
                0x80004194        0x0 /usr/local/devkitpro/libogc/lib/wii/libbte.a(l2cap.o)
 .rela.rodata._ZTIN10__cxxabiv117__class_type_infoE
                0x80004194        0x0 /usr/local/devkitpro/libogc/lib/wii/libbte.a(l2cap.o)
 .rela.rodata._ZTVN10__cxxabiv117__class_type_infoE
                0x80004194        0x0 /usr/local/devkitpro/libogc/lib/wii/libbte.a(l2cap.o)
 .rela.rodata._ZTISt11logic_error
                0x80004194        0x0 /usr/local/devkitpro/libogc/lib/wii/libbte.a(l2cap.o)
 .rela.rodata._ZTISt12length_error
                0x80004194        0x0 /usr/local/devkitpro/libogc/lib/wii/libbte.a(l2cap.o)
 .rela.rodata._ZTISt12out_of_range
                0x80004194        0x0 /usr/local/devkitpro/libogc/lib/wii/libbte.a(l2cap.o)
 .rela.rodata._ZTVSt11logic_error
                0x80004194        0x0 /usr/local/devkitpro/libogc/lib/wii/libbte.a(l2cap.o)
 .rela.rodata._ZTVSt12length_error
                0x80004194        0x0 /usr/local/devkitpro/libogc/lib/wii/libbte.a(l2cap.o)
 .rela.rodata._ZTVSt12out_of_range
                0x80004194        0x0 /usr/local/devkitpro/libogc/lib/wii/libbte.a(l2cap.o)

.rel.data
 *(.rel.data .rel.data.* .rel.gnu.linkonce.d.*)

.rela.data
 *(.rela.data .rela.data.* .rela.gnu.linkonce.d.*)

.rel.tdata
 *(.rel.tdata .rel.tdata.* .rel.gnu.linkonce.td.*)

.rela.tdata
 *(.rela.tdata .rela.tdata.* .rela.gnu.linkonce.td.*)

.rel.tbss
 *(.rel.tbss .rel.tbss.* .rel.gnu.linkonce.tb.*)

.rela.tbss
 *(.rela.tbss .rela.tbss.* .rela.gnu.linkonce.tb.*)

.rel.ctors
 *(.rel.ctors)

.rela.ctors
 *(.rela.ctors)

.rel.dtors
 *(.rel.dtors)

.rela.dtors
 *(.rela.dtors)

.rel.got
 *(.rel.got)

.rela.got
 *(.rela.got)

.rela.got1
 *(.rela.got1)

.rela.got2
 *(.rela.got2)

.rel.sdata
 *(.rel.sdata .rel.sdata.* .rel.gnu.linkonce.s.*)

.rela.sdata     0x80004194        0x0
 *(.rela.sdata .rela.sdata.* .rela.gnu.linkonce.s.*)
 .rela.sdata._ZTISt9exception
                0x80004194        0x0 /usr/local/devkitpro/libogc/lib/wii/libbte.a(l2cap.o)
 .rela.sdata._ZTIN10__cxxabiv115__forced_unwindE
                0x80004194        0x0 /usr/local/devkitpro/libogc/lib/wii/libbte.a(l2cap.o)
 .rela.sdata._ZTIN10__cxxabiv119__foreign_exceptionE
                0x80004194        0x0 /usr/local/devkitpro/libogc/lib/wii/libbte.a(l2cap.o)
 .rela.sdata._ZTISt9type_info
                0x80004194        0x0 /usr/local/devkitpro/libogc/lib/wii/libbte.a(l2cap.o)

.rel.sbss
 *(.rel.sbss .rel.sbss.* .rel.gnu.linkonce.sb.*)

.rela.sbss
 *(.rela.sbss .rela.sbss.* .rel.gnu.linkonce.sb.*)

.rel.sdata2
 *(.rel.sdata2 .rel.sdata2.* .rel.gnu.linkonce.s2.*)

.rela.sdata2    0x80004194        0x0
 *(.rela.sdata2 .rela.sdata2.* .rela.gnu.linkonce.s2.*)
 .rela.sdata2.__sys_inIPL
                0x80004194        0x0 /usr/local/devkitpro/libogc/lib/wii/libbte.a(l2cap.o)

.rel.sbss2
 *(.rel.sbss2 .rel.sbss2.* .rel.gnu.linkonce.sb2.*)

.rela.sbss2
 *(.rela.sbss2 .rela.sbss2.* .rela.gnu.linkonce.sb2.*)

.rel.bss
 *(.rel.bss .rel.bss.* .rel.gnu.linkonce.b.*)

.rela.bss
 *(.rela.bss .rela.bss.* .rela.gnu.linkonce.b.*)

.rel.plt
 *(.rel.plt)

.rela.plt
 *(.rela.plt)

.text           0x800041a0    0x55100
 *(.text)
 .text          0x800041a0      0x44c /usr/local/devkitpro/libogc/lib/wii/libogc.a(lwp_handler.o)
                0x800041a0                _cpu_context_save_fp
                0x800042e0                _cpu_context_restore_fp
                0x80004420                _cpu_context_switch
                0x80004500                _cpu_context_save
                0x80004580                _cpu_context_restore
 .text          0x800045ec      0x4a0 /usr/local/devkitpro/libogc/lib/wii/libogc.a(system_asm.o)
                0x800045ec                __realmode
                0x80004604                __configBATS
                0x80004734                __InitFPRS
                0x80004860                __InitPS
                0x800048bc                __InitCache
                0x80004914                __InitSystem
                0x8000499c                __flush_cache
                0x800049d0                __reset
                0x80004a40                __InitBATS
                0x80004a5c                SYS_SwitchFiber
 .text          0x80004a8c      0x1ac /usr/local/devkitpro/libogc/lib/wii/libogc.a(irq_handler.o)
                0x80004a8c                irq_exceptionhandler
 .text          0x80004c38      0x4f4 /usr/local/devkitpro/libogc/lib/wii/libogc.a(cache_asm.o)
                0x80004c38                DCFlashInvalidate
                0x80004c4c                DCEnable
                0x80004c60                DCDisable
                0x80004c74                DCFreeze
                0x80004c88                DCUnfreeze
                0x80004c9c                DCTouchLoad
                0x80004ca4                DCBlockZero
                0x80004cac                DCBlockStore
                0x80004cb4                DCBlockFlush
                0x80004cbc                DCBlockInvalidate
                0x80004cc4                DCInvalidateRange
                0x80004cf4                DCFlushRange
                0x80004d28                DCStoreRange
                0x80004d5c                DCFlushRangeNoSync
                0x80004d8c                DCStoreRangeNoSync
                0x80004dbc                DCZeroRange
                0x80004dec                DCTouchRange
                0x80004e1c                ICInvalidateRange
                0x80004e54                ICFlashInvalidate
                0x80004e68                ICEnable
                0x80004e7c                ICDisable
                0x80004e90                ICFreeze
                0x80004ea4                ICUnfreeze
                0x80004eb8                ICBlockInvalidate
                0x80004ec0                ICSync
                0x80004ec8                L2Init
                0x80004f10                L2Enable
                0x80004f2c                L2Disable
                0x80004f44                L2GlobalInvalidate
                0x80004f9c                __LCEnable
                0x80005068                LCDisable
                0x80005090                LCAllocOneTag
                0x800050a4                LCAllocTags
                0x800050e4                LCLoadBlocks
                0x80005108                LCStoreBlocks
 .text          0x8000512c      0x1ac /usr/local/devkitpro/libogc/lib/wii/libogc.a(decrementer_handler.o)
                0x8000512c                dec_exceptionhandler
 .text          0x800052d8      0x35c /usr/local/devkitpro/libogc/lib/wii/libogc.a(exception_handler.o)
                0x800052d8                exceptionhandler_start
                0x80005354                exceptionhandler_patch
                0x80005388                exceptionhandler_end
                0x8000538c                default_exceptionhandler
                0x800054bc                fpu_exceptionhandler
                0x80005604                systemcallhandler_start
                0x80005630                systemcallhandler_end
 .text          0x80005634       0x48 /usr/local/devkitpro/devkitPPC/lib/gcc/powerpc-eabi/8.1.0/libgcc.a(eabi.o)
                0x80005634                __eabi
 .text          0x8000567c       0x58 /usr/local/devkitpro/devkitPPC/lib/gcc/powerpc-eabi/8.1.0/libgcc.a(crtresxgpr.o)
                0x8000567c                _restgpr_14_x
                0x80005680                _restgpr_15_x
                0x80005684                _restgpr_16_x
                0x80005688                _restgpr_17_x
                0x8000568c                _restgpr_18_x
                0x80005690                _restgpr_19_x
                0x80005694                _restgpr_20_x
                0x80005698                _restgpr_21_x
                0x8000569c                _restgpr_22_x
                0x800056a0                _restgpr_23_x
                0x800056a4                _restgpr_24_x
                0x800056a8                _restgpr_25_x
                0x800056ac                _restgpr_26_x
                0x800056b0                _restgpr_27_x
                0x800056b4                _restgpr_28_x
                0x800056b8                _restgpr_29_x
                0x800056bc                _restgpr_30_x
                0x800056c0                _restgpr_31_x
 *(.text.*)
 .text.deregister_tm_clones
                0x800056d4       0x30 /usr/local/devkitpro/devkitPPC/lib/gcc/powerpc-eabi/8.1.0/crtbegin.o
 .text.register_tm_clones
                0x80005704       0x3c /usr/local/devkitpro/devkitPPC/lib/gcc/powerpc-eabi/8.1.0/crtbegin.o
 .text.__do_global_dtors_aux
                0x80005740       0xd0 /usr/local/devkitpro/devkitPPC/lib/gcc/powerpc-eabi/8.1.0/crtbegin.o
 .text.frame_dummy
                0x80005810       0x44 /usr/local/devkitpro/devkitPPC/lib/gcc/powerpc-eabi/8.1.0/crtbegin.o
 .text.__crtmain
                0x80005854       0x44 /usr/local/devkitpro/devkitPPC/lib/gcc/powerpc-eabi/8.1.0/../../../../powerpc-eabi/lib/crtmain.o
                0x80005858                __crtmain
 .text._ZL12RVL_FindNodePKcP8DiscNodeb
                0x80005898      0x13c main.o
 .text._Z12RVL_FindNodePKc.part.8
                0x800059d4       0xb8 main.o
 .text._ZNSt7__cxx1112basic_stringIcSt11char_traitsIcESaIcEE12_M_constructIPcEEvT_S7_St20forward_iterator_tag.constprop.29
                0x80005a8c      0x11c main.o
 .text._Z12RVL_FindNodePKc
                0x80005ba8       0x20 main.o
                0x80005ba8                _Z12RVL_FindNodePKc
 .text._ZNSt7__cxx1112basic_stringIcSt11char_traitsIcESaIcEE12_M_constructIPKcEEvT_S8_St20forward_iterator_tag
                0x80005bc8      0x11c main.o
                0x80005bc8                _ZNSt7__cxx1112basic_stringIcSt11char_traitsIcESaIcEE12_M_constructIPKcEEvT_S8_St20forward_iterator_tag
 .text._ZNSt7__cxx1112basic_stringIcSt11char_traitsIcESaIcEEC2EPKcRKS3_.isra.23
                0x80005ce4       0x68 main.o
 .text._Z11PathCombineNSt7__cxx1112basic_stringIcSt11char_traitsIcESaIcEEES4_
                0x80005d4c      0x5fc main.o
                0x80005d4c                _Z11PathCombineNSt7__cxx1112basic_stringIcSt11char_traitsIcESaIcEEES4_
 .text._Z15DumpEarlyMemoryNSt7__cxx1112basic_stringIcSt11char_traitsIcESaIcEEE
                0x80006348      0x1bc main.o
                0x80006348                _Z15DumpEarlyMemoryNSt7__cxx1112basic_stringIcSt11char_traitsIcESaIcEEE
 .text._Z10DumpFolderP8DiscNodeNSt7__cxx1112basic_stringIcSt11char_traitsIcESaIcEEE
                0x80006504      0x408 main.o
                0x80006504                _Z10DumpFolderP8DiscNodeNSt7__cxx1112basic_stringIcSt11char_traitsIcESaIcEEE
 .text._Z10DumpFolderPKcNSt7__cxx1112basic_stringIcSt11char_traitsIcESaIcEEE
                0x8000690c       0xc4 main.o
                0x8000690c                _Z10DumpFolderPKcNSt7__cxx1112basic_stringIcSt11char_traitsIcESaIcEEE
 .text._Z13DumpRegionBinNSt7__cxx1112basic_stringIcSt11char_traitsIcESaIcEEE
                0x800069d0      0x2c4 main.o
                0x800069d0                _Z13DumpRegionBinNSt7__cxx1112basic_stringIcSt11char_traitsIcESaIcEEE
 .text._Z14DumpDiscHeaderNSt7__cxx1112basic_stringIcSt11char_traitsIcESaIcEEE
                0x80006c94      0x2c0 main.o
                0x80006c94                _Z14DumpDiscHeaderNSt7__cxx1112basic_stringIcSt11char_traitsIcESaIcEEE
 .text._Z13DumpApploaderNSt7__cxx1112basic_stringIcSt11char_traitsIcESaIcEEE
                0x80006f54      0x39c main.o
                0x80006f54                _Z13DumpApploaderNSt7__cxx1112basic_stringIcSt11char_traitsIcESaIcEEE
 .text._Z11DumpMainDolNSt7__cxx1112basic_stringIcSt11char_traitsIcESaIcEEE
                0x800072f0      0x3f8 main.o
                0x800072f0                _Z11DumpMainDolNSt7__cxx1112basic_stringIcSt11char_traitsIcESaIcEEE
 .text._Z18ReadPartitionTableNSt7__cxx1112basic_stringIcSt11char_traitsIcESaIcEEE
                0x800076e8      0x980 main.o
                0x800076e8                _Z18ReadPartitionTableNSt7__cxx1112basic_stringIcSt11char_traitsIcESaIcEEE
 .text._Z16Launcher_ReadFSTNSt7__cxx1112basic_stringIcSt11char_traitsIcESaIcEEE
                0x80008068      0x6fc main.o
                0x80008068                _Z16Launcher_ReadFSTNSt7__cxx1112basic_stringIcSt11char_traitsIcESaIcEEE
 .text.startup.main
                0x80008764      0xaa8 main.o
                0x80008764                main
 .text._Z9WDVD_Initv
                0x8000920c       0x48 wdvd.o
                0x8000920c                _Z9WDVD_Initv
 .text._Z10WDVD_Resetv
                0x80009254       0x74 wdvd.o
                0x80009254                _Z10WDVD_Resetv
 .text._Z23WDVD_LowUnencryptedReadPvmy
                0x800092c8       0x84 wdvd.o
                0x800092c8                _Z23WDVD_LowUnencryptedReadPvmy
 .text._Z12WDVD_LowReadPvmy
                0x8000934c       0xa8 wdvd.o
                0x8000934c                _Z12WDVD_LowReadPvmy
 .text._Z22WDVD_LowClosePartitionv
                0x800093f4       0x64 wdvd.o
                0x800093f4                _Z22WDVD_LowClosePartitionv
 .text._Z18WDVD_LowReadDiskIdv
                0x80009458       0x98 wdvd.o
                0x80009458                _Z18WDVD_LowReadDiskIdv
 .text._Z21WDVD_LowOpenPartitiony
                0x800094f0      0x110 wdvd.o
                0x800094f0                _Z21WDVD_LowOpenPartitiony
 .text._Z16WDVD_VerifyCoverPb
                0x80009600       0xa0 wdvd.o
                0x80009600                _Z16WDVD_VerifyCoverPb
 .text.fatMount
                0x800096a0      0x118 /usr/local/devkitpro/libogc/lib/wii/libfat.a(libfat.o)
                0x800096a0                fatMount
 .text.fatUnmount
                0x800097b8       0x74 /usr/local/devkitpro/libogc/lib/wii/libfat.a(libfat.o)
                0x800097b8                fatUnmount
 .text.fatInit  0x8000982c      0x198 /usr/local/devkitpro/libogc/lib/wii/libfat.a(libfat.o)
                0x8000982c                fatInit
 .text.fatInitDefault
                0x800099c4        0xc /usr/local/devkitpro/libogc/lib/wii/libfat.a(libfat.o)
                0x800099c4                fatInitDefault
 .text.u8array_to_u16
                0x800099d0       0x18 /usr/local/devkitpro/libogc/lib/wii/libfat.a(directory.o)
 .text._FAT_directory_entryGetAlias
                0x800099e8      0x144 /usr/local/devkitpro/libogc/lib/wii/libfat.a(directory.o)
 .text._FAT_directory_mbsncasecmp
                0x80009b2c       0xec /usr/local/devkitpro/libogc/lib/wii/libfat.a(directory.o)
 .text._FAT_fat_clusterToSector
                0x80009c18       0x28 /usr/local/devkitpro/libogc/lib/wii/libfat.a(directory.o)
 .text._FAT_directory_incrementDirEntryPosition
                0x80009c40       0xf8 /usr/local/devkitpro/libogc/lib/wii/libfat.a(directory.o)
 .text._FAT_directory_ucs2tombs.constprop.6
                0x80009d38       0xd8 /usr/local/devkitpro/libogc/lib/wii/libfat.a(directory.o)
 .text._FAT_directory_entryGetCluster
                0x80009e10       0x50 /usr/local/devkitpro/libogc/lib/wii/libfat.a(directory.o)
                0x80009e10                _FAT_directory_entryGetCluster
 .text._FAT_directory_getNextEntry
                0x80009e60      0x2a0 /usr/local/devkitpro/libogc/lib/wii/libfat.a(directory.o)
                0x80009e60                _FAT_directory_getNextEntry
 .text._FAT_directory_getFirstEntry
                0x8000a100       0x24 /usr/local/devkitpro/libogc/lib/wii/libfat.a(directory.o)
                0x8000a100                _FAT_directory_getFirstEntry
 .text._FAT_directory_entryExists
                0x8000a124       0xc4 /usr/local/devkitpro/libogc/lib/wii/libfat.a(directory.o)
 .text._FAT_directory_getRootEntry
                0x8000a1e8       0xa0 /usr/local/devkitpro/libogc/lib/wii/libfat.a(directory.o)
                0x8000a1e8                _FAT_directory_getRootEntry
 .text._FAT_directory_entryFromPosition
                0x8000a288      0x1c4 /usr/local/devkitpro/libogc/lib/wii/libfat.a(directory.o)
                0x8000a288                _FAT_directory_entryFromPosition
 .text._FAT_directory_entryFromPath
                0x8000a44c      0x294 /usr/local/devkitpro/libogc/lib/wii/libfat.a(directory.o)
                0x8000a44c                _FAT_directory_entryFromPath
 .text._FAT_directory_removeEntry
                0x8000a6e0       0xf0 /usr/local/devkitpro/libogc/lib/wii/libfat.a(directory.o)
                0x8000a6e0                _FAT_directory_removeEntry
 .text._FAT_directory_addEntry
                0x8000a7d0      0x958 /usr/local/devkitpro/libogc/lib/wii/libfat.a(directory.o)
                0x8000a7d0                _FAT_directory_addEntry
 .text._FAT_directory_chdir
                0x8000b128       0x5c /usr/local/devkitpro/libogc/lib/wii/libfat.a(directory.o)
                0x8000b128                _FAT_directory_chdir
 .text._FAT_directory_entryStat
                0x8000b184      0x154 /usr/local/devkitpro/libogc/lib/wii/libfat.a(directory.o)
                0x8000b184                _FAT_directory_entryStat
 .text._FAT_filetime_getTimeFromRTC
                0x8000b2d8       0x84 /usr/local/devkitpro/libogc/lib/wii/libfat.a(filetime.o)
                0x8000b2d8                _FAT_filetime_getTimeFromRTC
 .text._FAT_filetime_getDateFromRTC
                0x8000b35c       0x84 /usr/local/devkitpro/libogc/lib/wii/libfat.a(filetime.o)
                0x8000b35c                _FAT_filetime_getDateFromRTC
 .text._FAT_filetime_to_time_t
                0x8000b3e0       0x64 /usr/local/devkitpro/libogc/lib/wii/libfat.a(filetime.o)
                0x8000b3e0                _FAT_filetime_to_time_t
 .text._FAT_fat_writeFatEntry
                0x8000b444      0x1b0 /usr/local/devkitpro/libogc/lib/wii/libfat.a(file_allocation_table.o)
 .text._FAT_fat_nextCluster
                0x8000b5f4      0x190 /usr/local/devkitpro/libogc/lib/wii/libfat.a(file_allocation_table.o)
                0x8000b5f4                _FAT_fat_nextCluster
 .text._FAT_fat_linkFreeCluster
                0x8000b784       0xe4 /usr/local/devkitpro/libogc/lib/wii/libfat.a(file_allocation_table.o)
                0x8000b784                _FAT_fat_linkFreeCluster
 .text._FAT_fat_linkFreeClusterCleared
                0x8000b868       0xac /usr/local/devkitpro/libogc/lib/wii/libfat.a(file_allocation_table.o)
                0x8000b868                _FAT_fat_linkFreeClusterCleared
 .text._FAT_fat_clearLinks
                0x8000b914       0xbc /usr/local/devkitpro/libogc/lib/wii/libfat.a(file_allocation_table.o)
                0x8000b914                _FAT_fat_clearLinks
 .text._FAT_fat_trimChain
                0x8000b9d0       0xb4 /usr/local/devkitpro/libogc/lib/wii/libfat.a(file_allocation_table.o)
                0x8000b9d0                _FAT_fat_trimChain
 .text._FAT_fat_lastCluster
                0x8000ba84       0x68 /usr/local/devkitpro/libogc/lib/wii/libfat.a(file_allocation_table.o)
                0x8000ba84                _FAT_fat_lastCluster
 .text._FAT_fat_freeClusterCount
                0x8000baec       0x54 /usr/local/devkitpro/libogc/lib/wii/libfat.a(file_allocation_table.o)
                0x8000baec                _FAT_fat_freeClusterCount
 .text.get_io_wiisd
                0x8000bb40        0xc /usr/local/devkitpro/libogc/lib/wii/libfat.a(disc.o)
 .text.get_io_usbstorage
                0x8000bb4c        0xc /usr/local/devkitpro/libogc/lib/wii/libfat.a(disc.o)
 .text.get_io_gcsda
                0x8000bb58        0xc /usr/local/devkitpro/libogc/lib/wii/libfat.a(disc.o)
 .text.get_io_gcsdb
                0x8000bb64        0xc /usr/local/devkitpro/libogc/lib/wii/libfat.a(disc.o)
 .text._FAT_fat_clusterToSector
                0x8000bb70       0x28 /usr/local/devkitpro/libogc/lib/wii/libfat.a(fatfile.o)
 .text._FAT_check_position_for_next_cluster.isra.6
                0x8000bb98       0xe8 /usr/local/devkitpro/libogc/lib/wii/libfat.a(fatfile.o)
 .text._FAT_file_extend_r
                0x8000bc80      0x28c /usr/local/devkitpro/libogc/lib/wii/libfat.a(fatfile.o)
 .text._FAT_open_r
                0x8000bf0c      0x3ac /usr/local/devkitpro/libogc/lib/wii/libfat.a(fatfile.o)
                0x8000bf0c                _FAT_open_r
 .text._FAT_syncToDisc
                0x8000c2b8      0x12c /usr/local/devkitpro/libogc/lib/wii/libfat.a(fatfile.o)
                0x8000c2b8                _FAT_syncToDisc
 .text._FAT_close_r
                0x8000c3e4       0xc4 /usr/local/devkitpro/libogc/lib/wii/libfat.a(fatfile.o)
                0x8000c3e4                _FAT_close_r
 .text._FAT_read_r
                0x8000c4a8      0x3b4 /usr/local/devkitpro/libogc/lib/wii/libfat.a(fatfile.o)
                0x8000c4a8                _FAT_read_r
 .text._FAT_write_r
                0x8000c85c      0x53c /usr/local/devkitpro/libogc/lib/wii/libfat.a(fatfile.o)
                0x8000c85c                _FAT_write_r
 .text._FAT_seek_r
                0x8000cd98      0x1e0 /usr/local/devkitpro/libogc/lib/wii/libfat.a(fatfile.o)
                0x8000cd98                _FAT_seek_r
 .text._FAT_fstat_r
                0x8000cf78       0xdc /usr/local/devkitpro/libogc/lib/wii/libfat.a(fatfile.o)
                0x8000cf78                _FAT_fstat_r
 .text._FAT_ftruncate_r
                0x8000d054      0x200 /usr/local/devkitpro/libogc/lib/wii/libfat.a(fatfile.o)
                0x8000d054                _FAT_ftruncate_r
 .text._FAT_fsync_r
                0x8000d254       0x70 /usr/local/devkitpro/libogc/lib/wii/libfat.a(fatfile.o)
                0x8000d254                _FAT_fsync_r
 .text._FAT_cache_getPage
                0x8000d2c4      0x158 /usr/local/devkitpro/libogc/lib/wii/libfat.a(cache.o)
 .text._FAT_cache_constructor
                0x8000d41c       0xd8 /usr/local/devkitpro/libogc/lib/wii/libfat.a(cache.o)
                0x8000d41c                _FAT_cache_constructor
 .text._FAT_cache_readSectors
                0x8000d4f4       0xa8 /usr/local/devkitpro/libogc/lib/wii/libfat.a(cache.o)
                0x8000d4f4                _FAT_cache_readSectors
 .text._FAT_cache_readPartialSector
                0x8000d59c       0x88 /usr/local/devkitpro/libogc/lib/wii/libfat.a(cache.o)
                0x8000d59c                _FAT_cache_readPartialSector
 .text._FAT_cache_readLittleEndianValue
                0x8000d624       0x74 /usr/local/devkitpro/libogc/lib/wii/libfat.a(cache.o)
                0x8000d624                _FAT_cache_readLittleEndianValue
 .text._FAT_cache_writePartialSector
                0x8000d698       0x90 /usr/local/devkitpro/libogc/lib/wii/libfat.a(cache.o)
                0x8000d698                _FAT_cache_writePartialSector
 .text._FAT_cache_writeLittleEndianValue
                0x8000d728       0x6c /usr/local/devkitpro/libogc/lib/wii/libfat.a(cache.o)
                0x8000d728                _FAT_cache_writeLittleEndianValue
 .text._FAT_cache_eraseWritePartialSector
                0x8000d794       0xa8 /usr/local/devkitpro/libogc/lib/wii/libfat.a(cache.o)
                0x8000d794                _FAT_cache_eraseWritePartialSector
 .text._FAT_cache_writeSectors
                0x8000d83c       0xb0 /usr/local/devkitpro/libogc/lib/wii/libfat.a(cache.o)
                0x8000d83c                _FAT_cache_writeSectors
 .text._FAT_cache_flush
                0x8000d8ec       0x88 /usr/local/devkitpro/libogc/lib/wii/libfat.a(cache.o)
                0x8000d8ec                _FAT_cache_flush
 .text._FAT_cache_destructor
                0x8000d974       0x64 /usr/local/devkitpro/libogc/lib/wii/libfat.a(cache.o)
                0x8000d974                _FAT_cache_destructor
 .text._FAT_stat_r
                0x8000d9d8       0xc0 /usr/local/devkitpro/libogc/lib/wii/libfat.a(fatdir.o)
                0x8000d9d8                _FAT_stat_r
 .text._FAT_link_r
                0x8000da98       0x10 /usr/local/devkitpro/libogc/lib/wii/libfat.a(fatdir.o)
                0x8000da98                _FAT_link_r
 .text._FAT_unlink_r
                0x8000daa8      0x1b0 /usr/local/devkitpro/libogc/lib/wii/libfat.a(fatdir.o)
                0x8000daa8                _FAT_unlink_r
 .text._FAT_chdir_r
                0x8000dc58       0xa0 /usr/local/devkitpro/libogc/lib/wii/libfat.a(fatdir.o)
                0x8000dc58                _FAT_chdir_r
 .text._FAT_rename_r
                0x8000dcf8      0x240 /usr/local/devkitpro/libogc/lib/wii/libfat.a(fatdir.o)
                0x8000dcf8                _FAT_rename_r
 .text._FAT_mkdir_r
                0x8000df38      0x2d4 /usr/local/devkitpro/libogc/lib/wii/libfat.a(fatdir.o)
                0x8000df38                _FAT_mkdir_r
 .text._FAT_statvfs_r
                0x8000e20c       0xdc /usr/local/devkitpro/libogc/lib/wii/libfat.a(fatdir.o)
                0x8000e20c                _FAT_statvfs_r
 .text._FAT_diropen_r
                0x8000e2e8      0x104 /usr/local/devkitpro/libogc/lib/wii/libfat.a(fatdir.o)
                0x8000e2e8                _FAT_diropen_r
 .text._FAT_dirreset_r
                0x8000e3ec       0x74 /usr/local/devkitpro/libogc/lib/wii/libfat.a(fatdir.o)
                0x8000e3ec                _FAT_dirreset_r
 .text._FAT_dirnext_r
                0x8000e460       0xc4 /usr/local/devkitpro/libogc/lib/wii/libfat.a(fatdir.o)
                0x8000e460                _FAT_dirnext_r
 .text._FAT_dirclose_r
                0x8000e524       0x40 /usr/local/devkitpro/libogc/lib/wii/libfat.a(fatdir.o)
                0x8000e524                _FAT_dirclose_r
 .text.u8array_to_u16
                0x8000e564       0x18 /usr/local/devkitpro/libogc/lib/wii/libfat.a(partition.o)
 .text.u8array_to_u32
                0x8000e57c       0x30 /usr/local/devkitpro/libogc/lib/wii/libfat.a(partition.o)
 .text.u32_to_u8array
                0x8000e5ac       0x20 /usr/local/devkitpro/libogc/lib/wii/libfat.a(partition.o)
 .text.isValidMBR
                0x8000e5cc       0x7c /usr/local/devkitpro/libogc/lib/wii/libfat.a(partition.o)
 .text._FAT_updateFS_INFO
                0x8000e648       0x70 /usr/local/devkitpro/libogc/lib/wii/libfat.a(partition.o)
 .text.FindFirstValidPartition_buf
                0x8000e6b8      0x16c /usr/local/devkitpro/libogc/lib/wii/libfat.a(partition.o)
                0x8000e6b8                FindFirstValidPartition_buf
 .text._FAT_partition_getPartitionFromPath
                0x8000e824       0x34 /usr/local/devkitpro/libogc/lib/wii/libfat.a(partition.o)
                0x8000e824                _FAT_partition_getPartitionFromPath
 .text._FAT_partition_createFSinfo
                0x8000e858       0x9c /usr/local/devkitpro/libogc/lib/wii/libfat.a(partition.o)
                0x8000e858                _FAT_partition_createFSinfo
 .text._FAT_partition_readFSinfo
                0x8000e8f4      0x11c /usr/local/devkitpro/libogc/lib/wii/libfat.a(partition.o)
                0x8000e8f4                _FAT_partition_readFSinfo
 .text._FAT_partition_constructor_buf
                0x8000ea10      0x328 /usr/local/devkitpro/libogc/lib/wii/libfat.a(partition.o)
                0x8000ea10                _FAT_partition_constructor_buf
 .text._FAT_partition_constructor
                0x8000ed38       0x6c /usr/local/devkitpro/libogc/lib/wii/libfat.a(partition.o)
                0x8000ed38                _FAT_partition_constructor
 .text._FAT_partition_writeFSinfo
                0x8000eda4      0x100 /usr/local/devkitpro/libogc/lib/wii/libfat.a(partition.o)
                0x8000eda4                _FAT_partition_writeFSinfo
 .text._FAT_partition_destructor
                0x8000eea4       0x74 /usr/local/devkitpro/libogc/lib/wii/libfat.a(partition.o)
                0x8000eea4                _FAT_partition_destructor
 .text.__wpad_assign_slot
                0x8000ef18      0x210 /usr/local/devkitpro/libogc/lib/wii/libwiiuse.a(wpad.o)
                0x8000ef18                __wpad_assign_slot
 .text.__wpad_def_powcb
                0x8000f128        0x4 /usr/local/devkitpro/libogc/lib/wii/libwiiuse.a(wpad.o)
 .text.__wpad_disconnect
                0x8000f12c       0x44 /usr/local/devkitpro/libogc/lib/wii/libwiiuse.a(wpad.o)
 .text.__readlinkkey_finished
                0x8000f170       0x34 /usr/local/devkitpro/libogc/lib/wii/libwiiuse.a(wpad.o)
 .text.__wpad_patch_finished
                0x8000f1a4       0x2c /usr/local/devkitpro/libogc/lib/wii/libwiiuse.a(wpad.o)
 .text.__wpad_setfmt
                0x8000f1d0      0x158 /usr/local/devkitpro/libogc/lib/wii/libwiiuse.a(wpad.o)
 .text.__wpad_eventCB
                0x8000f328      0xa04 /usr/local/devkitpro/libogc/lib/wii/libwiiuse.a(wpad.o)
 .text.__wpad_disconnectCB
                0x8000fd2c       0xcc /usr/local/devkitpro/libogc/lib/wii/libwiiuse.a(wpad.o)
                0x8000fd2c                __wpad_disconnectCB
 .text.__wpad_timeouthandler
                0x8000fdf8       0xb0 /usr/local/devkitpro/libogc/lib/wii/libwiiuse.a(wpad.o)
 .text.__initcore_finished
                0x8000fea8       0x48 /usr/local/devkitpro/libogc/lib/wii/libwiiuse.a(wpad.o)
 .text.__wpad_init_finished
                0x8000fef0      0x1ac /usr/local/devkitpro/libogc/lib/wii/libwiiuse.a(wpad.o)
 .text.WPAD_ReadEvent
                0x8001009c      0x690 /usr/local/devkitpro/libogc/lib/wii/libwiiuse.a(wpad.o)
                0x8001009c                WPAD_ReadEvent
 .text.WPAD_ReadPending
                0x8001072c      0x148 /usr/local/devkitpro/libogc/lib/wii/libwiiuse.a(wpad.o)
                0x8001072c                WPAD_ReadPending
 .text.WPAD_ReadPending.part.5
                0x80010874       0x68 /usr/local/devkitpro/libogc/lib/wii/libwiiuse.a(wpad.o)
 .text.WPAD_Shutdown
                0x800108dc       0xc8 /usr/local/devkitpro/libogc/lib/wii/libwiiuse.a(wpad.o)
                0x800108dc                WPAD_Shutdown
 .text.WPAD_Init
                0x800109a4      0x2c4 /usr/local/devkitpro/libogc/lib/wii/libwiiuse.a(wpad.o)
                0x800109a4                WPAD_Init
 .text.__wpad_onreset
                0x80010c68       0x34 /usr/local/devkitpro/libogc/lib/wii/libwiiuse.a(wpad.o)
 .text.WPAD_ScanPads
                0x80010c9c        0x8 /usr/local/devkitpro/libogc/lib/wii/libwiiuse.a(wpad.o)
                0x80010c9c                WPAD_ScanPads
 .text.WPAD_ButtonsDown
                0x80010ca4       0x28 /usr/local/devkitpro/libogc/lib/wii/libwiiuse.a(wpad.o)
                0x80010ca4                WPAD_ButtonsDown
 .text.motion_plus_disconnected
                0x80010ccc       0x10 /usr/local/devkitpro/libogc/lib/wii/libwiiuse.a(motion_plus.o)
                0x80010ccc                motion_plus_disconnected
 .text.motion_plus_event
                0x80010cdc       0x64 /usr/local/devkitpro/libogc/lib/wii/libwiiuse.a(motion_plus.o)
                0x80010cdc                motion_plus_event
 .text.apply_smoothing.part.0
                0x80010d40       0xa0 /usr/local/devkitpro/libogc/lib/wii/libwiiuse.a(dynamics.o)
 .text.calculate_gforce
                0x80010de0      0x114 /usr/local/devkitpro/libogc/lib/wii/libwiiuse.a(dynamics.o)
                0x80010de0                calculate_gforce
 .text.calc_joystick_state
                0x80010ef4      0x20c /usr/local/devkitpro/libogc/lib/wii/libwiiuse.a(dynamics.o)
                0x80010ef4                calc_joystick_state
 .text.apply_smoothing
                0x80011100       0xa4 /usr/local/devkitpro/libogc/lib/wii/libwiiuse.a(dynamics.o)
                0x80011100                apply_smoothing
 .text.calculate_orientation
                0x800111a4      0x31c /usr/local/devkitpro/libogc/lib/wii/libwiiuse.a(dynamics.o)
                0x800111a4                calculate_orientation
 .text.calc_balanceboard_state
                0x800114c0      0x394 /usr/local/devkitpro/libogc/lib/wii/libwiiuse.a(dynamics.o)
                0x800114c0                calc_balanceboard_state
 .text.wiiuse_handshake
                0x80011854      0x278 /usr/local/devkitpro/libogc/lib/wii/libwiiuse.a(io.o)
                0x80011854                wiiuse_handshake
 .text.wiiuse_handshake_expansion
                0x80011acc      0x21c /usr/local/devkitpro/libogc/lib/wii/libwiiuse.a(io.o)
                0x80011acc                wiiuse_handshake_expansion
 .text.wiiuse_handshake_expansion_start
                0x80011ce8       0x24 /usr/local/devkitpro/libogc/lib/wii/libwiiuse.a(io.o)
                0x80011ce8                wiiuse_handshake_expansion_start
 .text.wiiuse_disable_expansion
                0x80011d0c      0x1b0 /usr/local/devkitpro/libogc/lib/wii/libwiiuse.a(io.o)
                0x80011d0c                wiiuse_disable_expansion
 .text.__wiiuse_connected
                0x80011ebc       0x9c /usr/local/devkitpro/libogc/lib/wii/libwiiuse.a(io_wii.o)
 .text.__wiiuse_disconnected
                0x80011f58       0xb4 /usr/local/devkitpro/libogc/lib/wii/libwiiuse.a(io_wii.o)
 .text.__wiiuse_receive
                0x8001200c       0xd0 /usr/local/devkitpro/libogc/lib/wii/libwiiuse.a(io_wii.o)
 .text.__wiiuse_sensorbar_enable
                0x800120dc       0x54 /usr/local/devkitpro/libogc/lib/wii/libwiiuse.a(io_wii.o)
                0x800120dc                __wiiuse_sensorbar_enable
 .text.wiiuse_register
                0x80012130       0xe4 /usr/local/devkitpro/libogc/lib/wii/libwiiuse.a(io_wii.o)
                0x80012130                wiiuse_register
 .text.wiiuse_disconnect
                0x80012214       0x24 /usr/local/devkitpro/libogc/lib/wii/libwiiuse.a(io_wii.o)
                0x80012214                wiiuse_disconnect
 .text.wiiuse_init_cmd_queue
                0x80012238       0x9c /usr/local/devkitpro/libogc/lib/wii/libwiiuse.a(io_wii.o)
                0x80012238                wiiuse_init_cmd_queue
 .text.wiiuse_io_write
                0x800122d4       0x1c /usr/local/devkitpro/libogc/lib/wii/libwiiuse.a(io_wii.o)
                0x800122d4                wiiuse_io_write
 .text.get_ir_sens.isra.0
                0x800122f0       0xe4 /usr/local/devkitpro/libogc/lib/wii/libwiiuse.a(ir.o)
 .text.rotate_dots
                0x800123d4      0x114 /usr/local/devkitpro/libogc/lib/wii/libwiiuse.a(ir.o)
 .text.wiiuse_set_ir_mode
                0x800124e8       0x88 /usr/local/devkitpro/libogc/lib/wii/libwiiuse.a(ir.o)
                0x800124e8                wiiuse_set_ir_mode
 .text.wiiuse_set_ir
                0x80012570      0x1f0 /usr/local/devkitpro/libogc/lib/wii/libwiiuse.a(ir.o)
                0x80012570                wiiuse_set_ir
 .text.wiiuse_set_ir_position
                0x80012760       0x80 /usr/local/devkitpro/libogc/lib/wii/libwiiuse.a(ir.o)
                0x80012760                wiiuse_set_ir_position
 .text.wiiuse_set_aspect_ratio
                0x800127e0       0x44 /usr/local/devkitpro/libogc/lib/wii/libwiiuse.a(ir.o)
                0x800127e0                wiiuse_set_aspect_ratio
 .text.wiiuse_set_ir_sensitivity
                0x80012824       0xf4 /usr/local/devkitpro/libogc/lib/wii/libwiiuse.a(ir.o)
                0x80012824                wiiuse_set_ir_sensitivity
 .text.calculate_basic_ir
                0x80012918       0xf8 /usr/local/devkitpro/libogc/lib/wii/libwiiuse.a(ir.o)
                0x80012918                calculate_basic_ir
 .text.calculate_extended_ir
                0x80012a10       0x64 /usr/local/devkitpro/libogc/lib/wii/libwiiuse.a(ir.o)
                0x80012a10                calculate_extended_ir
 .text.find_sensorbar
                0x80012a74      0x9e0 /usr/local/devkitpro/libogc/lib/wii/libwiiuse.a(ir.o)
                0x80012a74                find_sensorbar
 .text.apply_ir_smoothing
                0x80013454      0x100 /usr/local/devkitpro/libogc/lib/wii/libwiiuse.a(ir.o)
                0x80013454                apply_ir_smoothing
 .text.interpret_ir_data
                0x80013554      0x3b0 /usr/local/devkitpro/libogc/lib/wii/libwiiuse.a(ir.o)
                0x80013554                interpret_ir_data
 .text.nunchuk_handshake
                0x80013904      0x2d0 /usr/local/devkitpro/libogc/lib/wii/libwiiuse.a(nunchuk.o)
                0x80013904                nunchuk_handshake
 .text.nunchuk_disconnected
                0x80013bd4        0xc /usr/local/devkitpro/libogc/lib/wii/libwiiuse.a(nunchuk.o)
                0x80013bd4                nunchuk_disconnected
 .text.nunchuk_event
                0x80013be0       0xe4 /usr/local/devkitpro/libogc/lib/wii/libwiiuse.a(nunchuk.o)
                0x80013be0                nunchuk_event
 .text.wii_board_handshake
                0x80013cc4      0x2c0 /usr/local/devkitpro/libogc/lib/wii/libwiiuse.a(wiiboard.o)
                0x80013cc4                wii_board_handshake
 .text.wii_board_disconnected
                0x80013f84        0xc /usr/local/devkitpro/libogc/lib/wii/libwiiuse.a(wiiboard.o)
                0x80013f84                wii_board_disconnected
 .text.wii_board_event
                0x80013f90       0x54 /usr/local/devkitpro/libogc/lib/wii/libwiiuse.a(wiiboard.o)
                0x80013f90                wii_board_event
 .text.wiiuse_send_next_command.part.0
                0x80013fe4       0x44 /usr/local/devkitpro/libogc/lib/wii/libwiiuse.a(wiiuse.o)
 .text.wiiuse_send_next_command
                0x80014028       0x18 /usr/local/devkitpro/libogc/lib/wii/libwiiuse.a(wiiuse.o)
                0x80014028                wiiuse_send_next_command
 .text.wiiuse_init
                0x80014040      0x208 /usr/local/devkitpro/libogc/lib/wii/libwiiuse.a(wiiuse.o)
                0x80014040                wiiuse_init
 .text.wiiuse_set_flags
                0x80014248       0x2c /usr/local/devkitpro/libogc/lib/wii/libwiiuse.a(wiiuse.o)
                0x80014248                wiiuse_set_flags
 .text.wiiuse_read_data
                0x80014274      0x14c /usr/local/devkitpro/libogc/lib/wii/libwiiuse.a(wiiuse.o)
                0x80014274                wiiuse_read_data
 .text.wiiuse_write_data
                0x800143c0      0x180 /usr/local/devkitpro/libogc/lib/wii/libwiiuse.a(wiiuse.o)
                0x800143c0                wiiuse_write_data
 .text.wiiuse_sendcmd
                0x80014540      0x17c /usr/local/devkitpro/libogc/lib/wii/libwiiuse.a(wiiuse.o)
                0x80014540                wiiuse_sendcmd
 .text.wiiuse_set_report_type
                0x800146bc      0x144 /usr/local/devkitpro/libogc/lib/wii/libwiiuse.a(wiiuse.o)
                0x800146bc                wiiuse_set_report_type
 .text.wiiuse_motion_sensing
                0x80014800       0x84 /usr/local/devkitpro/libogc/lib/wii/libwiiuse.a(wiiuse.o)
                0x80014800                wiiuse_motion_sensing
 .text.wiiuse_status
                0x80014884       0x4c /usr/local/devkitpro/libogc/lib/wii/libwiiuse.a(wiiuse.o)
                0x80014884                wiiuse_status
 .text.wiiuse_set_leds
                0x800148d0       0x50 /usr/local/devkitpro/libogc/lib/wii/libwiiuse.a(wiiuse.o)
                0x800148d0                wiiuse_set_leds
 .text.wiiuse_set_speaker
                0x80014920      0x230 /usr/local/devkitpro/libogc/lib/wii/libwiiuse.a(speaker.o)
                0x80014920                wiiuse_set_speaker
 .text.classic_ctrl_handshake
                0x80014b50      0x304 /usr/local/devkitpro/libogc/lib/wii/libwiiuse.a(classic.o)
                0x80014b50                classic_ctrl_handshake
 .text.classic_ctrl_disconnected
                0x80014e54        0xc /usr/local/devkitpro/libogc/lib/wii/libwiiuse.a(classic.o)
                0x80014e54                classic_ctrl_disconnected
 .text.classic_ctrl_event
                0x80014e60      0x16c /usr/local/devkitpro/libogc/lib/wii/libwiiuse.a(classic.o)
                0x80014e60                classic_ctrl_event
 .text.handle_expansion
                0x80014fcc       0x54 /usr/local/devkitpro/libogc/lib/wii/libwiiuse.a(events.o)
 .text.parse_event
                0x80015020      0x748 /usr/local/devkitpro/libogc/lib/wii/libwiiuse.a(events.o)
                0x80015020                parse_event
 .text.guitar_hero_3_handshake
                0x80015768       0x5c /usr/local/devkitpro/libogc/lib/wii/libwiiuse.a(guitar_hero_3.o)
                0x80015768                guitar_hero_3_handshake
 .text.guitar_hero_3_disconnected
                0x800157c4        0xc /usr/local/devkitpro/libogc/lib/wii/libwiiuse.a(guitar_hero_3.o)
                0x800157c4                guitar_hero_3_disconnected
 .text.guitar_hero_3_event
                0x800157d0       0x6c /usr/local/devkitpro/libogc/lib/wii/libwiiuse.a(guitar_hero_3.o)
                0x800157d0                guitar_hero_3_event
 .text.acl_wlp_completed
                0x8001583c        0x8 /usr/local/devkitpro/libogc/lib/wii/libbte.a(bte.o)
                0x8001583c                acl_wlp_completed
 .text.bt_alarmhandler
                0x80015844       0x60 /usr/local/devkitpro/libogc/lib/wii/libbte.a(bte.o)
 .text.__bte_send_pending_request
                0x800158a4      0x104 /usr/local/devkitpro/libogc/lib/wii/libbte.a(bte.o)
 .text.acl_conn_complete
                0x800159a8       0x2c /usr/local/devkitpro/libogc/lib/wii/libbte.a(bte.o)
                0x800159a8                acl_conn_complete
 .text.bte_process_input
                0x800159d4      0x148 /usr/local/devkitpro/libogc/lib/wii/libbte.a(bte.o)
 .text.l2cap_disconnect_cfm
                0x80015b1c      0x19c /usr/local/devkitpro/libogc/lib/wii/libbte.a(bte.o)
                0x80015b1c                l2cap_disconnect_cfm
 .text.l2cap_accepted
                0x80015cb8      0x128 /usr/local/devkitpro/libogc/lib/wii/libbte.a(bte.o)
                0x80015cb8                l2cap_accepted
 .text.l2cap_disconnected_ind
                0x80015de0      0x1a4 /usr/local/devkitpro/libogc/lib/wii/libbte.a(bte.o)
                0x80015de0                l2cap_disconnected_ind
 .text.bte_hci_apply_patch_complete
                0x80015f84      0x160 /usr/local/devkitpro/libogc/lib/wii/libbte.a(bte.o)
                0x80015f84                bte_hci_apply_patch_complete
 .text.__bte_shutdown_finished
                0x800160e4       0xd0 /usr/local/devkitpro/libogc/lib/wii/libbte.a(bte.o)
 .text.bte_hci_patch_complete
                0x800161b4      0x378 /usr/local/devkitpro/libogc/lib/wii/libbte.a(bte.o)
                0x800161b4                bte_hci_patch_complete
 .text.bte_hci_initcore_complete
                0x8001652c      0x28c /usr/local/devkitpro/libogc/lib/wii/libbte.a(bte.o)
                0x8001652c                bte_hci_initcore_complete
 .text.bte_read_stored_link_key_complete
                0x800167b8      0x26c /usr/local/devkitpro/libogc/lib/wii/libbte.a(bte.o)
                0x800167b8                bte_read_stored_link_key_complete
 .text.bte_hci_initcore_complete2
                0x80016a24      0x244 /usr/local/devkitpro/libogc/lib/wii/libbte.a(bte.o)
 .text.bte_hci_initsub_complete
                0x80016c68      0x2b8 /usr/local/devkitpro/libogc/lib/wii/libbte.a(bte.o)
                0x80016c68                bte_hci_initsub_complete
 .text.BTE_Init
                0x80016f20      0x138 /usr/local/devkitpro/libogc/lib/wii/libbte.a(bte.o)
                0x80016f20                BTE_Init
 .text.BTE_Shutdown
                0x80017058      0x100 /usr/local/devkitpro/libogc/lib/wii/libbte.a(bte.o)
                0x80017058                BTE_Shutdown
 .text.BTE_InitCore
                0x80017158       0x90 /usr/local/devkitpro/libogc/lib/wii/libbte.a(bte.o)
                0x80017158                BTE_InitCore
 .text.BTE_ApplyPatch
                0x800171e8       0xa8 /usr/local/devkitpro/libogc/lib/wii/libbte.a(bte.o)
                0x800171e8                BTE_ApplyPatch
 .text.BTE_InitSub
                0x80017290       0x94 /usr/local/devkitpro/libogc/lib/wii/libbte.a(bte.o)
                0x80017290                BTE_InitSub
 .text.BTE_ReadStoredLinkKey
                0x80017324       0x94 /usr/local/devkitpro/libogc/lib/wii/libbte.a(bte.o)
                0x80017324                BTE_ReadStoredLinkKey
 .text.BTE_SetDisconnectCallback
                0x800173b8        0x4 /usr/local/devkitpro/libogc/lib/wii/libbte.a(bte.o)
                0x800173b8                BTE_SetDisconnectCallback
 .text.bte_new  0x800173bc       0x54 /usr/local/devkitpro/libogc/lib/wii/libbte.a(bte.o)
                0x800173bc                bte_new
 .text.bte_registerdeviceasync
                0x80017410      0x15c /usr/local/devkitpro/libogc/lib/wii/libbte.a(bte.o)
                0x80017410                bte_registerdeviceasync
 .text.bte_disconnect
                0x8001756c       0xd8 /usr/local/devkitpro/libogc/lib/wii/libbte.a(bte.o)
                0x8001756c                bte_disconnect
 .text.bte_senddata
                0x80017644       0xdc /usr/local/devkitpro/libogc/lib/wii/libbte.a(bte.o)
                0x80017644                bte_senddata
 .text.bte_arg  0x80017720       0x38 /usr/local/devkitpro/libogc/lib/wii/libbte.a(bte.o)
                0x80017720                bte_arg
 .text.bte_received
                0x80017758       0x38 /usr/local/devkitpro/libogc/lib/wii/libbte.a(bte.o)
                0x80017758                bte_received
 .text.bte_disconnected
                0x80017790       0x38 /usr/local/devkitpro/libogc/lib/wii/libbte.a(bte.o)
                0x80017790                bte_disconnected
 .text.hci_get_link
                0x800177c8       0x84 /usr/local/devkitpro/libogc/lib/wii/libbte.a(hci.o)
 .text.hci_init
                0x8001784c       0x7c /usr/local/devkitpro/libogc/lib/wii/libbte.a(hci.o)
                0x8001784c                hci_init
 .text.hci_new  0x800178c8       0x48 /usr/local/devkitpro/libogc/lib/wii/libbte.a(hci.o)
                0x800178c8                hci_new
 .text.hci_close
                0x80017910       0xd0 /usr/local/devkitpro/libogc/lib/wii/libbte.a(hci.o)
                0x80017910                hci_close
 .text.hci_reset_all
                0x800179e0       0xbc /usr/local/devkitpro/libogc/lib/wii/libbte.a(hci.o)
                0x800179e0                hci_reset_all
 .text.hci_arg  0x80017a9c        0xc /usr/local/devkitpro/libogc/lib/wii/libbte.a(hci.o)
                0x80017a9c                hci_arg
 .text.hci_cmd_complete
                0x80017aa8        0xc /usr/local/devkitpro/libogc/lib/wii/libbte.a(hci.o)
                0x80017aa8                hci_cmd_complete
 .text.hci_connection_complete
                0x80017ab4        0xc /usr/local/devkitpro/libogc/lib/wii/libbte.a(hci.o)
                0x80017ab4                hci_connection_complete
 .text.hci_wlp_complete
                0x80017ac0        0xc /usr/local/devkitpro/libogc/lib/wii/libbte.a(hci.o)
                0x80017ac0                hci_wlp_complete
 .text.hci_reset
                0x80017acc       0xa8 /usr/local/devkitpro/libogc/lib/wii/libbte.a(hci.o)
                0x80017acc                hci_reset
 .text.hci_read_buffer_size
                0x80017b74       0xa8 /usr/local/devkitpro/libogc/lib/wii/libbte.a(hci.o)
                0x80017b74                hci_read_buffer_size
 .text.hci_read_bd_addr
                0x80017c1c       0xa8 /usr/local/devkitpro/libogc/lib/wii/libbte.a(hci.o)
                0x80017c1c                hci_read_bd_addr
 .text.hci_read_local_version
                0x80017cc4       0xa4 /usr/local/devkitpro/libogc/lib/wii/libbte.a(hci.o)
                0x80017cc4                hci_read_local_version
 .text.hci_read_local_features
                0x80017d68       0xa8 /usr/local/devkitpro/libogc/lib/wii/libbte.a(hci.o)
                0x80017d68                hci_read_local_features
 .text.hci_read_stored_link_key
                0x80017e10       0xfc /usr/local/devkitpro/libogc/lib/wii/libbte.a(hci.o)
                0x80017e10                hci_read_stored_link_key
 .text.hci_write_page_timeout
                0x80017f0c       0xcc /usr/local/devkitpro/libogc/lib/wii/libbte.a(hci.o)
                0x80017f0c                hci_write_page_timeout
 .text.hci_write_scan_enable
                0x80017fd8       0xb8 /usr/local/devkitpro/libogc/lib/wii/libbte.a(hci.o)
                0x80017fd8                hci_write_scan_enable
 .text.hci_accecpt_conn_request
                0x80018090       0xdc /usr/local/devkitpro/libogc/lib/wii/libbte.a(hci.o)
                0x80018090                hci_accecpt_conn_request
 .text.hci_write_local_name
                0x8001816c       0xd4 /usr/local/devkitpro/libogc/lib/wii/libbte.a(hci.o)
                0x8001816c                hci_write_local_name
 .text.hci_write_pin_type
                0x80018240       0xb8 /usr/local/devkitpro/libogc/lib/wii/libbte.a(hci.o)
                0x80018240                hci_write_pin_type
 .text.hci_write_inquiry_mode
                0x800182f8       0xb8 /usr/local/devkitpro/libogc/lib/wii/libbte.a(hci.o)
                0x800182f8                hci_write_inquiry_mode
 .text.hci_write_page_scan_type
                0x800183b0       0xb8 /usr/local/devkitpro/libogc/lib/wii/libbte.a(hci.o)
                0x800183b0                hci_write_page_scan_type
 .text.hci_write_inquiry_scan_type
                0x80018468       0xb8 /usr/local/devkitpro/libogc/lib/wii/libbte.a(hci.o)
                0x80018468                hci_write_inquiry_scan_type
 .text.hci_vendor_specific_command
                0x80018520       0xe4 /usr/local/devkitpro/libogc/lib/wii/libbte.a(hci.o)
                0x80018520                hci_vendor_specific_command
 .text.hci_write_link_policy_settings
                0x80018604      0x100 /usr/local/devkitpro/libogc/lib/wii/libbte.a(hci.o)
                0x80018604                hci_write_link_policy_settings
 .text.hci_pin_code_request_neg_reply
                0x80018704       0xc8 /usr/local/devkitpro/libogc/lib/wii/libbte.a(hci.o)
                0x80018704                hci_pin_code_request_neg_reply
 .text.hci_link_key_req_neg_reply
                0x800187cc       0xc8 /usr/local/devkitpro/libogc/lib/wii/libbte.a(hci.o)
                0x800187cc                hci_link_key_req_neg_reply
 .text.hci_disconnect
                0x80018894       0xf8 /usr/local/devkitpro/libogc/lib/wii/libbte.a(hci.o)
                0x80018894                hci_disconnect
 .text.hci_write_cod
                0x8001898c       0xc8 /usr/local/devkitpro/libogc/lib/wii/libbte.a(hci.o)
                0x8001898c                hci_write_cod
 .text.hci_host_buffer_size
                0x80018a54      0x108 /usr/local/devkitpro/libogc/lib/wii/libbte.a(hci.o)
                0x80018a54                hci_host_buffer_size
 .text.hci_host_num_comp_packets
                0x80018b5c      0x104 /usr/local/devkitpro/libogc/lib/wii/libbte.a(hci.o)
                0x80018b5c                hci_host_num_comp_packets
 .text.lp_pdu_maxsize
                0x80018c60        0xc /usr/local/devkitpro/libogc/lib/wii/libbte.a(hci.o)
                0x80018c60                lp_pdu_maxsize
 .text.lp_acl_write
                0x80018c6c      0x154 /usr/local/devkitpro/libogc/lib/wii/libbte.a(hci.o)
                0x80018c6c                lp_acl_write
 .text.lp_write_flush_timeout
                0x80018dc0      0x100 /usr/local/devkitpro/libogc/lib/wii/libbte.a(hci.o)
                0x80018dc0                lp_write_flush_timeout
 .text.hci_event_handler
                0x80018ec0      0xbf4 /usr/local/devkitpro/libogc/lib/wii/libbte.a(hci.o)
                0x80018ec0                hci_event_handler
 .text.hci_acldata_handler
                0x80019ab4      0x12c /usr/local/devkitpro/libogc/lib/wii/libbte.a(hci.o)
                0x80019ab4                hci_acldata_handler
 .text.l2cap_init
                0x80019be0       0x60 /usr/local/devkitpro/libogc/lib/wii/libbte.a(l2cap.o)
                0x80019be0                l2cap_init
 .text.l2cap_write
                0x80019c40      0x1a8 /usr/local/devkitpro/libogc/lib/wii/libbte.a(l2cap.o)
                0x80019c40                l2cap_write
 .text.l2cap_new
                0x80019de8       0x6c /usr/local/devkitpro/libogc/lib/wii/libbte.a(l2cap.o)
                0x80019de8                l2cap_new
 .text.l2cap_close
                0x80019e54      0x1d4 /usr/local/devkitpro/libogc/lib/wii/libbte.a(l2cap.o)
                0x80019e54                l2cap_close
 .text.l2cap_reset_all
                0x8001a028      0x154 /usr/local/devkitpro/libogc/lib/wii/libbte.a(l2cap.o)
                0x8001a028                l2cap_reset_all
 .text.l2cap_signal
                0x8001a17c      0x210 /usr/local/devkitpro/libogc/lib/wii/libbte.a(l2cap.o)
                0x8001a17c                l2cap_signal
 .text.l2ca_config_req
                0x8001a38c      0x160 /usr/local/devkitpro/libogc/lib/wii/libbte.a(l2cap.o)
                0x8001a38c                l2ca_config_req
 .text.l2ca_disconnect_req
                0x8001a4ec       0xc4 /usr/local/devkitpro/libogc/lib/wii/libbte.a(l2cap.o)
                0x8001a4ec                l2ca_disconnect_req
 .text.l2cap_tmr
                0x8001a5b0      0x260 /usr/local/devkitpro/libogc/lib/wii/libbte.a(l2cap.o)
                0x8001a5b0                l2cap_tmr
 .text.l2cap_process_sig
                0x8001a810     0x11d0 /usr/local/devkitpro/libogc/lib/wii/libbte.a(l2cap.o)
                0x8001a810                l2cap_process_sig
 .text.l2cap_input
                0x8001b9e0      0x5ac /usr/local/devkitpro/libogc/lib/wii/libbte.a(l2cap.o)
                0x8001b9e0                l2cap_input
 .text.l2ca_datawrite
                0x8001bf8c      0x118 /usr/local/devkitpro/libogc/lib/wii/libbte.a(l2cap.o)
                0x8001bf8c                l2ca_datawrite
 .text.lp_connect_cfm
                0x8001c0a4      0x184 /usr/local/devkitpro/libogc/lib/wii/libbte.a(l2cap.o)
                0x8001c0a4                lp_connect_cfm
 .text.lp_connect_ind
                0x8001c228        0x4 /usr/local/devkitpro/libogc/lib/wii/libbte.a(l2cap.o)
                0x8001c228                lp_connect_ind
 .text.lp_disconnect_ind
                0x8001c22c      0x12c /usr/local/devkitpro/libogc/lib/wii/libbte.a(l2cap.o)
                0x8001c22c                lp_disconnect_ind
 .text.l2cap_disconnect_bb
                0x8001c358       0x10 /usr/local/devkitpro/libogc/lib/wii/libbte.a(l2cap.o)
                0x8001c358                l2cap_disconnect_bb
 .text.l2cap_arg
                0x8001c368        0x8 /usr/local/devkitpro/libogc/lib/wii/libbte.a(l2cap.o)
                0x8001c368                l2cap_arg
 .text.l2cap_connect_ind
                0x8001c370      0x100 /usr/local/devkitpro/libogc/lib/wii/libbte.a(l2cap.o)
                0x8001c370                l2cap_connect_ind
 .text.l2cap_disconnect_ind
                0x8001c470        0x8 /usr/local/devkitpro/libogc/lib/wii/libbte.a(l2cap.o)
                0x8001c470                l2cap_disconnect_ind
 .text.l2cap_recv
                0x8001c478        0x8 /usr/local/devkitpro/libogc/lib/wii/libbte.a(l2cap.o)
                0x8001c478                l2cap_recv
 .text.btmemb_init
                0x8001c480       0x24 /usr/local/devkitpro/libogc/lib/wii/libbte.a(btmemb.o)
                0x8001c480                btmemb_init
 .text.btmemb_alloc
                0x8001c4a4       0xa8 /usr/local/devkitpro/libogc/lib/wii/libbte.a(btmemb.o)
                0x8001c4a4                btmemb_alloc
 .text.btmemb_free
                0x8001c54c       0xa8 /usr/local/devkitpro/libogc/lib/wii/libbte.a(btmemb.o)
                0x8001c54c                btmemb_free
 .text.plug_holes
                0x8001c5f4       0xb8 /usr/local/devkitpro/libogc/lib/wii/libbte.a(btmemr.o)
 .text.btmemr_free.part.0
                0x8001c6ac       0x78 /usr/local/devkitpro/libogc/lib/wii/libbte.a(btmemr.o)
 .text.btmemr_init
                0x8001c724       0x98 /usr/local/devkitpro/libogc/lib/wii/libbte.a(btmemr.o)
                0x8001c724                btmemr_init
 .text.btmemr_malloc
                0x8001c7bc      0x178 /usr/local/devkitpro/libogc/lib/wii/libbte.a(btmemr.o)
                0x8001c7bc                btmemr_malloc
 .text.btmemr_free
                0x8001c934       0x28 /usr/local/devkitpro/libogc/lib/wii/libbte.a(btmemr.o)
                0x8001c934                btmemr_free
 .text.btmemr_realloc
                0x8001c95c      0x10c /usr/local/devkitpro/libogc/lib/wii/libbte.a(btmemr.o)
                0x8001c95c                btmemr_realloc
 .text.btpbuf_cat.part.0
                0x8001ca68       0x68 /usr/local/devkitpro/libogc/lib/wii/libbte.a(btpbuf.o)
 .text.btpbuf_init
                0x8001cad0       0x28 /usr/local/devkitpro/libogc/lib/wii/libbte.a(btpbuf.o)
                0x8001cad0                btpbuf_init
 .text.btpbuf_free
                0x8001caf8      0x124 /usr/local/devkitpro/libogc/lib/wii/libbte.a(btpbuf.o)
                0x8001caf8                btpbuf_free
 .text.btpbuf_alloc
                0x8001cc1c      0x25c /usr/local/devkitpro/libogc/lib/wii/libbte.a(btpbuf.o)
                0x8001cc1c                btpbuf_alloc
 .text.btpbuf_realloc
                0x8001ce78       0xec /usr/local/devkitpro/libogc/lib/wii/libbte.a(btpbuf.o)
                0x8001ce78                btpbuf_realloc
 .text.btpbuf_header
                0x8001cf64       0x90 /usr/local/devkitpro/libogc/lib/wii/libbte.a(btpbuf.o)
                0x8001cf64                btpbuf_header
 .text.btpbuf_ref
                0x8001cff4       0x48 /usr/local/devkitpro/libogc/lib/wii/libbte.a(btpbuf.o)
                0x8001cff4                btpbuf_ref
 .text.btpbuf_chain
                0x8001d03c       0x8c /usr/local/devkitpro/libogc/lib/wii/libbte.a(btpbuf.o)
                0x8001d03c                btpbuf_chain
 .text.btpbuf_dechain
                0x8001d0c8       0x7c /usr/local/devkitpro/libogc/lib/wii/libbte.a(btpbuf.o)
                0x8001d0c8                btpbuf_dechain
 .text.btpbuf_take
                0x8001d144      0x13c /usr/local/devkitpro/libogc/lib/wii/libbte.a(btpbuf.o)
                0x8001d144                btpbuf_take
 .text.__usb_closeCB
                0x8001d280       0x10 /usr/local/devkitpro/libogc/lib/wii/libbte.a(physbusif.o)
 .text.__writebulkmsgCB
                0x8001d290       0x3c /usr/local/devkitpro/libogc/lib/wii/libbte.a(physbusif.o)
 .text.__writectrlmsgCB
                0x8001d2cc       0x3c /usr/local/devkitpro/libogc/lib/wii/libbte.a(physbusif.o)
 .text.__issue_intrread.part.0
                0x8001d308       0x80 /usr/local/devkitpro/libogc/lib/wii/libbte.a(physbusif.o)
 .text.__readintrdataCB
                0x8001d388      0x150 /usr/local/devkitpro/libogc/lib/wii/libbte.a(physbusif.o)
 .text.__issue_bulkread.part.2
                0x8001d4d8       0x80 /usr/local/devkitpro/libogc/lib/wii/libbte.a(physbusif.o)
 .text.__readbulkdataCB
                0x8001d558      0x150 /usr/local/devkitpro/libogc/lib/wii/libbte.a(physbusif.o)
 .text.physbusif_init
                0x8001d6a8      0x1dc /usr/local/devkitpro/libogc/lib/wii/libbte.a(physbusif.o)
                0x8001d6a8                physbusif_init
 .text.physbusif_close
                0x8001d884       0x20 /usr/local/devkitpro/libogc/lib/wii/libbte.a(physbusif.o)
                0x8001d884                physbusif_close
 .text.physbusif_shutdown
                0x8001d8a4       0x24 /usr/local/devkitpro/libogc/lib/wii/libbte.a(physbusif.o)
                0x8001d8a4                physbusif_shutdown
 .text.physbusif_reset_all
                0x8001d8c8        0x4 /usr/local/devkitpro/libogc/lib/wii/libbte.a(physbusif.o)
                0x8001d8c8                physbusif_reset_all
 .text.physbusif_output
                0x8001d8cc      0x1b4 /usr/local/devkitpro/libogc/lib/wii/libbte.a(physbusif.o)
                0x8001d8cc                physbusif_output
 .text.__console_clear_line
                0x8001da80       0x84 /usr/local/devkitpro/libogc/lib/wii/libogc.a(console.o)
 .text.__console_clear
                0x8001db04       0x54 /usr/local/devkitpro/libogc/lib/wii/libogc.a(console.o)
 .text.__console_write
                0x8001db58      0x708 /usr/local/devkitpro/libogc/lib/wii/libogc.a(console.o)
                0x8001db58                __console_write
 .text.__console_init
                0x8001e260      0x108 /usr/local/devkitpro/libogc/lib/wii/libogc.a(console.o)
                0x8001e260                __console_init
 .text.CON_Init
                0x8001e368        0x4 /usr/local/devkitpro/libogc/lib/wii/libogc.a(console.o)
                0x8001e368                CON_Init
 .text.CON_EnableGecko
                0x8001e36c      0x100 /usr/local/devkitpro/libogc/lib/wii/libogc.a(console.o)
                0x8001e36c                CON_EnableGecko
 .text.__lwp_queue_initialize
                0x8001e46c       0x60 /usr/local/devkitpro/libogc/lib/wii/libogc.a(lwp_queue.o)
                0x8001e46c                __lwp_queue_initialize
 .text.__lwp_queue_get
                0x8001e4cc       0x74 /usr/local/devkitpro/libogc/lib/wii/libogc.a(lwp_queue.o)
                0x8001e4cc                __lwp_queue_get
 .text.__lwp_queue_append
                0x8001e540       0x4c /usr/local/devkitpro/libogc/lib/wii/libogc.a(lwp_queue.o)
                0x8001e540                __lwp_queue_append
 .text.__lwp_isr_in_progress
                0x8001e58c        0x8 /usr/local/devkitpro/libogc/lib/wii/libogc.a(lwp_threads.o)
                0x8001e58c                __lwp_isr_in_progress
 .text.__thread_dispatch_fp
                0x8001e594       0x88 /usr/local/devkitpro/libogc/lib/wii/libogc.a(lwp_threads.o)
                0x8001e594                __thread_dispatch_fp
 .text.__thread_dispatch
                0x8001e61c      0x110 /usr/local/devkitpro/libogc/lib/wii/libogc.a(lwp_threads.o)
                0x8001e61c                __thread_dispatch
 .text.__lwp_thread_resettimeslice
                0x8001e72c       0xec /usr/local/devkitpro/libogc/lib/wii/libogc.a(lwp_threads.o)
                0x8001e72c                __lwp_thread_resettimeslice
 .text.__lwp_thread_tickle_timeslice
                0x8001e818       0xcc /usr/local/devkitpro/libogc/lib/wii/libogc.a(lwp_threads.o)
                0x8001e818                __lwp_thread_tickle_timeslice
 .text.__lwp_thread_setstate
                0x8001e8e4      0x178 /usr/local/devkitpro/libogc/lib/wii/libogc.a(lwp_threads.o)
                0x8001e8e4                __lwp_thread_setstate
 .text.__lwp_thread_clearstate
                0x8001ea5c       0xe4 /usr/local/devkitpro/libogc/lib/wii/libogc.a(lwp_threads.o)
                0x8001ea5c                __lwp_thread_clearstate
 .text.__lwp_thread_delayended
                0x8001eb40       0x48 /usr/local/devkitpro/libogc/lib/wii/libogc.a(lwp_threads.o)
                0x8001eb40                __lwp_thread_delayended
 .text.__lwp_thread_settransient
                0x8001eb88       0xb4 /usr/local/devkitpro/libogc/lib/wii/libogc.a(lwp_threads.o)
                0x8001eb88                __lwp_thread_settransient
 .text.__lwp_thread_changepriority
                0x8001ec3c      0x1f8 /usr/local/devkitpro/libogc/lib/wii/libogc.a(lwp_threads.o)
                0x8001ec3c                __lwp_thread_changepriority
 .text.__lwp_thread_ready
                0x8001ee34       0xf4 /usr/local/devkitpro/libogc/lib/wii/libogc.a(lwp_threads.o)
                0x8001ee34                __lwp_thread_ready
 .text.__lwp_thread_init
                0x8001ef28      0x180 /usr/local/devkitpro/libogc/lib/wii/libogc.a(lwp_threads.o)
                0x8001ef28                __lwp_thread_init
 .text.__lwp_thread_close
                0x8001f0a8      0x130 /usr/local/devkitpro/libogc/lib/wii/libogc.a(lwp_threads.o)
                0x8001f0a8                __lwp_thread_close
 .text.__lwp_thread_closeall
                0x8001f1d8       0xb8 /usr/local/devkitpro/libogc/lib/wii/libogc.a(lwp_threads.o)
                0x8001f1d8                __lwp_thread_closeall
 .text.__lwp_thread_exit
                0x8001f290       0x5c /usr/local/devkitpro/libogc/lib/wii/libogc.a(lwp_threads.o)
                0x8001f290                __lwp_thread_exit
 .text.__lwp_thread_handler
                0x8001f2ec       0xb4 /usr/local/devkitpro/libogc/lib/wii/libogc.a(lwp_threads.o)
 .text.__lwp_thread_start
                0x8001f3a0       0xd4 /usr/local/devkitpro/libogc/lib/wii/libogc.a(lwp_threads.o)
                0x8001f3a0                __lwp_thread_start
 .text.__lwp_thread_startmultitasking
                0x8001f474       0xb0 /usr/local/devkitpro/libogc/lib/wii/libogc.a(lwp_threads.o)
                0x8001f474                __lwp_thread_startmultitasking
 .text.__lwp_thread_stopmultitasking
                0x8001f524       0x58 /usr/local/devkitpro/libogc/lib/wii/libogc.a(lwp_threads.o)
                0x8001f524                __lwp_thread_stopmultitasking
 .text.__lwp_thread_coreinit
                0x8001f57c       0xb0 /usr/local/devkitpro/libogc/lib/wii/libogc.a(lwp_threads.o)
                0x8001f57c                __lwp_thread_coreinit
 .text.idle_func
                0x8001f62c        0x4 /usr/local/devkitpro/libogc/lib/wii/libogc.a(lwp.o)
 .text.__lwp_sysinit
                0x8001f630      0x118 /usr/local/devkitpro/libogc/lib/wii/libogc.a(lwp.o)
                0x8001f630                __lwp_sysinit
 .text.LWP_InitQueue
                0x8001f748      0x150 /usr/local/devkitpro/libogc/lib/wii/libogc.a(lwp.o)
                0x8001f748                LWP_InitQueue
 .text.LWP_CloseQueue
                0x8001f898       0xd4 /usr/local/devkitpro/libogc/lib/wii/libogc.a(lwp.o)
                0x8001f898                LWP_CloseQueue
 .text.LWP_ThreadSleep
                0x8001f96c      0x110 /usr/local/devkitpro/libogc/lib/wii/libogc.a(lwp.o)
                0x8001f96c                LWP_ThreadSleep
 .text.LWP_ThreadBroadcast
                0x8001fa7c       0x88 /usr/local/devkitpro/libogc/lib/wii/libogc.a(lwp.o)
                0x8001fa7c                LWP_ThreadBroadcast
 .text.LWP_ThreadSignal
                0x8001fb04       0x74 /usr/local/devkitpro/libogc/lib/wii/libogc.a(lwp.o)
                0x8001fb04                LWP_ThreadSignal
 .text.__lwp_stack_allocate
                0x8001fb78       0x60 /usr/local/devkitpro/libogc/lib/wii/libogc.a(lwp_stack.o)
                0x8001fb78                __lwp_stack_allocate
 .text.__lwp_stack_free
                0x8001fbd8       0x1c /usr/local/devkitpro/libogc/lib/wii/libogc.a(lwp_stack.o)
                0x8001fbd8                __lwp_stack_free
 .text.__lwp_wd_settimer.isra.4
                0x8001fbf4       0xd8 /usr/local/devkitpro/libogc/lib/wii/libogc.a(lwp_watchdog.o)
 .text.__lwp_watchdog_init
                0x8001fccc       0x2c /usr/local/devkitpro/libogc/lib/wii/libogc.a(lwp_watchdog.o)
                0x8001fccc                __lwp_watchdog_init
 .text.__lwp_wd_insert
                0x8001fcf8      0x1e4 /usr/local/devkitpro/libogc/lib/wii/libogc.a(lwp_watchdog.o)
                0x8001fcf8                __lwp_wd_insert
 .text.__lwp_wd_remove
                0x8001fedc      0x144 /usr/local/devkitpro/libogc/lib/wii/libogc.a(lwp_watchdog.o)
                0x8001fedc                __lwp_wd_remove
 .text.__lwp_wd_tickle
                0x80020020      0x120 /usr/local/devkitpro/libogc/lib/wii/libogc.a(lwp_watchdog.o)
                0x80020020                __lwp_wd_tickle
 .text.__lwp_wkspace_init
                0x80020140       0xc4 /usr/local/devkitpro/libogc/lib/wii/libogc.a(lwp_wkspace.o)
                0x80020140                __lwp_wkspace_init
 .text.__lwp_objmgr_initinfo
                0x80020204      0x1a4 /usr/local/devkitpro/libogc/lib/wii/libogc.a(lwp_objmgr.o)
                0x80020204                __lwp_objmgr_initinfo
 .text.__lwp_objmgr_getisrdisable
                0x800203a8       0x60 /usr/local/devkitpro/libogc/lib/wii/libogc.a(lwp_objmgr.o)
                0x800203a8                __lwp_objmgr_getisrdisable
 .text.__lwp_objmgr_getnoprotection
                0x80020408       0x24 /usr/local/devkitpro/libogc/lib/wii/libogc.a(lwp_objmgr.o)
                0x80020408                __lwp_objmgr_getnoprotection
 .text.__lwp_objmgr_get
                0x8002042c       0x70 /usr/local/devkitpro/libogc/lib/wii/libogc.a(lwp_objmgr.o)
                0x8002042c                __lwp_objmgr_get
 .text.__lwp_objmgr_allocate
                0x8002049c       0x88 /usr/local/devkitpro/libogc/lib/wii/libogc.a(lwp_objmgr.o)
                0x8002049c                __lwp_objmgr_allocate
 .text.__lwp_objmgr_free
                0x80020524       0x60 /usr/local/devkitpro/libogc/lib/wii/libogc.a(lwp_objmgr.o)
                0x80020524                __lwp_objmgr_free
 .text.__lwp_heap_init
                0x80020584       0xa8 /usr/local/devkitpro/libogc/lib/wii/libogc.a(lwp_heap.o)
                0x80020584                __lwp_heap_init
 .text.__lwp_heap_allocate
                0x8002062c      0x16c /usr/local/devkitpro/libogc/lib/wii/libogc.a(lwp_heap.o)
                0x8002062c                __lwp_heap_allocate
 .text.__lwp_heap_free
                0x80020798      0x188 /usr/local/devkitpro/libogc/lib/wii/libogc.a(lwp_heap.o)
                0x80020798                __lwp_heap_free
 .text.__SetInterrupts
                0x80020920      0x298 /usr/local/devkitpro/libogc/lib/wii/libogc.a(irq.o)
 .text.c_irqdispatcher
                0x80020bb8      0x280 /usr/local/devkitpro/libogc/lib/wii/libogc.a(irq.o)
                0x80020bb8                c_irqdispatcher
 .text.__UnmaskIrq
                0x80020e38       0x84 /usr/local/devkitpro/libogc/lib/wii/libogc.a(irq.o)
                0x80020e38                __UnmaskIrq
 .text.__MaskIrq
                0x80020ebc       0x84 /usr/local/devkitpro/libogc/lib/wii/libogc.a(irq.o)
                0x80020ebc                __MaskIrq
 .text.__irq_init
                0x80020f40       0x9c /usr/local/devkitpro/libogc/lib/wii/libogc.a(irq.o)
                0x80020f40                __irq_init
 .text.IRQ_Request
                0x80020fdc       0x50 /usr/local/devkitpro/libogc/lib/wii/libogc.a(irq.o)
                0x80020fdc                IRQ_Request
 .text.IRQ_GetHandler
                0x8002102c       0x44 /usr/local/devkitpro/libogc/lib/wii/libogc.a(irq.o)
                0x8002102c                IRQ_GetHandler
 .text.IRQ_Disable
                0x80021070       0x1c /usr/local/devkitpro/libogc/lib/wii/libogc.a(irq.o)
                0x80021070                IRQ_Disable
 .text.IRQ_Restore
                0x8002108c       0x1c /usr/local/devkitpro/libogc/lib/wii/libogc.a(irq.o)
                0x8002108c                IRQ_Restore
 .text.__VISendI2CData.constprop.2
                0x800210a8      0x420 /usr/local/devkitpro/libogc/lib/wii/libogc.a(video.o)
 .text.__VIWriteI2CRegister16
                0x800214c8       0x38 /usr/local/devkitpro/libogc/lib/wii/libogc.a(video.o)
 .text.__VIWriteI2CRegister8
                0x80021500       0x38 /usr/local/devkitpro/libogc/lib/wii/libogc.a(video.o)
 .text.__VISetYUVSEL
                0x80021538       0x68 /usr/local/devkitpro/libogc/lib/wii/libogc.a(video.o)
 .text.VIDEO_Configure
                0x800215a0      0x7c8 /usr/local/devkitpro/libogc/lib/wii/libogc.a(video.o)
                0x800215a0                VIDEO_Configure
 .text.VIDEO_WaitVSync
                0x80021d68       0x74 /usr/local/devkitpro/libogc/lib/wii/libogc.a(video.o)
                0x80021d68                VIDEO_WaitVSync
 .text.VIDEO_SetFramebuffer
                0x80021ddc      0x23c /usr/local/devkitpro/libogc/lib/wii/libogc.a(video.o)
                0x80021ddc                VIDEO_SetFramebuffer
 .text.VIDEO_SetNextFramebuffer
                0x80022018      0x1b4 /usr/local/devkitpro/libogc/lib/wii/libogc.a(video.o)
                0x80022018                VIDEO_SetNextFramebuffer
 .text.VIDEO_Flush
                0x800221cc      0x134 /usr/local/devkitpro/libogc/lib/wii/libogc.a(video.o)
                0x800221cc                VIDEO_Flush
 .text.VIDEO_SetBlack
                0x80022300      0x144 /usr/local/devkitpro/libogc/lib/wii/libogc.a(video.o)
                0x80022300                VIDEO_SetBlack
 .text.VIDEO_GetCurrentTvMode
                0x80022444       0x78 /usr/local/devkitpro/libogc/lib/wii/libogc.a(video.o)
                0x80022444                VIDEO_GetCurrentTvMode
 .text.__VIRetraceHandler
                0x800224bc      0x294 /usr/local/devkitpro/libogc/lib/wii/libogc.a(video.o)
 .text.__VISetupEncoder
                0x80022750      0x1fc /usr/local/devkitpro/libogc/lib/wii/libogc.a(video.o)
 .text.VIDEO_Init
                0x8002294c      0x4e0 /usr/local/devkitpro/libogc/lib/wii/libogc.a(video.o)
                0x8002294c                VIDEO_Init
 .text.VIDEO_GetPreferredMode
                0x80022e2c      0x100 /usr/local/devkitpro/libogc/lib/wii/libogc.a(video.o)
                0x80022e2c                VIDEO_GetPreferredMode
 .text.VIDEO_GetCurrentLine
                0x80022f2c       0x9c /usr/local/devkitpro/libogc/lib/wii/libogc.a(video.o)
                0x80022f2c                VIDEO_GetCurrentLine
 .text.VIDEO_GetFrameBufferSize
                0x80022fc8       0x30 /usr/local/devkitpro/libogc/lib/wii/libogc.a(video.o)
                0x80022fc8                VIDEO_GetFrameBufferSize
 .text.__lwp_mutex_locksupp.constprop.8
                0x80022ff8      0x294 /usr/local/devkitpro/libogc/lib/wii/libogc.a(mutex.o)
 .text.__lwp_mutex_init
                0x8002328c       0x14 /usr/local/devkitpro/libogc/lib/wii/libogc.a(mutex.o)
                0x8002328c                __lwp_mutex_init
 .text.LWP_MutexInit
                0x800232a0       0xe4 /usr/local/devkitpro/libogc/lib/wii/libogc.a(mutex.o)
                0x800232a0                LWP_MutexInit
 .text.LWP_MutexDestroy
                0x80023384       0xf0 /usr/local/devkitpro/libogc/lib/wii/libogc.a(mutex.o)
                0x80023384                LWP_MutexDestroy
 .text.LWP_MutexLock
                0x80023474        0x8 /usr/local/devkitpro/libogc/lib/wii/libogc.a(mutex.o)
                0x80023474                LWP_MutexLock
 .text.LWP_MutexUnlock
                0x8002347c       0x9c /usr/local/devkitpro/libogc/lib/wii/libogc.a(mutex.o)
                0x8002347c                LWP_MutexUnlock
 .text.__call_resetfuncs
                0x80023518       0xbc /usr/local/devkitpro/libogc/lib/wii/libogc.a(system.o)
 .text.__MEMInterruptHandler
                0x800235d4       0x14 /usr/local/devkitpro/libogc/lib/wii/libogc.a(system.o)
 .text.__RSWDefaultHandler
                0x800235e8        0x4 /usr/local/devkitpro/libogc/lib/wii/libogc.a(system.o)
 .text.__POWDefaultHandler
                0x800235ec        0x4 /usr/local/devkitpro/libogc/lib/wii/libogc.a(system.o)
 .text.__sram_write
                0x800235f0      0x128 /usr/local/devkitpro/libogc/lib/wii/libogc.a(system.o)
 .text.__unlocksram
                0x80023718      0x17c /usr/local/devkitpro/libogc/lib/wii/libogc.a(system.o)
 .text.__sram_writecallback
                0x80023894       0x54 /usr/local/devkitpro/libogc/lib/wii/libogc.a(system.o)
 .text.__mem_onreset
                0x800238e8       0x48 /usr/local/devkitpro/libogc/lib/wii/libogc.a(system.o)
 .text.__sys_alarmhandler
                0x80023930       0xf0 /usr/local/devkitpro/libogc/lib/wii/libogc.a(system.o)
 .text.__STMEventHandler
                0x80023a20      0x104 /usr/local/devkitpro/libogc/lib/wii/libogc.a(system.o)
 .text.__sram_read.constprop.11
                0x80023b24      0x140 /usr/local/devkitpro/libogc/lib/wii/libogc.a(system.o)
 .text.__SYS_GetIPCBufferLo
                0x80023c64        0x8 /usr/local/devkitpro/libogc/lib/wii/libogc.a(system.o)
                0x80023c64                __SYS_GetIPCBufferLo
 .text.__SYS_GetIPCBufferHi
                0x80023c6c        0x8 /usr/local/devkitpro/libogc/lib/wii/libogc.a(system.o)
                0x80023c6c                __SYS_GetIPCBufferHi
 .text.__SYS_DoPowerCB
                0x80023c74       0x74 /usr/local/devkitpro/libogc/lib/wii/libogc.a(system.o)
                0x80023c74                __SYS_DoPowerCB
 .text.__SYS_PreInit
                0x80023ce8        0x4 /usr/local/devkitpro/libogc/lib/wii/libogc.a(system.o)
                0x80023ce8                __SYS_PreInit
 .text.SYS_PreMain
                0x80023cec       0x54 /usr/local/devkitpro/libogc/lib/wii/libogc.a(system.o)
                0x80023cec                SYS_PreMain
 .text.SYS_ResetButtonDown
                0x80023d40       0x18 /usr/local/devkitpro/libogc/lib/wii/libogc.a(system.o)
                0x80023d40                SYS_ResetButtonDown
 .text.SYS_ResetSystem
                0x80023d58      0x214 /usr/local/devkitpro/libogc/lib/wii/libogc.a(system.o)
                0x80023d58                SYS_ResetSystem
 .text.__reload
                0x80023f6c       0x80 /usr/local/devkitpro/libogc/lib/wii/libogc.a(system.o)
                0x80023f6c                __reload
 .text.__libogc_exit
                0x80023fec       0x88 /usr/local/devkitpro/libogc/lib/wii/libogc.a(system.o)
                0x80023fec                __libogc_exit
 .text.SYS_RegisterResetFunc
                0x80024074       0x78 /usr/local/devkitpro/libogc/lib/wii/libogc.a(system.o)
                0x80024074                SYS_RegisterResetFunc
 .text.SYS_Init
                0x800240ec      0x690 /usr/local/devkitpro/libogc/lib/wii/libogc.a(system.o)
                0x800240ec                SYS_Init
 .text.SYS_SetArena1Lo
                0x8002477c       0x38 /usr/local/devkitpro/libogc/lib/wii/libogc.a(system.o)
                0x8002477c                SYS_SetArena1Lo